 plagiarism

 Timestamp is 5c5da589 (Fri Feb  8 23:51:37 2019)

 Preferred load address is 0000000180000000

 Start         Length     Name                   Class
 0001:00000000 00015760H .text$mn                CODE
 0001:00015760 00000020H .text$mn$00             CODE
 0001:00015780 00000250H .text$x                 CODE
 0002:00000000 00000258H .idata$5                DATA
 0002:00000258 00000010H .00cfg                  DATA
 0002:00000268 00000008H .CRT$XCA                DATA
 0002:00000270 00000008H .CRT$XCU                DATA
 0002:00000278 00000008H .CRT$XCZ                DATA
 0002:00000280 00000008H .CRT$XIA                DATA
 0002:00000288 00000018H .CRT$XIC                DATA
 0002:000002a0 00000008H .CRT$XIZ                DATA
 0002:000002a8 00000008H .CRT$XPA                DATA
 0002:000002b0 00000010H .CRT$XPX                DATA
 0002:000002c0 00000008H .CRT$XPXA               DATA
 0002:000002c8 00000008H .CRT$XPZ                DATA
 0002:000002d0 00000008H .CRT$XTA                DATA
 0002:000002d8 00000008H .CRT$XTZ                DATA
 0002:000002e0 00000000H .gfids$y                DATA
 0002:000002e0 000085f0H .rdata                  DATA
 0002:000088d0 000002fcH .rdata$r                DATA
 0002:00008bcc 000003ccH .rdata$zzzdbg           DATA
 0002:00008f98 00000008H .rtc$IAA                DATA
 0002:00008fa0 00000008H .rtc$IZZ                DATA
 0002:00008fa8 00000008H .rtc$TAA                DATA
 0002:00008fb0 00000008H .rtc$TZZ                DATA
 0002:00008fb8 000012a0H .xdata                  DATA
 0002:0000a258 0000017cH .xdata$x                DATA
 0002:0000a3d4 00000020H .didat$2                DATA
 0002:0000a3f4 00000024H .didat$3                DATA
 0002:0000a418 000000e8H .didat$4                DATA
 0002:0000a500 00000710H .didat$6                DATA
 0002:0000ac10 000000f0H .didat$7                DATA
 0002:0000ad00 00000058H .edata                  DATA
 0002:0000ad58 00000014H .idata$2                DATA
 0002:0000ad6c 00000014H .idata$3                DATA
 0002:0000ad80 00000258H .idata$4                DATA
 0002:0000afd8 00000574H .idata$6                DATA
 0003:00000000 00000a80H .data                   DATA
 0003:00000a80 000000f0H .data$r                 DATA
 0003:00000b70 000000f0H .didat$5                DATA
 0003:00000c60 0000ecf0H .bss                    DATA
 0004:00000000 0000150cH .pdata                  DATA
 0005:00000000 00000060H .rsrc$01                DATA
 0005:00000060 00000180H .rsrc$02                DATA

  Address         Publics by Value              Rva+Base               Lib:Object

 0000:00000000       __hybrid_code_map_count    0000000000000000     <absolute>
 0000:00000000       __hybrid_code_map          0000000000000000     <absolute>
 0000:00000000       __guard_iat_count          0000000000000000     <absolute>
 0000:00000000       __volatile_metadata        0000000000000000     <absolute>
 0000:00000000       __guard_longjmp_count      0000000000000000     <absolute>
 0000:00000000       __guard_longjmp_table      0000000000000000     <absolute>
 0000:00000000       __guard_iat_table          0000000000000000     <absolute>
 0000:00000000       __guard_fids_count         0000000000000000     <absolute>
 0000:00000000       ___safe_se_handler_count   0000000000000000     <absolute>
 0000:00000000       __enclave_config           0000000000000000     <absolute>
 0000:00000000       ___safe_se_handler_table   0000000000000000     <absolute>
 0000:00000000       __guard_fids_table         0000000000000000     <absolute>
 0000:00000000       __hybrid_auxiliary_iat     0000000000000000     <absolute>
 0000:00000000       __dynamic_value_reloc_table 0000000000000000     <absolute>
 0000:00000100       __guard_flags              0000000000000100     <absolute>
 0000:00000000       __ImageBase                0000000180000000     <linker-defined>
 0001:00000000       ??0Utf8String@Nan@@QEAA@V?$Local@VValue@v8@@@v8@@@Z 0000000180001000 f i plagiarismAlgo.obj
 0001:00000130       ?buildMatchingMachine@@YAHQEAV?$basic_string@DU?$char_traits@D@std@@V?$allocator@D@2@@std@@H@Z 0000000180001130 f   plagiarismAlgo.obj
 0001:00000780       ?searchWords@@YAXAEBV?$FunctionCallbackInfo@VValue@v8@@@v8@@@Z 0000000180001780 f   plagiarismAlgo.obj
 0001:000018c0       ?Init@@YAXV?$Local@VObject@v8@@@v8@@@Z 00000001800028c0 f   plagiarismAlgo.obj
 0001:000019e0       ??0?$basic_string@DU?$char_traits@D@std@@V?$allocator@D@2@@std@@QEAA@AEBV01@@Z 00000001800029e0 f i plagiarismAlgo.obj
 0001:00001ac0       ?assign@?$basic_string@DU?$char_traits@D@std@@V?$allocator@D@2@@std@@QEAAAEAV12@QEBD_K@Z 0000000180002ac0 f i plagiarismAlgo.obj
 0001:00001c10       ?_Growmap@?$deque@HV?$allocator@H@std@@@std@@IEAAX_K@Z 0000000180002c10 f i plagiarismAlgo.obj
 0001:00001df0       ?_Xlen@?$deque@HV?$allocator@H@std@@@std@@IEBAXXZ 0000000180002df0 f i plagiarismAlgo.obj
 0001:00001e10       ??$?HDU?$char_traits@D@std@@V?$allocator@D@1@@std@@YA?AV?$basic_string@DU?$char_traits@D@std@@V?$allocator@D@2@@0@$$QEAV10@0@Z 0000000180002e10 f i plagiarismAlgo.obj
 0001:00001fc0       ??$_Emplace_reallocate@AEBV?$basic_string@DU?$char_traits@D@std@@V?$allocator@D@2@@std@@@?$vector@V?$basic_string@DU?$char_traits@D@std@@V?$allocator@D@2@@std@@V?$allocator@V?$basic_string@DU?$char_traits@D@std@@V?$allocator@D@2@@std@@@2@@std@@QEAAPEAV?$basic_string@DU?$char_traits@D@std@@V?$allocator@D@2@@1@QEAV21@AEBV21@@Z 0000000180002fc0 f i plagiarismAlgo.obj
 0001:00002240       ??$_Reallocate_grow_by@V<lambda_65e615be2a453ca0576c979606f46740>@@PEBD_K@?$basic_string@DU?$char_traits@D@std@@V?$allocator@D@2@@std@@QEAAAEAV01@_KV<lambda_65e615be2a453ca0576c979606f46740>@@PEBD_K@Z 0000000180003240 f i plagiarismAlgo.obj
 0001:000023c0       ??$_Destroy_range@V?$allocator@V?$basic_string@DU?$char_traits@D@std@@V?$allocator@D@2@@std@@@std@@@std@@YAXPEAV?$basic_string@DU?$char_traits@D@std@@V?$allocator@D@2@@0@0AEAV?$allocator@V?$basic_string@DU?$char_traits@D@std@@V?$allocator@D@2@@std@@@0@@Z 00000001800033c0 f i plagiarismAlgo.obj
 0001:00002450       ?_Xlength@?$vector@V?$basic_string@DU?$char_traits@D@std@@V?$allocator@D@2@@std@@V?$allocator@V?$basic_string@DU?$char_traits@D@std@@V?$allocator@D@2@@std@@@2@@std@@CAXXZ 0000000180003450 f i plagiarismAlgo.obj
 0001:00002470       ?_Xlen@?$basic_string@DU?$char_traits@D@std@@V?$allocator@D@2@@std@@SAXXZ 0000000180003470 f i plagiarismAlgo.obj
 0001:00002490       ?reserve@?$basic_string@DU?$char_traits@D@std@@V?$allocator@D@2@@std@@QEAAX_K@Z 0000000180003490 f i plagiarismAlgo.obj
 0001:00002650       ??$_Reallocate_grow_by@V<lambda_f3a66ab6a0570788f31503db83886f49>@@_KPEBD_K@?$basic_string@DU?$char_traits@D@std@@V?$allocator@D@2@@std@@QEAAAEAV01@_KV<lambda_f3a66ab6a0570788f31503db83886f49>@@_KPEBD2@Z 0000000180003650 f i plagiarismAlgo.obj
 0001:000027fc       __imp_load_?New@Integer@v8@@SA?AV?$Local@VInteger@v8@@@2@PEAVIsolate@2@H@Z 00000001800037fc f   node:node.exe
 0001:00002808       __tailMerge_node_exe       0000000180003808     node:node.exe
 0001:00002881       __imp_load_?GetCurrentContext@Isolate@v8@@QEAA?AV?$Local@VContext@v8@@@2@XZ 0000000180003881 f   node:node.exe
 0001:0000288d       __imp_load_?GetCurrent@Isolate@v8@@SAPEAV12@XZ 000000018000388d f   node:node.exe
 0001:00002899       __imp_load_??1HandleScope@v8@@QEAA@XZ 0000000180003899 f   node:node.exe
 0001:000028a5       __imp_load_??0HandleScope@v8@@QEAA@PEAVIsolate@1@@Z 00000001800038a5 f   node:node.exe
 0001:000028b1       __imp_load_?New@Array@v8@@SA?AV?$Local@VArray@v8@@@2@PEAVIsolate@2@H@Z 00000001800038b1 f   node:node.exe
 0001:000028bd       __imp_load_?Length@Array@v8@@QEBAIXZ 00000001800038bd f   node:node.exe
 0001:000028c9       __imp_load_?GetFunction@FunctionTemplate@v8@@QEAA?AV?$MaybeLocal@VFunction@v8@@@2@V?$Local@VContext@v8@@@2@@Z 00000001800038c9 f   node:node.exe
 0001:000028d5       __imp_load_?New@FunctionTemplate@v8@@SA?AV?$Local@VFunctionTemplate@v8@@@2@PEAVIsolate@2@P6AXAEBV?$FunctionCallbackInfo@VValue@v8@@@2@@ZV?$Local@VValue@v8@@@2@V?$Local@VSignature@v8@@@2@HW4ConstructorBehavior@2@W4SideEffectType@2@@Z 00000001800038d5 f   node:node.exe
 0001:000028e1       __imp_load_?ToLocalEmpty@V8@v8@@CAXXZ 00000001800038e1 f   node:node.exe
 0001:000028ed       __imp_load_?IntegerValue@Value@v8@@QEBA_JXZ 00000001800038ed f   node:node.exe
 0001:000028f9       __imp_load_?ToInt32@Value@v8@@QEBA?AV?$MaybeLocal@VInt32@v8@@@2@V?$Local@VContext@v8@@@2@@Z 00000001800038f9 f   node:node.exe
 0001:00002905       __imp_load_?ToString@Value@v8@@QEBA?AV?$MaybeLocal@VString@v8@@@2@V?$Local@VContext@v8@@@2@@Z 0000000180003905 f   node:node.exe
 0001:00002911       __imp_load_?Escape@EscapableHandleScope@v8@@AEAAPEAPEAVObject@internal@2@PEAPEAV342@@Z 0000000180003911 f   node:node.exe
 0001:0000291d       __imp_load_??0EscapableHandleScope@v8@@QEAA@PEAVIsolate@1@@Z 000000018000391d f   node:node.exe
 0001:00002929       __imp_load_?NewFromUtf8@String@v8@@SA?AV?$Local@VString@v8@@@2@PEAVIsolate@2@PEBDW4NewStringType@12@H@Z 0000000180003929 f   node:node.exe
 0001:00002935       __imp_load_?NewFromUtf8@String@v8@@SA?AV?$MaybeLocal@VString@v8@@@2@PEAVIsolate@2@PEBDW4NewStringType@2@H@Z 0000000180003935 f   node:node.exe
 0001:00002941       __imp_load_?WriteUtf8@String@v8@@QEBAHPEADHPEAHH@Z 0000000180003941 f   node:node.exe
 0001:0000294d       __imp_load_?Length@String@v8@@QEBAHXZ 000000018000394d f   node:node.exe
 0001:00002959       __imp_load_?New@Number@v8@@SA?AV?$Local@VNumber@v8@@@2@PEAVIsolate@2@N@Z 0000000180003959 f   node:node.exe
 0001:00002965       __imp_load_?New@Object@v8@@SA?AV?$Local@VObject@v8@@@2@PEAVIsolate@2@@Z 0000000180003965 f   node:node.exe
 0001:00002971       __imp_load_?Get@Object@v8@@QEAA?AV?$Local@VValue@v8@@@2@I@Z 0000000180003971 f   node:node.exe
 0001:0000297d       __imp_load_?Set@Object@v8@@QEAA_NV?$Local@VValue@v8@@@2@0@Z 000000018000397d f   node:node.exe
 0001:00002989       __imp_load_?Set@Object@v8@@QEAA?AV?$Maybe@_N@2@V?$Local@VContext@v8@@@2@V?$Local@VValue@v8@@@2@1@Z 0000000180003989 f   node:node.exe
 0001:00002995       __imp_load_?Set@Object@v8@@QEAA_NIV?$Local@VValue@v8@@@2@@Z 0000000180003995 f   node:node.exe
 0001:000029a1       __imp_load_?SetName@Function@v8@@QEAAXV?$Local@VString@v8@@@2@@Z 00000001800039a1 f   node:node.exe
 0001:000029ad       __imp_load_node_module_register 00000001800039ad f   node:node.exe
 0001:000029b9       __imp_load_?ToString@Value@v8@@QEBA?AV?$Local@VString@v8@@@2@XZ 00000001800039b9 f   node:node.exe
 0001:000029c8       ??0bad_alloc@std@@QEAA@AEBV01@@Z 00000001800039c8 f i libcpmt:xthrow.obj
 0001:00002a08       ??0bad_alloc@std@@QEAA@XZ  0000000180003a08 f i libcpmt:xthrow.obj
 0001:00002a28       ??0exception@std@@QEAA@AEBV01@@Z 0000000180003a28 f i libcpmt:xthrow.obj
 0001:00002a60       ??0length_error@std@@QEAA@AEBV01@@Z 0000000180003a60 f i libcpmt:xthrow.obj
 0001:00002aa0       ??0length_error@std@@QEAA@PEBD@Z 0000000180003aa0 f i libcpmt:xthrow.obj
 0001:00002aec       ??0logic_error@std@@QEAA@AEBV01@@Z 0000000180003aec f i libcpmt:xthrow.obj
 0001:00002b2c       ??1bad_array_new_length@std@@UEAA@XZ 0000000180003b2c f i LIBCMT:throw_bad_alloc.obj
 0001:00002b2c       ??1bad_alloc@std@@UEAA@XZ  0000000180003b2c f i libcpmt:xthrow.obj
 0001:00002b2c       ??1length_error@std@@UEAA@XZ 0000000180003b2c f i libcpmt:xthrow.obj
 0001:00002b40       ??_Gbad_array_new_length@std@@UEAAPEAXI@Z 0000000180003b40 f i LIBCMT:throw_bad_alloc.obj
 0001:00002b40       ??_Ebad_array_new_length@std@@UEAAPEAXI@Z 0000000180003b40 f i LIBCMT:throw_bad_alloc.obj
 0001:00002b40       ??_Eexception@std@@UEAAPEAXI@Z 0000000180003b40 f i libcpmt:xthrow.obj
 0001:00002b40       ??_Elogic_error@std@@UEAAPEAXI@Z 0000000180003b40 f i libcpmt:xthrow.obj
 0001:00002b40       ??_Gexception@std@@UEAAPEAXI@Z 0000000180003b40 f i libcpmt:xthrow.obj
 0001:00002b40       ??_Glength_error@std@@UEAAPEAXI@Z 0000000180003b40 f i libcpmt:xthrow.obj
 0001:00002b40       ??_Gbad_alloc@std@@UEAAPEAXI@Z 0000000180003b40 f i libcpmt:xthrow.obj
 0001:00002b40       ??_Elength_error@std@@UEAAPEAXI@Z 0000000180003b40 f i libcpmt:xthrow.obj
 0001:00002b40       ??_Ebad_alloc@std@@UEAAPEAXI@Z 0000000180003b40 f i libcpmt:xthrow.obj
 0001:00002b40       ??_Glogic_error@std@@UEAAPEAXI@Z 0000000180003b40 f i libcpmt:xthrow.obj
 0001:00002b84       ?_Xlength_error@std@@YAXPEBD@Z 0000000180003b84 f   libcpmt:xthrow.obj
 0001:00002ba8       ?what@exception@std@@UEBAPEBDXZ 0000000180003ba8 f i libcpmt:xthrow.obj
 0001:00002bd0       __security_check_cookie    0000000180003bd0 f   LIBCMT:amdsecgs.obj
 0001:00002bf4       ??2@YAPEAX_K@Z             0000000180003bf4 f   LIBCMT:new_scalar.obj
 0001:00002c30       ??3@YAXPEAX_K@Z            0000000180003c30 f   LIBCMT:delete_scalar_size.obj
 0001:00002f68       _DllMainCRTStartup         0000000180003f68 f   LIBCMT:dll_dllmain.obj
 0001:00002fa8       ??_Gtype_info@@UEAAPEAXI@Z 0000000180003fa8 f i LIBCMT:std_type_info_static.obj
 0001:00002fa8       ??_Etype_info@@UEAAPEAXI@Z 0000000180003fa8 f i LIBCMT:std_type_info_static.obj
 0001:00002fd4       __raise_securityfailure    0000000180003fd4 f   LIBCMT:gs_report.obj
 0001:00003008       __report_gsfailure         0000000180004008 f   LIBCMT:gs_report.obj
 0001:000030dc       __report_rangecheckfailure 00000001800040dc f   LIBCMT:gs_report.obj
 0001:000030f0       __report_securityfailure   00000001800040f0 f   LIBCMT:gs_report.obj
 0001:00003270       ??0bad_array_new_length@std@@QEAA@AEBV01@@Z 0000000180004270 f i LIBCMT:throw_bad_alloc.obj
 0001:000032b0       ??0bad_array_new_length@std@@QEAA@XZ 00000001800042b0 f i LIBCMT:throw_bad_alloc.obj
 0001:000032d0       ?__scrt_throw_std_bad_alloc@@YAXXZ 00000001800042d0 f   LIBCMT:throw_bad_alloc.obj
 0001:000032f0       ?__scrt_throw_std_bad_array_new_length@@YAXXZ 00000001800042f0 f   LIBCMT:throw_bad_alloc.obj
 0001:00003310       ??3@YAXPEAX@Z              0000000180004310 f   LIBCMT:delete_scalar.obj
 0001:00003318       __security_init_cookie     0000000180004318 f   LIBCMT:gs_support.obj
 0001:000033c4       _get_startup_argv_mode     00000001800043c4 f   LIBCMT:argv_mode.obj
 0001:000033c4       DllMain                    00000001800043c4 f   LIBCMT:dll_dllmain_stub.obj
 0001:000033cc       ?__scrt_initialize_type_info@@YAXXZ 00000001800043cc f   LIBCMT:tncleanup.obj
 0001:000033dc       ?__scrt_uninitialize_type_info@@YAXXZ 00000001800043dc f   LIBCMT:tncleanup.obj
 0001:000033e8       __local_stdio_printf_options 00000001800043e8 f i LIBCMT:default_local_stdio_options.obj
 0001:000033f0       __local_stdio_scanf_options 00000001800043f0 f i LIBCMT:default_local_stdio_options.obj
 0001:000033f8       __scrt_initialize_default_local_stdio_options 00000001800043f8 f   LIBCMT:default_local_stdio_options.obj
 0001:00003414       __scrt_acquire_startup_lock 0000000180004414 f   LIBCMT:utility.obj
 0001:00003450       __scrt_dllmain_after_initialize_c 0000000180004450 f   LIBCMT:utility.obj
 0001:00003484       __scrt_dllmain_before_initialize_c 0000000180004484 f   LIBCMT:utility.obj
 0001:0000349c       __scrt_dllmain_crt_thread_attach 000000018000449c f   LIBCMT:utility.obj
 0001:000034c4       __scrt_dllmain_crt_thread_detach 00000001800044c4 f   LIBCMT:utility.obj
 0001:000034dc       __scrt_dllmain_exception_filter 00000001800044dc f   LIBCMT:utility.obj
 0001:0000353c       __scrt_dllmain_uninitialize_c 000000018000453c f   LIBCMT:utility.obj
 0001:0000356c       __scrt_dllmain_uninitialize_critical 000000018000456c f   LIBCMT:utility.obj
 0001:00003580       __scrt_initialize_crt      0000000180004580 f   LIBCMT:utility.obj
 0001:000035cc       __scrt_initialize_onexit_tables 00000001800045cc f   LIBCMT:utility.obj
 0001:000036a4       __scrt_is_nonwritable_in_current_image 00000001800046a4 f   LIBCMT:utility.obj
 0001:00003740       __scrt_release_startup_lock 0000000180004740 f   LIBCMT:utility.obj
 0001:00003764       __scrt_uninitialize_crt    0000000180004764 f   LIBCMT:utility.obj
 0001:00003790       __scrt_get_dyn_tls_init_callback 0000000180004790 f   LIBCMT:dyn_tls_init.obj
 0001:00003798       __crt_debugger_hook        0000000180004798 f   LIBCMT:utility_desktop.obj
 0001:000037a0       __scrt_fastfail            00000001800047a0 f   LIBCMT:utility_desktop.obj
 0001:000038ec       _RTC_Initialize            00000001800048ec f   LIBCMT:initsect.obj
 0001:00003928       _RTC_Terminate             0000000180004928 f   LIBCMT:initsect.obj
 0001:00003964       _guard_check_icall_nop     0000000180004964 f i LIBCMT:guard_support.obj
 0001:00003968       __isa_available_init       0000000180004968 f   LIBCMT:cpu_disp.obj
 0001:00003b24       __scrt_is_ucrt_dll_in_use  0000000180004b24 f   LIBCMT:ucrt_detection.obj
 0001:00003b30       __std_exception_copy       0000000180004b30 f   libvcruntime:std_exception.obj
 0001:00003bc0       __std_exception_destroy    0000000180004bc0 f   libvcruntime:std_exception.obj
 0001:00003be8       _CxxThrowException         0000000180004be8 f   libvcruntime:throw.obj
 0001:00003ca8       __C_specific_handler       0000000180004ca8 f   libvcruntime:riscchandler.obj
 0001:00003eb4       __std_type_info_destroy_list 0000000180004eb4 f   libvcruntime:std_type_info.obj
 0001:00003ee0       __vcrt_initialize          0000000180004ee0 f   libvcruntime:initialization.obj
 0001:00003f14       __vcrt_thread_attach       0000000180004f14 f   libvcruntime:initialization.obj
 0001:00003f28       __vcrt_thread_detach       0000000180004f28 f   libvcruntime:initialization.obj
 0001:00003f3c       __vcrt_uninitialize        0000000180004f3c f   libvcruntime:initialization.obj
 0001:00003f5c       __vcrt_uninitialize_critical 0000000180004f5c f   libvcruntime:initialization.obj
 0001:00003f80       memset_repmovs             0000000180004f80 f   libvcruntime:memset.obj
 0001:00003fa0       memset                     0000000180004fa0 f   libvcruntime:memset.obj
 0001:00004140       _NLG_Notify                0000000180005140 f   libvcruntime:notify.obj
 0001:00004160       __NLG_Dispatch2            0000000180005160 f   libvcruntime:notify.obj
 0001:00004170       __NLG_Return2              0000000180005170 f   libvcruntime:notify.obj
 0001:00004174       __except_validate_context_record 0000000180005174 f   libvcruntime:jbcxrval.obj
 0001:000041ac       __DestructExceptionObject  00000001800051ac f   libvcruntime:ehhelpers.obj
 0001:00004220       ?_CallMemberFunction0@@YAXQEAX0@Z 0000000180005220 f i libvcruntime:ehhelpers.obj
 0001:00004224       __vcrt_freefls             0000000180005224 f   libvcruntime:per_thread_data.obj
 0001:00004244       __vcrt_freeptd             0000000180005244 f   libvcruntime:per_thread_data.obj
 0001:00004294       __vcrt_getptd_noexit       0000000180005294 f   libvcruntime:per_thread_data.obj
 0001:00004360       __vcrt_initialize_ptd      0000000180005360 f   libvcruntime:per_thread_data.obj
 0001:000043b4       __vcrt_uninitialize_ptd    00000001800053b4 f   libvcruntime:per_thread_data.obj
 0001:000043d8       __vcrt_initialize_locks    00000001800053d8 f   libvcruntime:locks.obj
 0001:00004420       __vcrt_uninitialize_locks  0000000180005420 f   libvcruntime:locks.obj
 0001:00004630       __vcrt_FlsAlloc            0000000180005630 f   libvcruntime:winapi_downlevel.obj
 0001:00004678       __vcrt_FlsFree             0000000180005678 f   libvcruntime:winapi_downlevel.obj
 0001:000046c0       __vcrt_FlsGetValue         00000001800056c0 f   libvcruntime:winapi_downlevel.obj
 0001:00004708       __vcrt_FlsSetValue         0000000180005708 f   libvcruntime:winapi_downlevel.obj
 0001:0000475c       __vcrt_InitializeCriticalSectionEx 000000018000575c f   libvcruntime:winapi_downlevel.obj
 0001:000047c0       __vcrt_initialize_winapi_thunks 00000001800057c0 f   libvcruntime:winapi_downlevel.obj
 0001:000047f0       __vcrt_uninitialize_winapi_thunks 00000001800057f0 f   libvcruntime:winapi_downlevel.obj
 0001:00004830       __vcrt_initialize_pure_virtual_call_handler 0000000180005830 f   libvcruntime:purevirt_data.obj
 0001:00004850       memcpy_repmovs             0000000180005850 f   libvcruntime:memcpy.obj
 0001:00004870       memcpy                     0000000180005870 f   libvcruntime:memcpy.obj
 0001:00004870       memmove                    0000000180005870 f   libvcruntime:memcpy.obj
 0001:00004cc0       _CallSettingFrame          0000000180005cc0 f   libvcruntime:handlers.obj
 0001:00004d10       _CallSettingFrameEncoded   0000000180005d10 f   libvcruntime:handlers.obj
 0001:00004d58       free                       0000000180005d58 f   libucrt:free.obj
 0001:00005484       ??$ftprintf@PEAU_iobuf@@PEB_WAEBQEB_WAEBQEB_WAEBI@?$__crt_char_traits@_W@@SAH$$QEAPEAU_iobuf@@$$QEAPEB_WAEBQEB_W2AEBI@Z 0000000180006484 f i libucrt:assert.obj
 0001:000054ac       _wassert                   00000001800064ac f   libucrt:assert.obj
 0001:00005520       fwprintf                   0000000180006520 f i libucrt:assert.obj
 0001:00005564       swprintf                   0000000180006564 f i libucrt:assert.obj
 0001:000055b8       __acrt_call_reportfault    00000001800065b8 f   libucrt:invalid_parameter.obj
 0001:00005714       __acrt_initialize_invalid_parameter_handler 0000000180006714 f   libucrt:invalid_parameter.obj
 0001:0000571c       _invalid_parameter         000000018000671c f   libucrt:invalid_parameter.obj
 0001:000057cc       _invalid_parameter_noinfo  00000001800067cc f   libucrt:invalid_parameter.obj
 0001:000057ec       _invalid_parameter_noinfo_noreturn 00000001800067ec f   libucrt:invalid_parameter.obj
 0001:0000581c       _invoke_watson             000000018000681c f   libucrt:invalid_parameter.obj
 0001:00005864       malloc                     0000000180006864 f   libucrt:malloc.obj
 0001:0000586c       ??0_LocaleUpdate@@QEAA@QEAU__crt_locale_pointers@@@Z 000000018000686c f i libucrt:stricmp.obj
 0001:00005908       __ascii_stricmp            0000000180006908 f   libucrt:stricmp.obj
 0001:00005948       _stricmp                   0000000180006948 f   libucrt:stricmp.obj
 0001:00005990       _stricmp_l                 0000000180006990 f   libucrt:stricmp.obj
 0001:00005a44       __acrt_initialize_new_handler 0000000180006a44 f   libucrt:new_handler.obj
 0001:00005a4c       _callnewh                  0000000180006a4c f   libucrt:new_handler.obj
 0001:00005a7c       _query_new_handler         0000000180006a7c f   libucrt:new_handler.obj
 0001:00005ab0       _initterm                  0000000180006ab0 f   libucrt:initterm.obj
 0001:00005b14       _initterm_e                0000000180006b14 f   libucrt:initterm.obj
 0001:00005b54       _seh_filter_dll            0000000180006b54 f   libucrt:exception_filter.obj
 0001:00005b68       _seh_filter_exe            0000000180006b68 f   libucrt:exception_filter.obj
 0001:00005f58       __acrt_initialize_thread_local_exit_callback 0000000180006f58 f   libucrt:exit.obj
 0001:00005f60       _cexit                     0000000180006f60 f   libucrt:exit.obj
 0001:00005f70       _exit                      0000000180006f70 f   libucrt:exit.obj
 0001:00005f7c       _is_c_termination_complete 0000000180006f7c f   libucrt:exit.obj
 0001:00006148       __acrt_allocate_buffer_for_argv 0000000180007148 f   libucrt:argv_parsing.obj
 0001:000061a8       _configure_narrow_argv     00000001800071a8 f   libucrt:argv_parsing.obj
 0001:00006520       __dcrt_uninitialize_environments_nolock 0000000180007520 f   libucrt:environment_initialization.obj
 0001:00006558       _initialize_narrow_environment 0000000180007558 f   libucrt:environment_initialization.obj
 0001:000066b4       _execute_onexit_table      00000001800076b4 f   libucrt:onexit.obj
 0001:000066f0       _initialize_onexit_table   00000001800076f0 f   libucrt:onexit.obj
 0001:00006750       __acrt_uninitialize_command_line 0000000180007750 f   libucrt:argv_data.obj
 0001:00006848       __acrt_initialize          0000000180007848 f   libucrt:initialization.obj
 0001:0000685c       __acrt_thread_attach       000000018000785c f   libucrt:initialization.obj
 0001:00006870       __acrt_thread_detach       0000000180007870 f   libucrt:initialization.obj
 0001:00006880       __acrt_uninitialize        0000000180007880 f   libucrt:initialization.obj
 0001:000068b8       __acrt_uninitialize_critical 00000001800078b8 f   libucrt:initialization.obj
 0001:000068c8       terminate                  00000001800078c8 f   libucrt:terminate.obj
 0001:000068e8       strcpy_s                   00000001800078e8 f   libucrt:strcpy_s.obj
 0001:00006b5c       ??$ensure_buffer_is_big_enough@D@formatting_buffer@__crt_stdio_output@@QEAA_N_K@Z 0000000180007b5c f i libucrt:output.obj
 0001:00006c04       ??$ensure_buffer_is_big_enough@_W@formatting_buffer@__crt_stdio_output@@QEAA_N_K@Z 0000000180007c04 f i libucrt:output.obj
 0001:00006cb0       ??$is_wide_character_specifier@_W@__crt_stdio_output@@YA_N_K_WW4length_modifier@0@@Z 0000000180007cb0 f i libucrt:output.obj
 0001:00006cf0       ??$type_case_integer_parse_into_buffer@I@?$output_processor@_WV?$stream_output_adapter@_W@__crt_stdio_output@@V?$standard_base@_WV?$stream_output_adapter@_W@__crt_stdio_output@@@2@@__crt_stdio_output@@AEAAXII_N@Z 0000000180007cf0 f i libucrt:output.obj
 0001:00006cf0       ??$type_case_integer_parse_into_buffer@I@?$output_processor@_WV?$string_output_adapter@_W@__crt_stdio_output@@V?$standard_base@_WV?$string_output_adapter@_W@__crt_stdio_output@@@2@@__crt_stdio_output@@AEAAXII_N@Z 0000000180007cf0 f i libucrt:output.obj
 0001:00006d94       ??$type_case_integer_parse_into_buffer@_K@?$output_processor@_WV?$string_output_adapter@_W@__crt_stdio_output@@V?$standard_base@_WV?$string_output_adapter@_W@__crt_stdio_output@@@2@@__crt_stdio_output@@AEAAX_KI_N@Z 0000000180007d94 f i libucrt:output.obj
 0001:00006d94       ??$type_case_integer_parse_into_buffer@_K@?$output_processor@_WV?$stream_output_adapter@_W@__crt_stdio_output@@V?$standard_base@_WV?$stream_output_adapter@_W@__crt_stdio_output@@@2@@__crt_stdio_output@@AEAAX_KI_N@Z 0000000180007d94 f i libucrt:output.obj
 0001:00006e38       ??$write_multiple_characters@V?$stream_output_adapter@_W@__crt_stdio_output@@D@__crt_stdio_output@@YAXAEBV?$stream_output_adapter@_W@0@DHQEAH@Z 0000000180007e38 f i libucrt:output.obj
 0001:00006ecc       ??$write_multiple_characters@V?$string_output_adapter@_W@__crt_stdio_output@@D@__crt_stdio_output@@YAXAEBV?$string_output_adapter@_W@0@DHQEAH@Z 0000000180007ecc f i libucrt:output.obj
 0001:0000707c       ?crop_zeroes@__crt_stdio_output@@YAXPEADQEAU__crt_locale_pointers@@@Z 000000018000807c f i libucrt:output.obj
 0001:000070e8       ?force_decimal_point@__crt_stdio_output@@YAXPEADQEAU__crt_locale_pointers@@@Z 00000001800080e8 f i libucrt:output.obj
 0001:00007158       ?parse_int_from_format_string@?$output_processor@_WV?$string_output_adapter@_W@__crt_stdio_output@@V?$standard_base@_WV?$string_output_adapter@_W@__crt_stdio_output@@@2@@__crt_stdio_output@@AEAA_NQEAH@Z 0000000180008158 f i libucrt:output.obj
 0001:00007158       ?parse_int_from_format_string@?$output_processor@_WV?$stream_output_adapter@_W@__crt_stdio_output@@V?$standard_base@_WV?$stream_output_adapter@_W@__crt_stdio_output@@@2@@__crt_stdio_output@@AEAA_NQEAH@Z 0000000180008158 f i libucrt:output.obj
 0001:000071fc       ?process@?$output_processor@_WV?$stream_output_adapter@_W@__crt_stdio_output@@V?$standard_base@_WV?$stream_output_adapter@_W@__crt_stdio_output@@@2@@__crt_stdio_output@@QEAAHXZ 00000001800081fc f i libucrt:output.obj
 0001:00007468       ?process@?$output_processor@_WV?$string_output_adapter@_W@__crt_stdio_output@@V?$standard_base@_WV?$string_output_adapter@_W@__crt_stdio_output@@@2@@__crt_stdio_output@@QEAAHXZ 0000000180008468 f i libucrt:output.obj
 0001:000076e4       ?state_case_size@?$output_processor@_WV?$stream_output_adapter@_W@__crt_stdio_output@@V?$standard_base@_WV?$stream_output_adapter@_W@__crt_stdio_output@@@2@@__crt_stdio_output@@AEAA_NXZ 00000001800086e4 f i libucrt:output.obj
 0001:0000787c       ?state_case_size@?$output_processor@_WV?$string_output_adapter@_W@__crt_stdio_output@@V?$standard_base@_WV?$string_output_adapter@_W@__crt_stdio_output@@@2@@__crt_stdio_output@@AEAA_NXZ 000000018000887c f i libucrt:output.obj
 0001:00007a14       ?state_case_type@?$output_processor@_WV?$stream_output_adapter@_W@__crt_stdio_output@@V?$standard_base@_WV?$stream_output_adapter@_W@__crt_stdio_output@@@2@@__crt_stdio_output@@AEAA_NXZ 0000000180008a14 f i libucrt:output.obj
 0001:00007cf4       ?state_case_type@?$output_processor@_WV?$string_output_adapter@_W@__crt_stdio_output@@V?$standard_base@_WV?$string_output_adapter@_W@__crt_stdio_output@@@2@@__crt_stdio_output@@AEAA_NXZ 0000000180008cf4 f i libucrt:output.obj
 0001:00007fc0       ?type_case_Z@?$output_processor@_WV?$stream_output_adapter@_W@__crt_stdio_output@@V?$standard_base@_WV?$stream_output_adapter@_W@__crt_stdio_output@@@2@@__crt_stdio_output@@AEAA_NXZ 0000000180008fc0 f i libucrt:output.obj
 0001:00007fc0       ?type_case_Z@?$output_processor@_WV?$string_output_adapter@_W@__crt_stdio_output@@V?$standard_base@_WV?$string_output_adapter@_W@__crt_stdio_output@@@2@@__crt_stdio_output@@AEAA_NXZ 0000000180008fc0 f i libucrt:output.obj
 0001:0000803c       ?type_case_a@?$output_processor@_WV?$string_output_adapter@_W@__crt_stdio_output@@V?$standard_base@_WV?$string_output_adapter@_W@__crt_stdio_output@@@2@@__crt_stdio_output@@AEAA_NXZ 000000018000903c f i libucrt:output.obj
 0001:0000803c       ?type_case_a@?$output_processor@_WV?$stream_output_adapter@_W@__crt_stdio_output@@V?$standard_base@_WV?$stream_output_adapter@_W@__crt_stdio_output@@@2@@__crt_stdio_output@@AEAA_NXZ 000000018000903c f i libucrt:output.obj
 0001:0000821c       ?type_case_c_tchar@?$output_processor@_WV?$string_output_adapter@_W@__crt_stdio_output@@V?$standard_base@_WV?$string_output_adapter@_W@__crt_stdio_output@@@2@@__crt_stdio_output@@AEAA_N_W@Z 000000018000921c f i libucrt:output.obj
 0001:0000821c       ?type_case_c_tchar@?$output_processor@_WV?$stream_output_adapter@_W@__crt_stdio_output@@V?$standard_base@_WV?$stream_output_adapter@_W@__crt_stdio_output@@@2@@__crt_stdio_output@@AEAA_N_W@Z 000000018000921c f i libucrt:output.obj
 0001:000082c4       ?type_case_integer@?$output_processor@_WV?$stream_output_adapter@_W@__crt_stdio_output@@V?$standard_base@_WV?$stream_output_adapter@_W@__crt_stdio_output@@@2@@__crt_stdio_output@@AEAA_NI_N@Z 00000001800092c4 f i libucrt:output.obj
 0001:000082c4       ?type_case_integer@?$output_processor@_WV?$string_output_adapter@_W@__crt_stdio_output@@V?$standard_base@_WV?$string_output_adapter@_W@__crt_stdio_output@@@2@@__crt_stdio_output@@AEAA_NI_N@Z 00000001800092c4 f i libucrt:output.obj
 0001:00008490       ?type_case_n@?$output_processor@_WV?$string_output_adapter@_W@__crt_stdio_output@@V?$standard_base@_WV?$string_output_adapter@_W@__crt_stdio_output@@@2@@__crt_stdio_output@@AEAA_NXZ 0000000180009490 f i libucrt:output.obj
 0001:00008490       ?type_case_n@?$output_processor@_WV?$stream_output_adapter@_W@__crt_stdio_output@@V?$standard_base@_WV?$stream_output_adapter@_W@__crt_stdio_output@@@2@@__crt_stdio_output@@AEAA_NXZ 0000000180009490 f i libucrt:output.obj
 0001:0000856c       ?type_case_s@?$output_processor@_WV?$stream_output_adapter@_W@__crt_stdio_output@@V?$standard_base@_WV?$stream_output_adapter@_W@__crt_stdio_output@@@2@@__crt_stdio_output@@AEAA_NXZ 000000018000956c f i libucrt:output.obj
 0001:0000856c       ?type_case_s@?$output_processor@_WV?$string_output_adapter@_W@__crt_stdio_output@@V?$standard_base@_WV?$string_output_adapter@_W@__crt_stdio_output@@@2@@__crt_stdio_output@@AEAA_NXZ 000000018000956c f i libucrt:output.obj
 0001:00008634       ?write_stored_string_tchar@?$output_processor@_WV?$stream_output_adapter@_W@__crt_stdio_output@@V?$standard_base@_WV?$stream_output_adapter@_W@__crt_stdio_output@@@2@@__crt_stdio_output@@AEAA_N_W@Z 0000000180009634 f i libucrt:output.obj
 0001:0000873c       ?write_stored_string_tchar@?$output_processor@_WV?$string_output_adapter@_W@__crt_stdio_output@@V?$standard_base@_WV?$string_output_adapter@_W@__crt_stdio_output@@@2@@__crt_stdio_output@@AEAA_N_W@Z 000000018000973c f i libucrt:output.obj
 0001:00008828       ?write_string@?$string_output_adapter@_W@__crt_stdio_output@@QEBAXQEB_WHQEAHAEAV__crt_deferred_errno_cache@@@Z 0000000180009828 f i libucrt:output.obj
 0001:000088d0       ?write_string_impl@?$output_adapter_common@_WV?$stream_output_adapter@_W@__crt_stdio_output@@@__crt_stdio_output@@IEBAXQEB_WHQEAHAEAV__crt_deferred_errno_cache@@@Z 00000001800098d0 f i libucrt:output.obj
 0001:000089d4       __stdio_common_vfwprintf   00000001800099d4 f   libucrt:output.obj
 0001:00008a60       __stdio_common_vswprintf   0000000180009a60 f   libucrt:output.obj
 0001:00008a68       ??$parse_integer@KV?$c_string_character_source@_W@__crt_strtox@@@__crt_strtox@@YAKQEAU__crt_locale_pointers@@V?$c_string_character_source@_W@0@H_N@Z 0000000180009a68 f i libucrt:atox.obj
 0001:00009130       strncmp                    000000018000a130 f   libucrt:strncmp.obj
 0001:000091b0       abort                      000000018000a1b0 f   libucrt:abort.obj
 0001:00009208       calloc                     000000018000a208 f   libucrt:calloc.obj
 0001:00009210       wcsncmp                    000000018000a210 f   libucrt:wcsncmp.obj
 0001:0000923c       _free_base                 000000018000a23c f   libucrt:free_base.obj
 0001:0000927c       _query_app_type            000000018000a27c f   libucrt:report_runtime_error.obj
 0001:00009284       __acrt_errno_from_os_error 000000018000a284 f   libucrt:errno.obj
 0001:000092cc       __acrt_errno_map_os_error  000000018000a2cc f   libucrt:errno.obj
 0001:0000931c       __doserrno                 000000018000a31c f   libucrt:errno.obj
 0001:0000933c       _errno                     000000018000a33c f   libucrt:errno.obj
 0001:0000949c       _itow_s                    000000018000a49c f   libucrt:xtoa.obj
 0001:000094bc       _set_error_mode            000000018000a4bc f   libucrt:set_error_mode.obj
 0001:000094fc       wcscat_s                   000000018000a4fc f   libucrt:wcscat_s.obj
 0001:0000957c       wcscpy_s                   000000018000a57c f   libucrt:wcscpy_s.obj
 0001:000095e4       wcsncat_s                  000000018000a5e4 f   libucrt:wcsncat_s.obj
 0001:000096e4       ??$__acrt_wcs_to_mbs_cp@U__crt_win32_buffer_no_resizing@@@@YAHQEB_WAEAV?$__crt_win32_buffer@DU__crt_win32_buffer_no_resizing@@@@I@Z 000000018000a6e4 f i libucrt:getmodulefilenamea.obj
 0001:000097f8       __acrt_GetModuleFileNameA  000000018000a7f8 f   libucrt:getmodulefilenamea.obj
 0001:00009918       __acrt_show_wide_message_box 000000018000a918 f   libucrt:crtmbox.obj
 0001:000099bc       __acrt_initialize_stdio    000000018000a9bc f   libucrt:_file.obj
 0001:00009adc       __acrt_iob_func            000000018000aadc f   libucrt:_file.obj
 0001:00009af0       __acrt_uninitialize_stdio  000000018000aaf0 f   libucrt:_file.obj
 0001:00009b4c       _lock_file                 000000018000ab4c f   libucrt:_file.obj
 0001:00009b58       _unlock_file               000000018000ab58 f   libucrt:_file.obj
 0001:00009d80       __acrt_stdio_flush_nolock  000000018000ad80 f   libucrt:fflush.obj
 0001:00009dfc       _fflush_nolock             000000018000adfc f   libucrt:fflush.obj
 0001:00009e48       _flushall                  000000018000ae48 f   libucrt:fflush.obj
 0001:00009e50       fflush                     000000018000ae50 f   libucrt:fflush.obj
 0001:00009fd8       setvbuf                    000000018000afd8 f   libucrt:setvbuf.obj
 0001:0000a0bc       __acrt_get_sigabrt_handler 000000018000b0bc f   libucrt:signal.obj
 0001:0000a0ec       __acrt_initialize_signal_handlers 000000018000b0ec f   libucrt:signal.obj
 0001:0000a10c       raise                      000000018000b10c f   libucrt:signal.obj
 0001:0000a6f0       __acrt_freeptd             000000018000b6f0 f   libucrt:per_thread_data.obj
 0001:0000a734       __acrt_getptd              000000018000b734 f   libucrt:per_thread_data.obj
 0001:0000a808       __acrt_getptd_head         000000018000b808 f   libucrt:per_thread_data.obj
 0001:0000a8b0       __acrt_getptd_noexit       000000018000b8b0 f   libucrt:per_thread_data.obj
 0001:0000a97c       __acrt_initialize_ptd      000000018000b97c f   libucrt:per_thread_data.obj
 0001:0000a9b8       __acrt_uninitialize_ptd    000000018000b9b8 f   libucrt:per_thread_data.obj
 0001:0000a9dc       _malloc_base               000000018000b9dc f   libucrt:malloc_base.obj
 0001:0000aa9c       _tolower_l                 000000018000ba9c f   libucrt:tolower_toupper.obj
 0001:0000abdc       tolower                    000000018000bbdc f   libucrt:tolower_toupper.obj
 0001:0000ac08       __acrt_update_locale_info  000000018000bc08 f   libucrt:locale_update.obj
 0001:0000ac3c       __acrt_update_multibyte_info 000000018000bc3c f   libucrt:locale_update.obj
 0001:0000ace0       __acrt_set_locale_changed  000000018000bce0 f   libucrt:wsetlocale.obj
 0001:0000acec       __acrt_uninitialize_locale 000000018000bcec f   libucrt:wsetlocale.obj
 0001:0000ad1c       __acrt_initialize_locks    000000018000bd1c f   libucrt:locks.obj
 0001:0000ad64       __acrt_lock                000000018000bd64 f   libucrt:locks.obj
 0001:0000ad80       __acrt_uninitialize_locks  000000018000bd80 f   libucrt:locks.obj
 0001:0000adb8       __acrt_unlock              000000018000bdb8 f   libucrt:locks.obj
 0001:0000add4       __acrt_get_developer_information_policy 000000018000bdd4 f   libucrt:win_policies.obj
 0001:0000ae28       __acrt_get_process_end_policy 000000018000be28 f   libucrt:win_policies.obj
 0001:0000ae64       __acrt_get_windowing_model_policy 000000018000be64 f   libucrt:win_policies.obj
 0001:0000aed0       _calloc_base               000000018000bed0 f   libucrt:calloc_base.obj
 0001:0000af5c       ??$__acrt_mbs_to_wcs_cp@U__crt_win32_buffer_internal_dynamic_resizing@@@@YAHQEBDAEAV?$__crt_win32_buffer@_WU__crt_win32_buffer_internal_dynamic_resizing@@@@I@Z 000000018000bf5c f i libucrt:argv_wildcards.obj
 0001:0000b0d4       ??$__acrt_wcs_to_mbs_cp@U__crt_win32_buffer_internal_dynamic_resizing@@@@YAHQEB_WAEAV?$__crt_win32_buffer@DU__crt_win32_buffer_internal_dynamic_resizing@@@@I@Z 000000018000c0d4 f i libucrt:argv_wildcards.obj
 0001:0000b904       __acrt_expand_narrow_argv_wildcards 000000018000c904 f   libucrt:argv_wildcards.obj
 0001:0000c038       __acrt_initialize_multibyte 000000018000d038 f   libucrt:mbctype.obj
 0001:0000c098       __acrt_update_thread_multibyte_data 000000018000d098 f   libucrt:mbctype.obj
 0001:0000c0b4       _setmbcp_nolock            000000018000d0b4 f   libucrt:mbctype.obj
 0001:0000c3e8       _ismbblead                 000000018000d3e8 f   libucrt:ismbbyte.obj
 0001:0000c3fc       __acrt_initialize_command_line 000000018000d3fc f   libucrt:argv_data.obj
 0001:0000c424       __acrt_MultiByteToWideChar 000000018000d424 f   libucrt:multibytetowidechar.obj
 0001:0000c480       __acrt_WideCharToMultiByte 000000018000d480 f   libucrt:widechartomultibyte.obj
 0001:0000c518       __dcrt_get_narrow_environment_from_os 000000018000d518 f   libucrt:get_environment_from_os.obj
 0001:0000c61c       _recalloc_base             000000018000d61c f   libucrt:recalloc.obj
 0001:0000c88c       __acrt_AppPolicyGetProcessTerminationMethodInternal 000000018000d88c f   libucrt:winapi_thunks.obj
 0001:0000c8dc       __acrt_AppPolicyGetShowDeveloperDiagnosticInternal 000000018000d8dc f   libucrt:winapi_thunks.obj
 0001:0000c92c       __acrt_AppPolicyGetWindowingModelInternal 000000018000d92c f   libucrt:winapi_thunks.obj
 0001:0000c97c       __acrt_AreFileApisANSI     000000018000d97c f   libucrt:winapi_thunks.obj
 0001:0000c9b8       __acrt_FlsAlloc            000000018000d9b8 f   libucrt:winapi_thunks.obj
 0001:0000ca00       __acrt_FlsFree             000000018000da00 f   libucrt:winapi_thunks.obj
 0001:0000ca48       __acrt_FlsGetValue         000000018000da48 f   libucrt:winapi_thunks.obj
 0001:0000ca90       __acrt_FlsSetValue         000000018000da90 f   libucrt:winapi_thunks.obj
 0001:0000cae4       __acrt_InitializeCriticalSectionEx 000000018000dae4 f   libucrt:winapi_thunks.obj
 0001:0000cb48       __acrt_LCMapStringEx       000000018000db48 f   libucrt:winapi_thunks.obj
 0001:0000cc24       __acrt_LocaleNameToLCID    000000018000dc24 f   libucrt:winapi_thunks.obj
 0001:0000cc74       __acrt_MessageBoxW         000000018000dc74 f   libucrt:winapi_thunks.obj
 0001:0000cce8       __acrt_can_show_message_box 000000018000dce8 f   libucrt:winapi_thunks.obj
 0001:0000cd58       __acrt_get_parent_window   000000018000dd58 f   libucrt:winapi_thunks.obj
 0001:0000cdd0       __acrt_initialize_winapi_thunks 000000018000ddd0 f   libucrt:winapi_thunks.obj
 0001:0000ce04       __acrt_is_interactive      000000018000de04 f   libucrt:winapi_thunks.obj
 0001:0000cecc       __acrt_uninitialize_winapi_thunks 000000018000decc f   libucrt:winapi_thunks.obj
 0001:0000cf10       __acrt_initialize_heap     000000018000df10 f   libucrt:heap_handle.obj
 0001:0000cf2c       __acrt_uninitialize_heap   000000018000df2c f   libucrt:heap_handle.obj
 0001:0000d134       __acrt_initialize_lowio    000000018000e134 f   libucrt:ioinit.obj
 0001:0000d170       __acrt_uninitialize_lowio  000000018000e170 f   libucrt:ioinit.obj
 0001:0000d1b0       __acrt_execute_initializers 000000018000e1b0 f   libucrt:shared_initialization.obj
 0001:0000d230       __acrt_execute_uninitializers 000000018000e230 f   libucrt:shared_initialization.obj
 0001:0000d26c       __acrt_has_user_matherr    000000018000e26c f   libucrt:matherr.obj
 0001:0000d28c       __acrt_initialize_user_matherr 000000018000e28c f   libucrt:matherr.obj
 0001:0000d294       __acrt_invoke_user_matherr 000000018000e294 f   libucrt:matherr.obj
 0001:0000d2c4       __acrt_stdio_begin_temporary_buffering_nolock 000000018000e2c4 f   libucrt:_sftbuf.obj
 0001:0000d394       __acrt_stdio_end_temporary_buffering_nolock 000000018000e394 f   libucrt:_sftbuf.obj
 0001:0000d3d0       isdigit                    000000018000e3d0 f i libucrt:_ctype.obj
 0001:0000d464       wcstol                     000000018000e464 f   libucrt:strtox.obj
 0001:0000d490       _mbtowc_l                  000000018000e490 f   libucrt:mbtowc.obj
 0001:0000d60c       mbtowc                     000000018000e60c f   libucrt:mbtowc.obj
 0001:0000d614       _wctomb_s_l                000000018000e614 f   libucrt:wctomb.obj
 0001:0000d7b4       wctomb_s                   000000018000e7b4 f   libucrt:wctomb.obj
 0001:0000d7c8       wcsnlen                    000000018000e7c8 f   libucrt:strnlen.obj
 0001:0000e374       __acrt_fp_format           000000018000f374 f   libucrt:cvt.obj
 0001:0000e5fc       _fputwc_nolock             000000018000f5fc f   libucrt:fputwc.obj
 0001:0000e778       _fileno                    000000018000f778 f   libucrt:fileno.obj
 0001:0000e7a0       _fputc_nolock              000000018000f7a0 f   libucrt:fputc.obj
 0001:0000e7b8       _get_printf_count_output   000000018000f7b8 f   libucrt:printf_count_output.obj
 0001:0000e7d0       __pctype_func              000000018000f7d0 f   libucrt:ctype.obj
 0001:0000e800       iswctype                   000000018000f800 f   libucrt:iswctype.obj
 0001:0000e870       _isctype_l                 000000018000f870 f   libucrt:isctype.obj
 0001:0000e980       _fcloseall                 000000018000f980 f   libucrt:closeall.obj
 0001:0000ea34       __acrt_stdio_free_buffer_nolock 000000018000fa34 f   libucrt:_freebuf.obj
 0001:0000eb00       _commit                    000000018000fb00 f   libucrt:commit.obj
 0001:0000f400       _write                     0000000180010400 f   libucrt:write.obj
 0001:0000f4ec       _write_nolock              00000001800104ec f   libucrt:write.obj
 0001:0000f7c8       __acrt_add_locale_ref      00000001800107c8 f   libucrt:locale_refcounting.obj
 0001:0000f854       __acrt_free_locale         0000000180010854 f   libucrt:locale_refcounting.obj
 0001:0000f9cc       __acrt_locale_add_lc_time_reference 00000001800109cc f   libucrt:locale_refcounting.obj
 0001:0000f9f4       __acrt_locale_free_lc_time_if_unreferenced 00000001800109f4 f   libucrt:locale_refcounting.obj
 0001:0000fa2c       __acrt_locale_release_lc_time_reference 0000000180010a2c f   libucrt:locale_refcounting.obj
 0001:0000fa54       __acrt_release_locale_ref  0000000180010a54 f   libucrt:locale_refcounting.obj
 0001:0000fafc       __acrt_update_thread_locale_data 0000000180010afc f   libucrt:locale_refcounting.obj
 0001:0000fb6c       _updatetlocinfoEx_nolock   0000000180010b6c f   libucrt:locale_refcounting.obj
 0001:0000fbd4       _query_new_mode            0000000180010bd4 f   libucrt:new_mode.obj
 0001:0000fbdc       _isleadbyte_l              0000000180010bdc f i libucrt:_wctype.obj
 0001:0000ff40       __acrt_LCMapStringA        0000000180010f40 f   libucrt:lcmapstringa.obj
 0001:0000ffd8       __acrt_locale_free_monetary 0000000180010fd8 f   libucrt:initmon.obj
 0001:000100e4       __acrt_locale_free_numeric 00000001800110e4 f   libucrt:initnum.obj
 0001:000101a8       __acrt_locale_free_time    00000001800111a8 f   libucrt:inittime.obj
 0001:000102b0       __acrt_GetStringTypeA      00000001800112b0 f   libucrt:getstringtypea.obj
 0001:00010440       qsort                      0000000180011440 f   libucrt:qsort.obj
 0001:00010800       strncpy_s                  0000000180011800 f   libucrt:strncpy_s.obj
 0001:00010980       strpbrk                    0000000180011980 f   libucrt:strpbrk.obj
 0001:00010d60       _mbsdec                    0000000180011d60 f   libucrt:mbsdec.obj
 0001:00010d68       _mbsdec_l                  0000000180011d68 f   libucrt:mbsdec.obj
 0001:00010e14       _msize_base                0000000180011e14 f   libucrt:msize.obj
 0001:00010e50       _realloc_base              0000000180011e50 f   libucrt:realloc_base.obj
 0001:00010fb4       __acrt_DownlevelLocaleNameToLCID 0000000180011fb4 f   libucrt:lcidtoname_downlevel.obj
 0001:00010fe8       __acrt_lowio_create_handle_array 0000000180011fe8 f   libucrt:osfinfo.obj
 0001:00011090       __acrt_lowio_destroy_handle_array 0000000180012090 f   libucrt:osfinfo.obj
 0001:000110e0       __acrt_lowio_ensure_fh_exists 00000001800120e0 f   libucrt:osfinfo.obj
 0001:00011188       __acrt_lowio_lock_fh       0000000180012188 f   libucrt:osfinfo.obj
 0001:000111b0       __acrt_lowio_unlock_fh     00000001800121b0 f   libucrt:osfinfo.obj
 0001:000111d8       _free_osfhnd               00000001800121d8 f   libucrt:osfinfo.obj
 0001:00011294       _get_osfhandle             0000000180012294 f   libucrt:osfinfo.obj
 0001:0001130c       _isatty                    000000018001230c f   libucrt:isatty.obj
 0001:0001136c       ?__mbrtowc_utf8@__crt_mbstring@@YA_KPEA_WPEBD_KPEAU_Mbstatet@@@Z 000000018001236c f   libucrt:mbrtowc.obj
 0001:000113a8       ?__mbsrtowcs_utf8@__crt_mbstring@@YA_KPEA_WPEAPEBD_KPEAU_Mbstatet@@@Z 00000001800123a8 f   libucrt:mbrtowc.obj
 0001:00011520       ?__c32rtomb_utf8@__crt_mbstring@@YA_KPEAD_UPEAU_Mbstatet@@@Z 0000000180012520 f   libucrt:c32rtomb.obj
 0001:000115d8       __acrt_fp_strflt_to_string 00000001800125d8 f   libucrt:_fptostr.obj
 0001:000116c0       ?divide@__crt_strtox@@YA_KAEAUbig_integer@1@AEBU21@@Z 00000001800126c0 f i libucrt:cfout.obj
 0001:00011aec       __acrt_fltout              0000000180012aec f   libucrt:cfout.obj
 0001:00012fec       __acrt_stdio_flush_and_write_narrow_nolock 0000000180013fec f   libucrt:_flsbuf.obj
 0001:000130d8       __acrt_stdio_flush_and_write_wide_nolock 00000001800140d8 f   libucrt:_flsbuf.obj
 0001:000131c4       __acrt_GetStringTypeW      00000001800141c4 f   libucrt:getstringtypew.obj
 0001:000131cc       _fclose_nolock             00000001800141cc f   libucrt:fclose.obj
 0001:00013250       fclose                     0000000180014250 f   libucrt:fclose.obj
 0001:00013440       _lseeki64                  0000000180014440 f   libucrt:lseek.obj
 0001:00013448       _lseeki64_nolock           0000000180014448 f   libucrt:lseek.obj
 0001:00013450       _putwch_nolock             0000000180014450 f   libucrt:putwch.obj
 0001:0001348c       __strncnt                  000000018001448c f   libucrt:strncnt.obj
 0001:000134a4       ?__mbrtoc32_utf8@__crt_mbstring@@YA_KPEA_UPEBD_KPEAU_Mbstatet@@@Z 00000001800144a4 f   libucrt:mbrtoc32.obj
 0001:00013680       fegetenv                   0000000180014680 f   libucrt:fegetenv.obj
 0001:000136a0       fesetenv                   00000001800146a0 f   libucrt:fesetenv.obj
 0001:000136f0       feholdexcept               00000001800146f0 f   libucrt:feholdexcept.obj
 0001:00013740       ceil                       0000000180014740 f   libucrt:ceil.obj
 0001:00013810       log10                      0000000180014810 f   libucrt:log10.obj
 0001:00013dbc       __acrt_stdio_allocate_buffer_nolock 0000000180014dbc f   libucrt:_getbuf.obj
 0001:00013e98       _close                     0000000180014e98 f   libucrt:close.obj
 0001:00013f3c       _close_nolock              0000000180014f3c f   libucrt:close.obj
 0001:00013ffc       ?__acrt_stdio_free_stream@@YAXV__crt_stdio_stream@@@Z 0000000180014ffc f   libucrt:stream.obj
 0001:00014018       __dcrt_lowio_ensure_console_output_initialized 0000000180015018 f   libucrt:initcon.obj
 0001:0001406c       __dcrt_terminate_console_output 000000018001506c f   libucrt:initcon.obj
 0001:00014088       __dcrt_write_console       0000000180015088 f   libucrt:initcon.obj
 0001:00014148       __acrt_fenv_get_control    0000000180015148 f   libucrt:_fenvutils.obj
 0001:0001423c       __acrt_fenv_get_status     000000018001523c f   libucrt:_fenvutils.obj
 0001:00014290       __acrt_fenv_set_control    0000000180015290 f   libucrt:_fenvutils.obj
 0001:000143d8       __acrt_fenv_set_status     00000001800153d8 f   libucrt:_fenvutils.obj
 0001:0001445c       _clearfp                   000000018001545c f   libucrt:ieee.obj
 0001:000145f0       _handle_error              00000001800155f0 f   libucrt:libm_error.obj
 0001:00014718       _handle_nan                0000000180015718 f   libucrt:libm_error.obj
 0001:00014740       __acrt_initialize_fma3     0000000180015740 f   libucrt:fma3_available.obj
 0001:000147b0       _log10_special             00000001800157b0 f   libucrt:log_special.obj
 0001:00014880       _get_fpsr                  0000000180015880 f   libucrt:fpsr.obj
 0001:00014890       _set_fpsr                  0000000180015890 f   libucrt:fpsr.obj
 0001:0001489a       _fclrf                     000000018001589a f   libucrt:fpsr.obj
 0001:000148ae       _frnd                      00000001800158ae f   libucrt:fpsr.obj
 0001:000148d0       _raise_exc                 00000001800158d0 f   libucrt:fpexcept.obj
 0001:000148f8       _raise_exc_ex              00000001800158f8 f   libucrt:fpexcept.obj
 0001:00014c08       _set_errno_from_matherr    0000000180015c08 f   libucrt:fpexcept.obj
 0001:00014c38       _clrfp                     0000000180015c38 f   libucrt:fpctrl.obj
 0001:00014c58       _ctrlfp                    0000000180015c58 f   libucrt:fpctrl.obj
 0001:00014cd4       _set_statfp                0000000180015cd4 f   libucrt:fpctrl.obj
 0001:00014cf4       _statfp                    0000000180015cf4 f   libucrt:fpctrl.obj
 0001:00014d05       IsProcessorFeaturePresent  0000000180015d05 f   kernel32:KERNEL32.dll
 0001:00014d0c       ?DloadAcquireSectionWriteAccess@@YAXXZ 0000000180015d0c f i DelayImp:delayhlp.obj
 0001:00014db8       ?DloadGetSRWLockFunctionPointers@@YAEXZ 0000000180015db8 f i DelayImp:delayhlp.obj
 0001:00014e54       ?DloadMakePermanentImageCommit@@YAXPEAX_K@Z 0000000180015e54 f i DelayImp:delayhlp.obj
 0001:00014eec       ?DloadObtainSection@@YAPEAXPEAK0@Z 0000000180015eec f i DelayImp:delayhlp.obj
 0001:00014f88       ?DloadProtectSection@@YAXKPEAK@Z 0000000180015f88 f i DelayImp:delayhlp.obj
 0001:00015018       ?DloadReleaseSectionWriteAccess@@YAXXZ 0000000180016018 f i DelayImp:delayhlp.obj
 0001:000150ac       __delayLoadHelper2         00000001800160ac f   DelayImp:delayhlp.obj
 0001:00015370       _FindPESection             0000000180016370 f   LIBCMT:pesect.obj
 0001:000153c0       _IsNonwritableInCurrentImage 00000001800163c0 f   LIBCMT:pesect.obj
 0001:00015410       _ValidateImageBase         0000000180016410 f   LIBCMT:pesect.obj
 0001:00015440       __GSHandlerCheck           0000000180016440 f   LIBCMT:gshandler.obj
 0001:00015460       __GSHandlerCheckCommon     0000000180016460 f   LIBCMT:gshandler.obj
 0001:000154d0       __chkstk                   00000001800164d0 f   LIBCMT:chkstk.obj
 0001:000154d0       _alloca_probe              00000001800164d0 f   LIBCMT:chkstk.obj
 0001:00015540       memcmp                     0000000180016540 f   libvcruntime:memcmp.obj
 0001:00015608       strrchr                    0000000180016608 f   libvcruntime:strrchr.obj
 0001:00015770       _guard_dispatch_icall_nop  0000000180016770 f   LIBCMT:guard_dispatch.obj
 0002:00000000       __imp_GetModuleHandleA     0000000180017000     kernel32:KERNEL32.dll
 0002:00000008       __imp_LoadLibraryExA       0000000180017008     kernel32:KERNEL32.dll
 0002:00000010       __imp_RtlCaptureContext    0000000180017010     kernel32:KERNEL32.dll
 0002:00000018       __imp_RtlLookupFunctionEntry 0000000180017018     kernel32:KERNEL32.dll
 0002:00000020       __imp_RtlVirtualUnwind     0000000180017020     kernel32:KERNEL32.dll
 0002:00000028       __imp_UnhandledExceptionFilter 0000000180017028     kernel32:KERNEL32.dll
 0002:00000030       __imp_SetUnhandledExceptionFilter 0000000180017030     kernel32:KERNEL32.dll
 0002:00000038       __imp_GetCurrentProcess    0000000180017038     kernel32:KERNEL32.dll
 0002:00000040       __imp_TerminateProcess     0000000180017040     kernel32:KERNEL32.dll
 0002:00000048       __imp_IsProcessorFeaturePresent 0000000180017048     kernel32:KERNEL32.dll
 0002:00000050       __imp_QueryPerformanceCounter 0000000180017050     kernel32:KERNEL32.dll
 0002:00000058       __imp_GetCurrentProcessId  0000000180017058     kernel32:KERNEL32.dll
 0002:00000060       __imp_GetCurrentThreadId   0000000180017060     kernel32:KERNEL32.dll
 0002:00000068       __imp_GetSystemTimeAsFileTime 0000000180017068     kernel32:KERNEL32.dll
 0002:00000070       __imp_InitializeSListHead  0000000180017070     kernel32:KERNEL32.dll
 0002:00000078       __imp_IsDebuggerPresent    0000000180017078     kernel32:KERNEL32.dll
 0002:00000080       __imp_GetStartupInfoW      0000000180017080     kernel32:KERNEL32.dll
 0002:00000088       __imp_GetModuleHandleW     0000000180017088     kernel32:KERNEL32.dll
 0002:00000090       __imp_RtlPcToFileHeader    0000000180017090     kernel32:KERNEL32.dll
 0002:00000098       __imp_RaiseException       0000000180017098     kernel32:KERNEL32.dll
 0002:000000a0       __imp_RtlUnwindEx          00000001800170a0     kernel32:KERNEL32.dll
 0002:000000a8       __imp_InterlockedFlushSList 00000001800170a8     kernel32:KERNEL32.dll
 0002:000000b0       __imp_GetLastError         00000001800170b0     kernel32:KERNEL32.dll
 0002:000000b8       __imp_SetLastError         00000001800170b8     kernel32:KERNEL32.dll
 0002:000000c0       __imp_EnterCriticalSection 00000001800170c0     kernel32:KERNEL32.dll
 0002:000000c8       __imp_LeaveCriticalSection 00000001800170c8     kernel32:KERNEL32.dll
 0002:000000d0       __imp_DeleteCriticalSection 00000001800170d0     kernel32:KERNEL32.dll
 0002:000000d8       __imp_InitializeCriticalSectionAndSpinCount 00000001800170d8     kernel32:KERNEL32.dll
 0002:000000e0       __imp_TlsAlloc             00000001800170e0     kernel32:KERNEL32.dll
 0002:000000e8       __imp_TlsGetValue          00000001800170e8     kernel32:KERNEL32.dll
 0002:000000f0       __imp_TlsSetValue          00000001800170f0     kernel32:KERNEL32.dll
 0002:000000f8       __imp_TlsFree              00000001800170f8     kernel32:KERNEL32.dll
 0002:00000100       __imp_FreeLibrary          0000000180017100     kernel32:KERNEL32.dll
 0002:00000108       __imp_GetProcAddress       0000000180017108     kernel32:KERNEL32.dll
 0002:00000110       __imp_LoadLibraryExW       0000000180017110     kernel32:KERNEL32.dll
 0002:00000118       __imp_GetStdHandle         0000000180017118     kernel32:KERNEL32.dll
 0002:00000120       __imp_GetFileType          0000000180017120     kernel32:KERNEL32.dll
 0002:00000128       __imp_GetModuleFileNameW   0000000180017128     kernel32:KERNEL32.dll
 0002:00000130       __imp_GetModuleHandleExW   0000000180017130     kernel32:KERNEL32.dll
 0002:00000138       __imp_WriteConsoleW        0000000180017138     kernel32:KERNEL32.dll
 0002:00000140       __imp_ExitProcess          0000000180017140     kernel32:KERNEL32.dll
 0002:00000148       __imp_HeapFree             0000000180017148     kernel32:KERNEL32.dll
 0002:00000150       __imp_WriteFile            0000000180017150     kernel32:KERNEL32.dll
 0002:00000158       __imp_OutputDebugStringW   0000000180017158     kernel32:KERNEL32.dll
 0002:00000160       __imp_HeapAlloc            0000000180017160     kernel32:KERNEL32.dll
 0002:00000168       __imp_FindClose            0000000180017168     kernel32:KERNEL32.dll
 0002:00000170       __imp_FindFirstFileExW     0000000180017170     kernel32:KERNEL32.dll
 0002:00000178       __imp_FindNextFileW        0000000180017178     kernel32:KERNEL32.dll
 0002:00000180       __imp_IsValidCodePage      0000000180017180     kernel32:KERNEL32.dll
 0002:00000188       __imp_GetACP               0000000180017188     kernel32:KERNEL32.dll
 0002:00000190       __imp_GetOEMCP             0000000180017190     kernel32:KERNEL32.dll
 0002:00000198       __imp_GetCPInfo            0000000180017198     kernel32:KERNEL32.dll
 0002:000001a0       __imp_GetCommandLineA      00000001800171a0     kernel32:KERNEL32.dll
 0002:000001a8       __imp_GetCommandLineW      00000001800171a8     kernel32:KERNEL32.dll
 0002:000001b0       __imp_MultiByteToWideChar  00000001800171b0     kernel32:KERNEL32.dll
 0002:000001b8       __imp_WideCharToMultiByte  00000001800171b8     kernel32:KERNEL32.dll
 0002:000001c0       __imp_GetEnvironmentStringsW 00000001800171c0     kernel32:KERNEL32.dll
 0002:000001c8       __imp_FreeEnvironmentStringsW 00000001800171c8     kernel32:KERNEL32.dll
 0002:000001d0       __imp_LCMapStringW         00000001800171d0     kernel32:KERNEL32.dll
 0002:000001d8       __imp_GetProcessHeap       00000001800171d8     kernel32:KERNEL32.dll
 0002:000001e0       __imp_FlushFileBuffers     00000001800171e0     kernel32:KERNEL32.dll
 0002:000001e8       __imp_GetConsoleCP         00000001800171e8     kernel32:KERNEL32.dll
 0002:000001f0       __imp_GetConsoleMode       00000001800171f0     kernel32:KERNEL32.dll
 0002:000001f8       __imp_GetStringTypeW       00000001800171f8     kernel32:KERNEL32.dll
 0002:00000200       __imp_HeapSize             0000000180017200     kernel32:KERNEL32.dll
 0002:00000208       __imp_HeapReAlloc          0000000180017208     kernel32:KERNEL32.dll
 0002:00000210       __imp_SetStdHandle         0000000180017210     kernel32:KERNEL32.dll
 0002:00000218       __imp_GetFileSizeEx        0000000180017218     kernel32:KERNEL32.dll
 0002:00000220       __imp_SetFilePointerEx     0000000180017220     kernel32:KERNEL32.dll
 0002:00000228       __imp_CloseHandle          0000000180017228     kernel32:KERNEL32.dll
 0002:00000230       __imp_CreateFileW          0000000180017230     kernel32:KERNEL32.dll
 0002:00000238       __imp_GetSystemInfo        0000000180017238     kernel32:KERNEL32.dll
 0002:00000240       __imp_VirtualProtect       0000000180017240     kernel32:KERNEL32.dll
 0002:00000248       __imp_VirtualQuery         0000000180017248     kernel32:KERNEL32.dll
 0002:00000250       \177KERNEL32_NULL_THUNK_DATA 0000000180017250     kernel32:KERNEL32.dll
 0002:00000258       __guard_check_icall_fptr   0000000180017258     LIBCMT:guard_support.obj
 0002:00000260       __guard_dispatch_icall_fptr 0000000180017260     LIBCMT:guard_support.obj
 0002:00000268       __xc_a                     0000000180017268     LIBCMT:initializers.obj
 0002:00000270       _register_plagiarism_      0000000180017270     plagiarismAlgo.obj
 0002:00000278       __xc_z                     0000000180017278     LIBCMT:initializers.obj
 0002:00000280       __xi_a                     0000000180017280     LIBCMT:initializers.obj
 0002:00000288       __acrt_stdio_initializer   0000000180017288     libucrt:stdio_initializer.obj
 0002:00000290       __acrt_multibyte_initializer 0000000180017290     libucrt:multibyte_initializer.obj
 0002:00000298       __acrt_tran_fma3_initializer 0000000180017298     libucrt:fma3_initializer.obj
 0002:000002a0       __xi_z                     00000001800172a0     LIBCMT:initializers.obj
 0002:000002a8       __xp_a                     00000001800172a8     LIBCMT:initializers.obj
 0002:000002b0       __acrt_locale_terminator   00000001800172b0     libucrt:locale_initializer.obj
 0002:000002b8       __dcrt_console_output_terminator 00000001800172b8     libucrt:console_output_initializer.obj
 0002:000002c0       __acrt_stdio_terminator    00000001800172c0     libucrt:stdio_initializer.obj
 0002:000002c8       __xp_z                     00000001800172c8     LIBCMT:initializers.obj
 0002:000002d0       __xt_a                     00000001800172d0     LIBCMT:initializers.obj
 0002:000002d8       __xt_z                     00000001800172d8     LIBCMT:initializers.obj
 0002:000002e0       __sz_node_exe              00000001800172e0     node:node.exe
 0002:000002f8       ??_7exception@std@@6B@     00000001800172f8     libcpmt:xthrow.obj
 0002:00000308       ??_C@_0BC@EOODALEL@Unknown?5exception@ 0000000180017308     libcpmt:xthrow.obj
 0002:00000328       ??_7bad_alloc@std@@6B@     0000000180017328     libcpmt:xthrow.obj
 0002:00000338       ??_C@_0P@GHFPNOJB@bad?5allocation@ 0000000180017338     libcpmt:xthrow.obj
 0002:00000350       ??_7logic_error@std@@6B@   0000000180017350     libcpmt:xthrow.obj
 0002:00000368       ??_7length_error@std@@6B@  0000000180017368     libcpmt:xthrow.obj
 0002:00000378       _pDefaultRawDllMain        0000000180017378     LIBCMT:dll_dllmain.obj
 0002:00000378       _pRawDllMain               0000000180017378     LIBCMT:dll_dllmain.obj
 0002:00000388       ??_7type_info@@6B@         0000000180017388     LIBCMT:std_type_info_static.obj
 0002:000003a8       ??_7bad_array_new_length@std@@6B@ 00000001800173a8     LIBCMT:throw_bad_alloc.obj
 0002:000003b8       ??_C@_0BF@KINCDENJ@bad?5array?5new?5length@ 00000001800173b8     LIBCMT:throw_bad_alloc.obj
 0002:00000410       _pDestructExceptionObject  0000000180017410     libvcruntime:ehhelpers.obj
 0002:00000758       ??_C@_08EHJDFFNH@__based?$CI@ 0000000180017758     libvcruntime:undname.obj
 0002:00000768       ??_C@_07KOLFKCDI@__cdecl@  0000000180017768     libvcruntime:undname.obj
 0002:00000770       ??_C@_08GHMPAG@__pascal@   0000000180017770     libvcruntime:undname.obj
 0002:00000780       ??_C@_09IFJBGAPI@__stdcall@ 0000000180017780     libvcruntime:undname.obj
 0002:00000790       ??_C@_0L@NPHFGOKO@__thiscall@ 0000000180017790     libvcruntime:undname.obj
 0002:000007a0       ??_C@_0L@JMKHOMEK@__fastcall@ 00000001800177a0     libvcruntime:undname.obj
 0002:000007b0       ??_C@_0N@BCKKPABJ@__vectorcall@ 00000001800177b0     libvcruntime:undname.obj
 0002:000007c0       ??_C@_09HIJEGCPM@__clrcall@ 00000001800177c0     libvcruntime:undname.obj
 0002:000007cc       ??_C@_06GHPCKEAG@__eabi@   00000001800177cc     libvcruntime:undname.obj
 0002:000007d8       ??_C@_09IOPIDJLG@__swift_1@ 00000001800177d8     libvcruntime:undname.obj
 0002:000007e8       ??_C@_09KFNFGKHF@__swift_2@ 00000001800177e8     libvcruntime:undname.obj
 0002:000007f8       ??_C@_07JOMMBBKO@__ptr64@  00000001800177f8     libvcruntime:undname.obj
 0002:00000800       ??_C@_0L@PILCLIHE@__restrict@ 0000000180017800     libvcruntime:undname.obj
 0002:00000810       ??_C@_0M@GFIIJFMG@__unaligned@ 0000000180017810     libvcruntime:undname.obj
 0002:00000820       ??_C@_09DHDLOLLB@restrict?$CI@ 0000000180017820     libvcruntime:undname.obj
 0002:0000082a       ??_C@_00CNPNBAHC@@         000000018001782a     libvcruntime:undname.obj
 0002:0000082c       ??_C@_04NIHEBCM@?5new@     000000018001782c     libvcruntime:undname.obj
 0002:00000838       ??_C@_07FPCDHGMM@?5delete@ 0000000180017838     libvcruntime:undname.obj
 0002:00000840       ??_C@_01NEMOKFLO@?$DN@     0000000180017840     libvcruntime:undname.obj
 0002:00000844       ??_C@_02GPIOPFAK@?$DO?$DO@ 0000000180017844     libvcruntime:undname.obj
 0002:00000848       ??_C@_02FODMEDOG@?$DM?$DM@ 0000000180017848     libvcruntime:undname.obj
 0002:0000084c       ??_C@_01DCLJPIOD@?$CB@     000000018001784c     libvcruntime:undname.obj
 0002:00000850       ??_C@_02EGOFBIJA@?$DN?$DN@ 0000000180017850     libvcruntime:undname.obj
 0002:00000854       ??_C@_02FDNJECIE@?$CB?$DN@ 0000000180017854     libvcruntime:undname.obj
 0002:00000858       ??_C@_02GPECMEKF@?$FL?$FN@ 0000000180017858     libvcruntime:undname.obj
 0002:00000860       ??_C@_08LHJFAFGD@operator@ 0000000180017860     libvcruntime:undname.obj
 0002:0000086c       ??_C@_02HBOOOICD@?9?$DO@   000000018001786c     libvcruntime:undname.obj
 0002:00000870       ??_C@_01NBENCBCI@?$CK@     0000000180017870     libvcruntime:undname.obj
 0002:00000874       ??_C@_02ECNGHCIF@?$CL?$CL@ 0000000180017874     libvcruntime:undname.obj
 0002:00000878       ??_C@_02BAABKJLB@?9?9@     0000000180017878     libvcruntime:undname.obj
 0002:0000087c       ??_C@_01JOAMLHOP@?9@       000000018001787c     libvcruntime:undname.obj
 0002:00000880       ??_C@_01MIFGBAGJ@?$CL@     0000000180017880     libvcruntime:undname.obj
 0002:00000884       ??_C@_01HNPIGOCE@?$CG@     0000000180017884     libvcruntime:undname.obj
 0002:00000888       ??_C@_03MNHNFDLC@?9?$DO?$CK@ 0000000180017888     libvcruntime:undname.obj
 0002:0000088c       ??_C@_01KMDKNFGN@?1@       000000018001788c     libvcruntime:undname.obj
 0002:00000890       ??_C@_01FGNFDNOH@?$CF@     0000000180017890     libvcruntime:undname.obj
 0002:00000894       ??_C@_01MNNFJEPP@?$DM@     0000000180017894     libvcruntime:undname.obj
 0002:00000898       ??_C@_02EHCHHCKH@?$DM?$DN@ 0000000180017898     libvcruntime:undname.obj
 0002:0000089c       ??_C@_01PPODPGHN@?$DO@     000000018001789c     libvcruntime:undname.obj
 0002:000008a0       ??_C@_02EEKDKGMJ@?$DO?$DN@ 00000001800178a0     libvcruntime:undname.obj
 0002:000008a4       ??_C@_01IHBHIGKO@?0@       00000001800178a4     libvcruntime:undname.obj
 0002:000008a8       ??_C@_02HCKGKOFO@?$CI?$CJ@ 00000001800178a8     libvcruntime:undname.obj
 0002:000008ac       ??_C@_01PJKLJHI@?$HO@      00000001800178ac     libvcruntime:undname.obj
 0002:000008b0       ??_C@_01JKBOJNNK@?$FO@     00000001800178b0     libvcruntime:undname.obj
 0002:000008b4       ??_C@_01DNKMNLPK@?$HM@     00000001800178b4     libvcruntime:undname.obj
 0002:000008b8       ??_C@_02PPKAJPJL@?$CG?$CG@ 00000001800178b8     libvcruntime:undname.obj
 0002:000008bc       ??_C@_02NONPIBCD@?$HM?$HM@ 00000001800178bc     libvcruntime:undname.obj
 0002:000008c0       ??_C@_02FPIMKNGF@?$CK?$DN@ 00000001800178c0     libvcruntime:undname.obj
 0002:000008c4       ??_C@_02FOEOMHFC@?$CL?$DN@ 00000001800178c4     libvcruntime:undname.obj
 0002:000008c8       ??_C@_02FKMDLLOA@?9?$DN@   00000001800178c8     libvcruntime:undname.obj
 0002:000008cc       ??_C@_02FJEHGPIO@?1?$DN@   00000001800178cc     libvcruntime:undname.obj
 0002:000008d0       ??_C@_02FENAOKFI@?$CF?$DN@ 00000001800178d0     libvcruntime:undname.obj
 0002:000008d4       ??_C@_03IKFCCPFF@?$DO?$DO?$DN@ 00000001800178d4     libvcruntime:undname.obj
 0002:000008d8       ??_C@_03CDNPDDLA@?$DM?$DM?$DN@ 00000001800178d8     libvcruntime:undname.obj
 0002:000008dc       ??_C@_02FGJGFEAB@?$CG?$DN@ 00000001800178dc     libvcruntime:undname.obj
 0002:000008e0       ??_C@_02DHLNPPGH@?$HM?$DN@ 00000001800178e0     libvcruntime:undname.obj
 0002:000008e4       ??_C@_02MHEGNOJ@?$FO?$DN@  00000001800178e4     libvcruntime:undname.obj
 0002:000008e8       ??_C@_09IFPLHPGF@?$GAvftable?8@ 00000001800178e8     libvcruntime:undname.obj
 0002:000008f8       ??_C@_09BLBHBJP@?$GAvbtable?8@ 00000001800178f8     libvcruntime:undname.obj
 0002:00000908       ??_C@_07FEEIOKP@?$GAvcall?8@ 0000000180017908     libvcruntime:undname.obj
 0002:00000910       ??_C@_08LLFFHHDJ@?$GAtypeof?8@ 0000000180017910     libvcruntime:undname.obj
 0002:00000920       ??_C@_0BF@KDPPACIK@?$GAlocal?5static?5guard?8@ 0000000180017920     libvcruntime:undname.obj
 0002:00000938       ??_C@_08OBABFOLI@?$GAstring?8@ 0000000180017938     libvcruntime:undname.obj
 0002:00000948       ??_C@_0BD@JDLKDPAB@?$GAvbase?5destructor?8@ 0000000180017948     libvcruntime:undname.obj
 0002:00000960       ??_C@_0BN@DEGPLNFK@?$GAvector?5deleting?5destructor?8@ 0000000180017960     libvcruntime:undname.obj
 0002:00000980       ??_C@_0BO@OBMKPJIG@?$GAdefault?5constructor?5closure?8@ 0000000180017980     libvcruntime:undname.obj
 0002:000009a0       ??_C@_0BN@IMDCHIKM@?$GAscalar?5deleting?5destructor?8@ 00000001800179a0     libvcruntime:undname.obj
 0002:000009c0       ??_C@_0BO@PFGOCPJJ@?$GAvector?5constructor?5iterator?8@ 00000001800179c0     libvcruntime:undname.obj
 0002:000009e0       ??_C@_0BN@LFPFMEDL@?$GAvector?5destructor?5iterator?8@ 00000001800179e0     libvcruntime:undname.obj
 0002:00000a00       ??_C@_0CE@IKBNEHA@?$GAvector?5vbase?5constructor?5itera@ 0000000180017a00     libvcruntime:undname.obj
 0002:00000a28       ??_C@_0BL@NILFHHPC@?$GAvirtual?5displacement?5map?8@ 0000000180017a28     libvcruntime:undname.obj
 0002:00000a48       ??_C@_0CB@JONCMFFK@?$GAeh?5vector?5constructor?5iterator@ 0000000180017a48     libvcruntime:undname.obj
 0002:00000a70       ??_C@_0CA@GCEOPDGL@?$GAeh?5vector?5destructor?5iterator?8@ 0000000180017a70     libvcruntime:undname.obj
 0002:00000a90       ??_C@_0CH@OOJPLCPH@?$GAeh?5vector?5vbase?5constructor?5it@ 0000000180017a90     libvcruntime:undname.obj
 0002:00000ab8       ??_C@_0BL@LLKPOHJI@?$GAcopy?5constructor?5closure?8@ 0000000180017ab8     libvcruntime:undname.obj
 0002:00000ad8       ??_C@_0BA@KBCDOMBN@?$GAudt?5returning?8@ 0000000180017ad8     libvcruntime:undname.obj
 0002:00000ae8       ??_C@_03KLGMFNMG@?$GAEH@   0000000180017ae8     libvcruntime:undname.obj
 0002:00000aec       ??_C@_05KHLCHHI@?$GARTTI@  0000000180017aec     libvcruntime:undname.obj
 0002:00000af8       ??_C@_0BA@KKLDJDLB@?$GAlocal?5vftable?8@ 0000000180017af8     libvcruntime:undname.obj
 0002:00000b08       ??_C@_0CE@IIHCMGGL@?$GAlocal?5vftable?5constructor?5clos@ 0000000180017b08     libvcruntime:undname.obj
 0002:00000b2c       ??_C@_06FHBGPFGH@?5new?$FL?$FN@ 0000000180017b2c     libvcruntime:undname.obj
 0002:00000b38       ??_C@_09LBNFPBCA@?5delete?$FL?$FN@ 0000000180017b38     libvcruntime:undname.obj
 0002:00000b48       ??_C@_0P@HJKNJFNN@?$GAomni?5callsig?8@ 0000000180017b48     libvcruntime:undname.obj
 0002:00000b58       ??_C@_0BL@CNOONJFP@?$GAplacement?5delete?5closure?8@ 0000000180017b58     libvcruntime:undname.obj
 0002:00000b78       ??_C@_0BN@CKNJLHMB@?$GAplacement?5delete?$FL?$FN?5closure?8@ 0000000180017b78     libvcruntime:undname.obj
 0002:00000b98       ??_C@_0CG@CFDHKGGD@?$GAmanaged?5vector?5constructor?5ite@ 0000000180017b98     libvcruntime:undname.obj
 0002:00000bc0       ??_C@_0CF@IMGKMJNO@?$GAmanaged?5vector?5destructor?5iter@ 0000000180017bc0     libvcruntime:undname.obj
 0002:00000be8       ??_C@_0CG@HLDDJMAG@?$GAeh?5vector?5copy?5constructor?5ite@ 0000000180017be8     libvcruntime:undname.obj
 0002:00000c10       ??_C@_0CM@FCBBDIGB@?$GAeh?5vector?5vbase?5copy?5construct@ 0000000180017c10     libvcruntime:undname.obj
 0002:00000c40       ??_C@_0BL@CLIPGLGB@?$GAdynamic?5initializer?5for?5?8@ 0000000180017c40     libvcruntime:undname.obj
 0002:00000c60       ??_C@_0CB@PDBIFEP@?$GAdynamic?5atexit?5destructor?5for?5@ 0000000180017c60     libvcruntime:undname.obj
 0002:00000c88       ??_C@_0CD@CGAJBKEJ@?$GAvector?5copy?5constructor?5iterat@ 0000000180017c88     libvcruntime:undname.obj
 0002:00000cb0       ??_C@_0CJ@GJELGAMM@?$GAvector?5vbase?5copy?5constructor?5@ 0000000180017cb0     libvcruntime:undname.obj
 0002:00000ce0       ??_C@_0CL@FGIJHLCE@?$GAmanaged?5vector?5copy?5constructo@ 0000000180017ce0     libvcruntime:undname.obj
 0002:00000d10       ??_C@_0BM@PMGGMLDN@?$GAlocal?5static?5thread?5guard?8@ 0000000180017d10     libvcruntime:undname.obj
 0002:00000d30       ??_C@_0N@BDNMDMOL@operator?5?$CC?$CC?5@ 0000000180017d30     libvcruntime:undname.obj
 0002:00000d40       ??_C@_0BC@GGEBGALA@operator?5co_await@ 0000000180017d40     libvcruntime:undname.obj
 0002:00000d58       ??_C@_0BC@DAFEJGAK@?5Type?5Descriptor?8@ 0000000180017d58     libvcruntime:undname.obj
 0002:00000d70       ??_C@_0BM@LDKODKLH@?5Base?5Class?5Descriptor?5at?5?$CI@ 0000000180017d70     libvcruntime:undname.obj
 0002:00000d90       ??_C@_0BD@LGICGFMM@?5Base?5Class?5Array?8@ 0000000180017d90     libvcruntime:undname.obj
 0002:00000da8       ??_C@_0BN@MECKDCOJ@?5Class?5Hierarchy?5Descriptor?8@ 0000000180017da8     libvcruntime:undname.obj
 0002:00000dc8       ??_C@_0BK@CFCOFLF@?5Complete?5Object?5Locator?8@ 0000000180017dc8     libvcruntime:undname.obj
 0002:00000e00       ??_C@_1DM@KHCHBNEB@?$AAa?$AAp?$AAi?$AA?9?$AAm?$AAs?$AA?9?$AAw?$AAi?$AAn?$AA?9?$AAc?$AAo?$AAr?$AAe@ 0000000180017e00     libvcruntime:winapi_downlevel.obj
 0002:00000e40       ??_C@_1DK@LPPGFMPP@?$AAa?$AAp?$AAi?$AA?9?$AAm?$AAs?$AA?9?$AAw?$AAi?$AAn?$AA?9?$AAc?$AAo?$AAr?$AAe@ 0000000180017e40     libvcruntime:winapi_downlevel.obj
 0002:00000e80       ??_C@_1BC@GDMECMAK@?$AAk?$AAe?$AAr?$AAn?$AAe?$AAl?$AA3?$AA2@ 0000000180017e80     libvcruntime:winapi_downlevel.obj
 0002:00000e98       ??_C@_1BA@PFFKHIOG@?$AAa?$AAp?$AAi?$AA?9?$AAm?$AAs?$AA?9@ 0000000180017e98     libvcruntime:winapi_downlevel.obj
 0002:00000ea8       ??_C@_1BA@IAIFMGEF@?$AAe?$AAx?$AAt?$AA?9?$AAm?$AAs?$AA?9@ 0000000180017ea8     libvcruntime:winapi_downlevel.obj
 0002:00000ec0       ??_C@_08KNHFBNJ@FlsAlloc@  0000000180017ec0     libvcruntime:winapi_downlevel.obj
 0002:00000ed8       ??_C@_07PEJMOBNF@FlsFree@  0000000180017ed8     libvcruntime:winapi_downlevel.obj
 0002:00000ee8       ??_C@_0M@GDNOONDI@FlsGetValue@ 0000000180017ee8     libvcruntime:winapi_downlevel.obj
 0002:00000f00       ??_C@_0M@JCPCPOEF@FlsSetValue@ 0000000180017f00     libvcruntime:winapi_downlevel.obj
 0002:00000f18       ??_C@_0BM@HCFOFFN@InitializeCriticalSectionEx@ 0000000180017f18     libvcruntime:winapi_downlevel.obj
 0002:00000f40       ??_C@_1FE@LHBLIKM@?$AAA?$AAs?$AAs?$AAe?$AAr?$AAt?$AAi?$AAo?$AAn?$AA?5?$AAf?$AAa?$AAi?$AAl?$AAe?$AAd?$AA?3?$AA?5?$AA?$CF?$AAT?$AAs?$AA?0?$AA?5?$AAf?$AAi?$AAl?$AAe?$AA?5?$AA?$CF?$AAT?$AAs?$AA?0@ 0000000180017f40     libucrt:assert.obj
 0002:00000fa0       ??_C@_1EK@MBDPDCGA@?$AAM?$AAi?$AAc?$AAr?$AAo?$AAs?$AAo?$AAf?$AAt?$AA?5?$AAV?$AAi?$AAs?$AAu?$AAa?$AAl?$AA?5?$AAC?$AA?$CL?$AA?$CL?$AA?5?$AAR?$AAu?$AAn?$AAt?$AAi?$AAm?$AAe?$AA?5?$AAL?$AAi?$AAb@ 0000000180017fa0     libucrt:assert.obj
 0002:00000ff0       ??_C@_1CE@OJBNHDMO@?$AAA?$AAs?$AAs?$AAe?$AAr?$AAt?$AAi?$AAo?$AAn?$AA?5?$AAf?$AAa?$AAi?$AAl?$AAe?$AAd?$AA?$CB?$AA?$AA@ 0000000180017ff0     libucrt:assert.obj
 0002:00001018       ??_C@_1BE@PHKBBGE@?$AAP?$AAr?$AAo?$AAg?$AAr?$AAa?$AAm?$AA?3?$AA?5?$AA?$AA@ 0000000180018018     libucrt:assert.obj
 0002:00001030       ??_C@_1O@HEMHKNDC@?$AAF?$AAi?$AAl?$AAe?$AA?3?$AA?5?$AA?$AA@ 0000000180018030     libucrt:assert.obj
 0002:00001040       ??_C@_1O@KCAFKHJE@?$AAL?$AAi?$AAn?$AAe?$AA?3?$AA?5?$AA?$AA@ 0000000180018040     libucrt:assert.obj
 0002:00001050       ??_C@_1BK@PEDCIPMA@?$AAE?$AAx?$AAp?$AAr?$AAe?$AAs?$AAs?$AAi?$AAo?$AAn?$AA?3?$AA?5?$AA?$AA@ 0000000180018050     libucrt:assert.obj
 0002:00001070       ??_C@_1OA@EGMLFBHJ@?$AAF?$AAo?$AAr?$AA?5?$AAi?$AAn?$AAf?$AAo?$AAr?$AAm?$AAa?$AAt?$AAi?$AAo?$AAn?$AA?5?$AAo?$AAn?$AA?5?$AAh?$AAo?$AAw?$AA?5?$AAy?$AAo?$AAu?$AAr?$AA?5?$AAp?$AAr?$AAo?$AAg@ 0000000180018070     libucrt:assert.obj
 0002:00001150       ??_C@_1HK@POCJMFGK@?$AA?$CI?$AAP?$AAr?$AAe?$AAs?$AAs?$AA?5?$AAR?$AAe?$AAt?$AAr?$AAy?$AA?5?$AAt?$AAo?$AA?5?$AAd?$AAe?$AAb?$AAu?$AAg?$AA?5?$AAt?$AAh?$AAe?$AA?5?$AAa?$AAp?$AAp?$AAl?$AAi?$AAc@ 0000000180018150     libucrt:assert.obj
 0002:000011d0       ??_C@_17LGKOMLJ@?$AA?4?$AA?4?$AA?4?$AA?$AA@ 00000001800181d0     libucrt:assert.obj
 0002:000011d8       ??_C@_13LBAGMAIH@?$AA?6?$AA?$AA@ 00000001800181d8     libucrt:assert.obj
 0002:000011dc       ??_C@_15IABLJNFO@?$AA?6?$AA?6?$AA?$AA@ 00000001800181dc     libucrt:assert.obj
 0002:000011e8       ??_C@_1CO@EAEJAADC@?$AA?$DM?$AAp?$AAr?$AAo?$AAg?$AAr?$AAa?$AAm?$AA?5?$AAn?$AAa?$AAm?$AAe?$AA?5?$AAu?$AAn?$AAk?$AAn?$AAo?$AAw?$AAn?$AA?$DO?$AA?$AA@ 00000001800181e8     libucrt:assert.obj
 0002:00001220       __acrt_exception_action_table 0000000180018220     libucrt:exception_filter.obj
 0002:000012e0       __acrt_signal_action_table_count 00000001800182e0     libucrt:exception_filter.obj
 0002:000012e8       __acrt_signal_action_first_fpe_index 00000001800182e8     libucrt:exception_filter.obj
 0002:000012f0       __acrt_signal_action_fpe_count 00000001800182f0     libucrt:exception_filter.obj
 0002:000012f8       ??_C@_1BI@BGOHAHKC@?$AAm?$AAs?$AAc?$AAo?$AAr?$AAe?$AAe?$AA?4?$AAd?$AAl?$AAl?$AA?$AA@ 00000001800182f8     libucrt:exit.obj
 0002:00001310       ??_C@_0P@MIGLKIOC@CorExitProcess?$AA@ 0000000180018310     libucrt:exit.obj
 0002:00001420       standard_lookup_table      0000000180018420     libucrt:output.obj
 0002:00001480       ??_C@_1O@CEDCILHN@?$AA?$CI?$AAn?$AAu?$AAl?$AAl?$AA?$CJ?$AA?$AA@ 0000000180018480     libucrt:output.obj
 0002:00001490       ??_C@_06OJHGLDPL@?$CInull?$CJ?$AA@ 0000000180018490     libucrt:output.obj
 0002:00001610       __lc_time_c                0000000180018610     libucrt:nlsdata.obj
 0002:000018d0       ??_C@_03KOEHGMDN@Sun?$AA@  00000001800188d0     libucrt:nlsdata.obj
 0002:000018d4       ??_C@_03PDAGKDH@Mon?$AA@   00000001800188d4     libucrt:nlsdata.obj
 0002:000018d8       ??_C@_03NAGEINEP@Tue?$AA@  00000001800188d8     libucrt:nlsdata.obj
 0002:000018dc       ??_C@_03MHOMLAJA@Wed?$AA@  00000001800188dc     libucrt:nlsdata.obj
 0002:000018e0       ??_C@_03IOFIKPDN@Thu?$AA@  00000001800188e0     libucrt:nlsdata.obj
 0002:000018e4       ??_C@_03IDIOELNC@Fri?$AA@  00000001800188e4     libucrt:nlsdata.obj
 0002:000018e8       ??_C@_03FEFJNEK@Sat?$AA@   00000001800188e8     libucrt:nlsdata.obj
 0002:000018ec       ??_C@_06OOPIFAJ@Sunday?$AA@ 00000001800188ec     libucrt:nlsdata.obj
 0002:000018f4       ??_C@_06JLEDEDGH@Monday?$AA@ 00000001800188f4     libucrt:nlsdata.obj
 0002:00001900       ??_C@_07BAAGCFCM@Tuesday?$AA@ 0000000180018900     libucrt:nlsdata.obj
 0002:00001908       ??_C@_09DLIGFAKA@Wednesday?$AA@ 0000000180018908     libucrt:nlsdata.obj
 0002:00001918       ??_C@_08HACCIKIA@Thursday?$AA@ 0000000180018918     libucrt:nlsdata.obj
 0002:00001924       ??_C@_06JECMNKMI@Friday?$AA@ 0000000180018924     libucrt:nlsdata.obj
 0002:00001930       ??_C@_08INBOOONO@Saturday?$AA@ 0000000180018930     libucrt:nlsdata.obj
 0002:0000193c       ??_C@_03JIHJHPIE@Jan?$AA@  000000018001893c     libucrt:nlsdata.obj
 0002:00001940       ??_C@_03HJBDCHOM@Feb?$AA@  0000000180018940     libucrt:nlsdata.obj
 0002:00001944       ??_C@_03ODNJBKGA@Mar?$AA@  0000000180018944     libucrt:nlsdata.obj
 0002:00001948       ??_C@_03LEOLGMJP@Apr?$AA@  0000000180018948     libucrt:nlsdata.obj
 0002:0000194c       ??_C@_03CNMDKL@May?$AA@    000000018001894c     libucrt:nlsdata.obj
 0002:00001950       ??_C@_03IDFGHECI@Jun?$AA@  0000000180018950     libucrt:nlsdata.obj
 0002:00001954       ??_C@_03LBGABGKK@Jul?$AA@  0000000180018954     libucrt:nlsdata.obj
 0002:00001958       ??_C@_03IFJFEIGA@Aug?$AA@  0000000180018958     libucrt:nlsdata.obj
[...]
 0004:00000ee8       $pdata$?fp_format_g@@YAHQEBNQEAD_K12H_NIQEAU__crt_locale_pointers@@@Z 0000000180033ee8     libucrt:cvt.obj
 0004:00000ef4       $pdata$?fp_format_nan_or_infinity@@YAHW4__acrt_fp_class@@_NPEAD_K1@Z 0000000180033ef4     libucrt:cvt.obj
 0004:00000f00       $pdata$__acrt_fp_format    0000000180033f00     libucrt:cvt.obj
 0004:00000f0c       $pdata$_fputwc_nolock      0000000180033f0c     libucrt:fputwc.obj
 0004:00000f18       $pdata$_fileno             0000000180033f18     libucrt:fileno.obj
 0004:00000f24       $pdata$__pctype_func       0000000180033f24     libucrt:ctype.obj
 0004:00000f30       $pdata$iswctype            0000000180033f30     libucrt:iswctype.obj
 0004:00000f3c       $pdata$_isctype_l          0000000180033f3c     libucrt:isctype.obj
 0004:00000f48       $pdata$_fcloseall          0000000180033f48     libucrt:closeall.obj
 0004:00000f54       $pdata$__acrt_stdio_free_buffer_nolock 0000000180033f54     libucrt:_freebuf.obj
 0004:00000f60       $pdata$??$?RV<lambda_a37b2b86f63e897a80ea819b0eb08c01>@@AEAV<lambda_38ce7e780aa69e748d6df282ebc68efe>@@V<lambda_99fb1378e971ab6e7edea83e3a7a83a2>@@@?$__crt_seh_guarded_call@H@@QEAAH$$QEAV<lambda_a37b2b86f63e897a80ea819b0eb08c01>@@AEAV<lambda_38ce7e780aa69e748d6df282ebc68efe>@@$$QEAV<lambda_99fb1378e971ab6e7edea83e3a7a83a2>@@@Z 0000000180033f60     libucrt:commit.obj
 0004:00000f6c       $pdata$_commit             0000000180033f6c     libucrt:commit.obj
 0004:00000f78       $pdata$?write_double_translated_ansi_nolock@@YA?AUwrite_result@?A0x17268360@@HQEBDI@Z 0000000180033f78     libucrt:write.obj
 0004:00000f84       $pdata$?write_text_ansi_nolock@@YA?AUwrite_result@?A0x17268360@@HQEBDI@Z 0000000180033f84     libucrt:write.obj
 0004:00000f90       $pdata$?write_text_utf16le_nolock@@YA?AUwrite_result@?A0x17268360@@HQEBDI@Z 0000000180033f90     libucrt:write.obj
 0004:00000f9c       $pdata$?write_text_utf8_nolock@@YA?AUwrite_result@?A0x17268360@@HQEBDI@Z 0000000180033f9c     libucrt:write.obj
 0004:00000fa8       $pdata$_write              0000000180033fa8     libucrt:write.obj
 0004:00000fb4       $pdata$_write_nolock       0000000180033fb4     libucrt:write.obj
 0004:00000fc0       $pdata$__acrt_free_locale  0000000180033fc0     libucrt:locale_refcounting.obj
 0004:00000fcc       $pdata$__acrt_locale_free_lc_time_if_unreferenced 0000000180033fcc     libucrt:locale_refcounting.obj
 0004:00000fd8       $pdata$__acrt_release_locale_ref 0000000180033fd8     libucrt:locale_refcounting.obj
 0004:00000fe4       $pdata$__acrt_update_thread_locale_data 0000000180033fe4     libucrt:locale_refcounting.obj
 0004:00000ff0       $pdata$_updatetlocinfoEx_nolock 0000000180033ff0     libucrt:locale_refcounting.obj
 0004:00000ffc       $pdata$_isleadbyte_l       0000000180033ffc     libucrt:_wctype.obj
 0004:00001008       $pdata$?__acrt_LCMapStringA_stat@@YAHPEAU__crt_locale_pointers@@PEB_WKPEBDHPEADHHH@Z 0000000180034008     libucrt:lcmapstringa.obj
 0004:00001014       $pdata$__acrt_LCMapStringA 0000000180034014     libucrt:lcmapstringa.obj
 0004:00001020       $pdata$__acrt_locale_free_monetary 0000000180034020     libucrt:initmon.obj
 0004:0000102c       $pdata$__acrt_locale_free_numeric 000000018003402c     libucrt:initnum.obj
 0004:00001038       $pdata$?free_crt_array_internal@@YAXQEAPEBX_K@Z 0000000180034038     libucrt:inittime.obj
 0004:00001044       $pdata$__acrt_locale_free_time 0000000180034044     libucrt:inittime.obj
 0004:00001050       $pdata$__acrt_GetStringTypeA 0000000180034050     libucrt:getstringtypea.obj
 0004:0000105c       $pdata$qsort               000000018003405c     libucrt:qsort.obj
 0004:00001068       $pdata$4$qsort             0000000180034068     libucrt:qsort.obj
 0004:00001074       $pdata$5$qsort             0000000180034074     libucrt:qsort.obj
 0004:00001080       $pdata$strncpy_s           0000000180034080     libucrt:strncpy_s.obj
 0004:0000108c       $pdata$fallbackMethod      000000018003408c     libucrt:strpbrk.obj
 0004:00001098       $pdata$strpbrk             0000000180034098     libucrt:strpbrk.obj
 0004:000010a4       $pdata$_mbsdec_l           00000001800340a4     libucrt:mbsdec.obj
 0004:000010b0       $pdata$?initialize_multibyte@@YAHXZ 00000001800340b0     libucrt:multibyte_initializer.obj
 0004:000010bc       $pdata$_msize_base         00000001800340bc     libucrt:msize.obj
 0004:000010c8       $pdata$_realloc_base       00000001800340c8     libucrt:realloc_base.obj
 0004:000010d4       $pdata$?GetTableIndexFromLocaleName@@YAHPEB_W@Z 00000001800340d4     libucrt:lcidtoname_downlevel.obj
 0004:000010e0       $pdata$__acrt_DownlevelLocaleNameToLCID 00000001800340e0     libucrt:lcidtoname_downlevel.obj
 0004:000010ec       $pdata$__acrt_lowio_create_handle_array 00000001800340ec     libucrt:osfinfo.obj
 0004:000010f8       $pdata$__acrt_lowio_destroy_handle_array 00000001800340f8     libucrt:osfinfo.obj
 0004:00001104       $pdata$__acrt_lowio_ensure_fh_exists 0000000180034104     libucrt:osfinfo.obj
 0004:00001110       $pdata$_free_osfhnd        0000000180034110     libucrt:osfinfo.obj
 0004:0000111c       $pdata$_get_osfhandle      000000018003411c     libucrt:osfinfo.obj
 0004:00001128       $pdata$_isatty             0000000180034128     libucrt:isatty.obj
 0004:00001134       $pdata$?__mbrtowc_utf8@__crt_mbstring@@YA_KPEA_WPEBD_KPEAU_Mbstatet@@@Z 0000000180034134     libucrt:mbrtowc.obj
 0004:00001140       $pdata$?__mbsrtowcs_utf8@__crt_mbstring@@YA_KPEA_WPEAPEBD_KPEAU_Mbstatet@@@Z 0000000180034140     libucrt:mbrtowc.obj
 0004:0000114c       $pdata$?__c32rtomb_utf8@__crt_mbstring@@YA_KPEAD_UPEAU_Mbstatet@@@Z 000000018003414c     libucrt:c32rtomb.obj
 0004:00001158       $pdata$__acrt_fp_strflt_to_string 0000000180034158     libucrt:_fptostr.obj
 0004:00001164       $pdata$?divide@__crt_strtox@@YA_KAEAUbig_integer@1@AEBU21@@Z 0000000180034164     libucrt:cfout.obj
 0004:00001170       $pdata$0$?divide@__crt_strtox@@YA_KAEAUbig_integer@1@AEBU21@@Z 0000000180034170     libucrt:cfout.obj
 0004:0000117c       $pdata$1$?divide@__crt_strtox@@YA_KAEAUbig_integer@1@AEBU21@@Z 000000018003417c     libucrt:cfout.obj
 0004:00001188       $pdata$__acrt_fltout       0000000180034188     libucrt:cfout.obj
 0004:00001194       $pdata$memcpy_s            0000000180034194     libucrt:cfout.obj
 0004:000011a0       $pdata$??$write_buffer_nolock@D@@YA_NDV__crt_stdio_stream@@@Z 00000001800341a0     libucrt:_flsbuf.obj
 0004:000011ac       $pdata$??$write_buffer_nolock@_W@@YA_N_WV__crt_stdio_stream@@@Z 00000001800341ac     libucrt:_flsbuf.obj
 0004:000011b8       $pdata$?stream_is_at_end_of_file_nolock@@YA_NV__crt_stdio_stream@@@Z 00000001800341b8     libucrt:_flsbuf.obj
 0004:000011c4       $pdata$__acrt_stdio_flush_and_write_narrow_nolock 00000001800341c4     libucrt:_flsbuf.obj
 0004:000011d0       $pdata$__acrt_stdio_flush_and_write_wide_nolock 00000001800341d0     libucrt:_flsbuf.obj
 0004:000011dc       $pdata$_fclose_nolock      00000001800341dc     libucrt:fclose.obj
 0004:000011e8       $pdata$fclose              00000001800341e8     libucrt:fclose.obj
 0004:000011f4       $pdata$??$common_lseek@_J@@YA_JH_JH@Z 00000001800341f4     libucrt:lseek.obj
 0004:00001200       $pdata$??$common_lseek_nolock@_J@@YA_JH_JH@Z 0000000180034200     libucrt:lseek.obj
 0004:0000120c       $pdata$_putwch_nolock      000000018003420c     libucrt:putwch.obj
 0004:00001218       $pdata$?__mbrtoc32_utf8@__crt_mbstring@@YA_KPEA_UPEBD_KPEAU_Mbstatet@@@Z 0000000180034218     libucrt:mbrtoc32.obj
 0004:00001224       $pdata$fegetenv            0000000180034224     libucrt:fegetenv.obj
 0004:00001230       $pdata$fesetenv            0000000180034230     libucrt:fesetenv.obj
 0004:0000123c       $pdata$feholdexcept        000000018003423c     libucrt:feholdexcept.obj
 0004:00001254       $pdata$__acrt_stdio_allocate_buffer_nolock 0000000180034254     libucrt:_getbuf.obj
 0004:00001260       $pdata$??$?RV<lambda_751a882b2c74d4b022dec766aa51a29a>@@AEAV<lambda_628dfdc04ba53c8bfc02c9951375f3f5>@@V<lambda_f6c7be5f7998530c34de24c7437d6b54>@@@?$__crt_seh_guarded_call@H@@QEAAH$$QEAV<lambda_751a882b2c74d4b022dec766aa51a29a>@@AEAV<lambda_628dfdc04ba53c8bfc02c9951375f3f5>@@$$QEAV<lambda_f6c7be5f7998530c34de24c7437d6b54>@@@Z 0000000180034260     libucrt:close.obj
 0004:0000126c       $pdata$_close              000000018003426c     libucrt:close.obj
 0004:00001278       $pdata$_close_nolock       0000000180034278     libucrt:close.obj
 0004:00001284       $pdata$__dcrt_lowio_ensure_console_output_initialized 0000000180034284     libucrt:initcon.obj
 0004:00001290       $pdata$__dcrt_terminate_console_output 0000000180034290     libucrt:initcon.obj
 0004:0000129c       $pdata$__dcrt_write_console 000000018003429c     libucrt:initcon.obj
 0004:000012a8       $pdata$__acrt_fenv_set_control 00000001800342a8     libucrt:_fenvutils.obj
 0004:000012b4       $pdata$_clearfp            00000001800342b4     libucrt:ieee.obj
 0004:000012c0       $pdata$_call_matherr       00000001800342c0     libucrt:libm_error.obj
 0004:000012cc       $pdata$_exception_enabled  00000001800342cc     libucrt:libm_error.obj
 0004:000012d8       $pdata$_handle_error       00000001800342d8     libucrt:libm_error.obj
 0004:000012e4       $pdata$__acrt_initialize_fma3 00000001800342e4     libucrt:fma3_available.obj
 0004:000012f0       $pdata$_log10_special      00000001800342f0     libucrt:log_special.obj
 0004:000012fc       $pdata$_log_special_common 00000001800342fc     libucrt:log_special.obj
 0004:00001314       $pdata$_raise_exc          0000000180034314     libucrt:fpexcept.obj
 0004:00001320       $pdata$_raise_exc_ex       0000000180034320     libucrt:fpexcept.obj
 0004:0000132c       $pdata$_set_errno_from_matherr 000000018003432c     libucrt:fpexcept.obj
 0004:00001338       $pdata$_clrfp              0000000180034338     libucrt:fpctrl.obj
 0004:00001344       $pdata$_ctrlfp             0000000180034344     libucrt:fpctrl.obj
 0004:00001350       $pdata$_set_statfp         0000000180034350     libucrt:fpctrl.obj
 0004:0000135c       $pdata$_statfp             000000018003435c     libucrt:fpctrl.obj
 0004:00001368       $pdata$?DloadAcquireSectionWriteAccess@@YAXXZ 0000000180034368     DelayImp:delayhlp.obj
 0004:00001374       $pdata$?DloadGetSRWLockFunctionPointers@@YAEXZ 0000000180034374     DelayImp:delayhlp.obj
 0004:00001380       $pdata$?DloadMakePermanentImageCommit@@YAXPEAX_K@Z 0000000180034380     DelayImp:delayhlp.obj
 0004:0000138c       $pdata$?DloadObtainSection@@YAPEAXPEAK0@Z 000000018003438c     DelayImp:delayhlp.obj
 0004:00001398       $pdata$?DloadProtectSection@@YAXKPEAK@Z 0000000180034398     DelayImp:delayhlp.obj
 0004:000013a4       $pdata$?DloadReleaseSectionWriteAccess@@YAXXZ 00000001800343a4     DelayImp:delayhlp.obj
 0004:000013b0       $pdata$__delayLoadHelper2  00000001800343b0     DelayImp:delayhlp.obj
 0004:000013bc       $pdata$_IsNonwritableInCurrentImage 00000001800343bc     LIBCMT:pesect.obj
 0004:000013c8       $pdata$__GSHandlerCheck    00000001800343c8     LIBCMT:gshandler.obj
 0004:000013d4       $pdata$__GSHandlerCheckCommon 00000001800343d4     LIBCMT:gshandler.obj
 0004:000013f8       $pdata$strrchr             00000001800343f8     libvcruntime:strrchr.obj
 0004:00001410       $pdata$?fin$0@?0??dllmain_crt_process_attach@@YAHQEAUHINSTANCE__@@QEAX@Z@4HA 0000000180034410     LIBCMT:dll_dllmain.obj
 0004:0000141c       $pdata$?fin$0@?0??dllmain_crt_process_detach@@YAH_N@Z@4HA 000000018003441c     LIBCMT:dll_dllmain.obj
 0004:00001428       $pdata$?filt$0@?0??dllmain_dispatch@@YAHQEAUHINSTANCE__@@KQEAX@Z@4HA 0000000180034428     LIBCMT:dll_dllmain.obj
 0004:00001434       $pdata$__scrt_is_nonwritable_in_current_image$filt$0 0000000180034434     LIBCMT:utility.obj
 0004:00001440       $pdata$__DestructExceptionObject$filt$0 0000000180034440     libvcruntime:ehhelpers.obj
 0004:0000144c       $pdata$_query_new_handler$fin$0 000000018003444c     libucrt:new_handler.obj
 0004:00001458       $pdata$?fin$0@?0???$?RV<lambda_f2e299630e499de9f9a165e60fcd3db5>@@AEAV<lambda_2ae9d31cdba2644fcbeaf08da7c24588>@@V<lambda_40d01ff24d0e7b3814fdbdcee8eab3c7>@@@?$__crt_seh_guarded_call@X@@QEAAX$$QEAV<lambda_f2e299630e499de9f9a165e60fcd3db5>@@AEAV<lambda_2ae9d31cdba2644fcbeaf08da7c24588>@@$$QEAV<lambda_40d01ff24d0e7b3814fdbdcee8eab3c7>@@@Z@4HA 0000000180034458     libucrt:per_thread_data.obj
 0004:00001458       $pdata$?fin$0@?0???$?RV<lambda_2d41944a1d46af3157314b8a01080d33>@@AEAV<lambda_8f455de75cd7d7f24b4096f044d8b9e6>@@V<lambda_aa500f224e6afead328df44964fe2772>@@@?$__crt_seh_guarded_call@X@@QEAAX$$QEAV<lambda_2d41944a1d46af3157314b8a01080d33>@@AEAV<lambda_8f455de75cd7d7f24b4096f044d8b9e6>@@$$QEAV<lambda_aa500f224e6afead328df44964fe2772>@@@Z@4HA 0000000180034458     libucrt:per_thread_data.obj
 0004:00001458       $pdata$?fin$0@?0???$?RV<lambda_aa87e3671a710a21b5dc78c0bdf72e11>@@AEAV<lambda_92619d2358a28f41a33ba319515a20b9>@@V<lambda_6992ecaafeb10aed2b74cb1fae11a551>@@@?$__crt_seh_guarded_call@X@@QEAAX$$QEAV<lambda_aa87e3671a710a21b5dc78c0bdf72e11>@@AEAV<lambda_92619d2358a28f41a33ba319515a20b9>@@$$QEAV<lambda_6992ecaafeb10aed2b74cb1fae11a551>@@@Z@4HA 0000000180034458     libucrt:per_thread_data.obj
 0004:00001458       $pdata$?fin$0@?0???$?RV<lambda_efdfa57d1f175319df784efa44bb7b81>@@AEAV<lambda_5f0a4c1567f8adc6734073e5d1e1b35c>@@V<lambda_2e8a7d3640ea6ccb4c2413664c2db6fd>@@@?$__crt_seh_guarded_call@X@@QEAAX$$QEAV<lambda_efdfa57d1f175319df784efa44bb7b81>@@AEAV<lambda_5f0a4c1567f8adc6734073e5d1e1b35c>@@$$QEAV<lambda_2e8a7d3640ea6ccb4c2413664c2db6fd>@@@Z@4HA 0000000180034458     libucrt:mbctype.obj
 0004:00001458       $pdata$?fin$0@?0???$?RV<lambda_450d765d439847d4c735a33c368b5fc0>@@AEAV<lambda_44731a7d0e6d81c3e6aa82d741081786>@@V<lambda_601a2a7da3b7a96e9554ac7215c4b07c>@@@?$__crt_seh_guarded_call@P6AXH@Z@@QEAAP6AXH@Z$$QEAV<lambda_450d765d439847d4c735a33c368b5fc0>@@AEAV<lambda_44731a7d0e6d81c3e6aa82d741081786>@@$$QEAV<lambda_601a2a7da3b7a96e9554ac7215c4b07c>@@@Z@4HA 0000000180034458     libucrt:signal.obj
 0004:00001458       $pdata$?fin$0@?0???$?RV<lambda_7777bce6b2f8c936911f934f8298dc43>@@AEAV<lambda_f03950bc5685219e0bcd2087efbe011e>@@V<lambda_3883c3dff614d5e0c5f61bb1ac94921c>@@@?$__crt_seh_guarded_call@H@@QEAAH$$QEAV<lambda_7777bce6b2f8c936911f934f8298dc43>@@AEAV<lambda_f03950bc5685219e0bcd2087efbe011e>@@$$QEAV<lambda_3883c3dff614d5e0c5f61bb1ac94921c>@@@Z@4HA 0000000180034458     libucrt:onexit.obj
 0004:00001458       $pdata$?fin$0@?0???$?RV<lambda_d80eeec6fff315bfe5c115232f3240e3>@@AEAV<lambda_6e4b09c48022b2350581041d5f6b0c4c>@@V<lambda_2358e3775559c9db80273638284d5e45>@@@?$__crt_seh_guarded_call@X@@QEAAX$$QEAV<lambda_d80eeec6fff315bfe5c115232f3240e3>@@AEAV<lambda_6e4b09c48022b2350581041d5f6b0c4c>@@$$QEAV<lambda_2358e3775559c9db80273638284d5e45>@@@Z@4HA 0000000180034458     libucrt:exit.obj
 0004:00001458       $pdata$?fin$0@?0???$?RV<lambda_0ae27a3a962d80f24befdcbee591983d>@@AEAV<lambda_8d0ee55de4b1038c4002e0adecdf1839>@@V<lambda_dc504788e8f1664fe9b84e20bfb512f2>@@@?$__crt_seh_guarded_call@X@@QEAAX$$QEAV<lambda_0ae27a3a962d80f24befdcbee591983d>@@AEAV<lambda_8d0ee55de4b1038c4002e0adecdf1839>@@$$QEAV<lambda_dc504788e8f1664fe9b84e20bfb512f2>@@@Z@4HA 0000000180034458     libucrt:per_thread_data.obj
 0004:00001464       $pdata$?filt$0@?0???R<lambda_6e4b09c48022b2350581041d5f6b0c4c>@@QEBA@XZ@4HA 0000000180034464     libucrt:exit.obj
 0004:00001470       $pdata$?fin$0@?0???$?RV<lambda_842d9ff0dc9ef11c61343bbaebe7f885>@@AEAV<lambda_c5860995281e5c4ce005b3de8f5874ee>@@V<lambda_d90129c13df834fdcbf8d2b88dafcf2d>@@@?$__crt_seh_guarded_call@X@@QEAAX$$QEAV<lambda_842d9ff0dc9ef11c61343bbaebe7f885>@@AEAV<lambda_c5860995281e5c4ce005b3de8f5874ee>@@$$QEAV<lambda_d90129c13df834fdcbf8d2b88dafcf2d>@@@Z@4HA 0000000180034470     libucrt:fflush.obj
 0004:00001470       $pdata$?fin$0@?0???$?RV<lambda_84ec643ea9557e2f7dc01bb0e9624395>@@AEAV<lambda_ca71763b3c0644891230e4f79ea54fa6>@@V<lambda_439a761618c59b0600e24586724d733b>@@@?$__crt_seh_guarded_call@H@@QEAAH$$QEAV<lambda_84ec643ea9557e2f7dc01bb0e9624395>@@AEAV<lambda_ca71763b3c0644891230e4f79ea54fa6>@@$$QEAV<lambda_439a761618c59b0600e24586724d733b>@@@Z@4HA 0000000180034470     libucrt:setvbuf.obj
 0004:00001470       $pdata$?fin$0@?0???$?RV<lambda_c376a267cfb53b6959b3b692ec76b120>@@AEAV<lambda_9a32fed5bf61b6b509b2d3f6003082a1>@@V<lambda_572fbb9fa0ab338edf41edfd4b5fcc8d>@@@?$__crt_seh_guarded_call@H@@QEAAH$$QEAV<lambda_c376a267cfb53b6959b3b692ec76b120>@@AEAV<lambda_9a32fed5bf61b6b509b2d3f6003082a1>@@$$QEAV<lambda_572fbb9fa0ab338edf41edfd4b5fcc8d>@@@Z@4HA 0000000180034470     libucrt:fflush.obj
 0004:00001470       $pdata$?fin$0@?0???$?RV<lambda_0d412022a4b28cc8a401ea49574e8ae6>@@AEAV<lambda_a775ed57af18ba8e4d5dc780aa9068fe>@@V<lambda_975a71a6baa488a08f4e15f6b0339b9e>@@@?$__crt_seh_guarded_call@H@@QEAAH$$QEAV<lambda_0d412022a4b28cc8a401ea49574e8ae6>@@AEAV<lambda_a775ed57af18ba8e4d5dc780aa9068fe>@@$$QEAV<lambda_975a71a6baa488a08f4e15f6b0339b9e>@@@Z@4HA 0000000180034470     libucrt:output.obj
 0004:0000147c       $pdata$?fin$0@?0???$?RV<lambda_886d6c58226a84441f68b9f2b8217b83>@@AEAV<lambda_ab61a845afdef5b7c387490eaf3616ee>@@V<lambda_f7f22ab5edc0698d5f6905b0d3f44752>@@@?$__crt_seh_guarded_call@X@@QEAAX$$QEAV<lambda_886d6c58226a84441f68b9f2b8217b83>@@AEAV<lambda_ab61a845afdef5b7c387490eaf3616ee>@@$$QEAV<lambda_f7f22ab5edc0698d5f6905b0d3f44752>@@@Z@4HA 000000018003447c     libucrt:fflush.obj
 0004:00001488       $pdata$raise$fin$0         0000000180034488     libucrt:signal.obj
 0004:00001494       $pdata$?fin$0@?0???$?RV<lambda_410d79af7f07d98d83a3f525b3859a53>@@AEAV<lambda_3e16ef9562a7dcce91392c22ab16ea36>@@V<lambda_38119f0e861e05405d8a144b9b982f0a>@@@?$__crt_seh_guarded_call@X@@QEAAX$$QEAV<lambda_410d79af7f07d98d83a3f525b3859a53>@@AEAV<lambda_3e16ef9562a7dcce91392c22ab16ea36>@@$$QEAV<lambda_38119f0e861e05405d8a144b9b982f0a>@@@Z@4HA 0000000180034494     libucrt:wsetlocale.obj
 0004:000014a0       $pdata$?fin$0@?0??update_thread_multibyte_data_internal@@YAPEAU__crt_multibyte_data@@QEAU__acrt_ptd@@QEAPEAU1@@Z@4HA 00000001800344a0     libucrt:mbctype.obj
 0004:000014ac       $pdata$__acrt_lowio_ensure_fh_exists$fin$0 00000001800344ac     libucrt:osfinfo.obj
 0004:000014ac       $pdata$__acrt_initialize_lowio$fin$0 00000001800344ac     libucrt:ioinit.obj
 0004:000014b8       $pdata$_fcloseall$fin$0    00000001800344b8     libucrt:closeall.obj
 0004:000014c4       $pdata$?fin$0@?0???$?RV<lambda_751a882b2c74d4b022dec766aa51a29a>@@AEAV<lambda_628dfdc04ba53c8bfc02c9951375f3f5>@@V<lambda_f6c7be5f7998530c34de24c7437d6b54>@@@?$__crt_seh_guarded_call@H@@QEAAH$$QEAV<lambda_751a882b2c74d4b022dec766aa51a29a>@@AEAV<lambda_628dfdc04ba53c8bfc02c9951375f3f5>@@$$QEAV<lambda_f6c7be5f7998530c34de24c7437d6b54>@@@Z@4HA 00000001800344c4     libucrt:close.obj
 0004:000014c4       $pdata$?fin$0@?0???$?RV<lambda_a37b2b86f63e897a80ea819b0eb08c01>@@AEAV<lambda_38ce7e780aa69e748d6df282ebc68efe>@@V<lambda_99fb1378e971ab6e7edea83e3a7a83a2>@@@?$__crt_seh_guarded_call@H@@QEAAH$$QEAV<lambda_a37b2b86f63e897a80ea819b0eb08c01>@@AEAV<lambda_38ce7e780aa69e748d6df282ebc68efe>@@$$QEAV<lambda_99fb1378e971ab6e7edea83e3a7a83a2>@@@Z@4HA 00000001800344c4     libucrt:commit.obj
 0004:000014d0       $pdata$_write$fin$0        00000001800344d0     libucrt:write.obj
 0004:000014d0       $pdata$?fin$0@?0???$common_lseek@_J@@YA_JH_JH@Z@4HA 00000001800344d0     libucrt:lseek.obj
 0004:000014dc       $pdata$__acrt_update_thread_locale_data$fin$0 00000001800344dc     libucrt:locale_refcounting.obj
 0004:000014e8       $pdata$fclose$fin$0        00000001800344e8     libucrt:fclose.obj
 0004:000014f4       $pdata$_ctrlfp$filt$0      00000001800344f4     libucrt:fpctrl.obj
 0004:00001500       $pdata$_IsNonwritableInCurrentImage$filt$0 0000000180034500     LIBCMT:pesect.obj
 0005:00000060       $R000000                   0000000180035060     * linker generated manifest res *

 Exports

  ordinal    name

        1    _register_plagiarism_
