 plagiarism

 Timestamp is 5c6928cc (Sun Feb 17 17:26:36 2019)

 Preferred load address is 0000000180000000

 Start         Length     Name                   Class
 0001:00000000 000000e0H .text$di                CODE
 0001:000000e0 00027270H .text$mn                CODE
 0001:00027350 00000020H .text$mn$00             CODE
 0001:00027370 000003f0H .text$x                 CODE
 0001:00027760 00000198H .text$yd                CODE
 0002:00000000 00000290H .idata$5                DATA
 0002:00000290 00000010H .00cfg                  DATA
 0002:000002a0 00000008H .CRT$XCA                DATA
 0002:000002a8 00000018H .CRT$XCC                DATA
 0002:000002c0 00000010H .CRT$XCL                DATA
 0002:000002d0 00000020H .CRT$XCU                DATA
 0002:000002f0 00000008H .CRT$XCZ                DATA
 0002:000002f8 00000008H .CRT$XIA                DATA
 0002:00000300 00000028H .CRT$XIC                DATA
 0002:00000328 00000008H .CRT$XIZ                DATA
 0002:00000330 00000008H .CRT$XPA                DATA
 0002:00000338 00000010H .CRT$XPX                DATA
 0002:00000348 00000008H .CRT$XPXA               DATA
 0002:00000350 00000008H .CRT$XPZ                DATA
 0002:00000358 00000008H .CRT$XTA                DATA
 0002:00000360 00000010H .CRT$XTZ                DATA
 0002:00000368 00000000H .gfids$y                DATA
 0002:00000370 00011b10H .rdata                  DATA
 0002:00011e80 0000090cH .rdata$r                DATA
 0002:0001278c 0000041cH .rdata$zzzdbg           DATA
 0002:00012ba8 00000008H .rtc$IAA                DATA
 0002:00012bb0 00000008H .rtc$IZZ                DATA
 0002:00012bb8 00000008H .rtc$TAA                DATA
 0002:00012bc0 00000010H .rtc$TZZ                DATA
 0002:00012bd0 00001e70H .xdata                  DATA
 0002:00014a40 00000244H .xdata$x                DATA
 0002:00014c84 00000020H .didat$2                DATA
 0002:00014ca4 00000024H .didat$3                DATA
 0002:00014cc8 000000e0H .didat$4                DATA
 0002:00014da8 000006f0H .didat$6                DATA
 0002:00015498 000000e8H .didat$7                DATA
 0002:00015580 00000058H .edata                  DATA
 0002:000155d8 00000014H .idata$2                DATA
 0002:000155ec 00000014H .idata$3                DATA
 0002:00015600 00000290H .idata$4                DATA
 0002:00015890 000005f4H .idata$6                DATA
 0003:00000000 00000b90H .data                   DATA
 0003:00000b90 00000320H .data$r                 DATA
 0003:00000eb0 000000e0H .didat$5                DATA
 0003:00000f90 000f7a54H .bss                    DATA
 0004:00000000 00002280H .pdata                  DATA
 0005:00000000 00000060H .rsrc$01                DATA
 0005:00000060 00000180H .rsrc$02                DATA

  Address         Publics by Value              Rva+Base               Lib:Object

 0000:00000000       __hybrid_code_map_count    0000000000000000     <absolute>
 0000:00000000       __hybrid_code_map          0000000000000000     <absolute>
 0000:00000000       __guard_iat_count          0000000000000000     <absolute>
 0000:00000000       __guard_longjmp_count      0000000000000000     <absolute>
 0000:00000000       __guard_longjmp_table      0000000000000000     <absolute>
 0000:00000000       __volatile_metadata        0000000000000000     <absolute>
 0000:00000000       __guard_iat_table          0000000000000000     <absolute>
 0000:00000000       __guard_fids_count         0000000000000000     <absolute>
 0000:00000000       ___safe_se_handler_count   0000000000000000     <absolute>
 0000:00000000       __enclave_config           0000000000000000     <absolute>
 0000:00000000       ___safe_se_handler_table   0000000000000000     <absolute>
 0000:00000000       __guard_fids_table         0000000000000000     <absolute>
 0000:00000000       __hybrid_auxiliary_iat     0000000000000000     <absolute>
 0000:00000000       __dynamic_value_reloc_table 0000000000000000     <absolute>
 0000:00000100       __guard_flags              0000000000000100     <absolute>
 0000:00000000       __ImageBase                0000000180000000     <linker-defined>
 0001:000000e0       __local_stdio_printf_options 00000001800010e0 f i plagiarismAlgorithm.obj
 0001:000000f0       sprintf_s                  00000001800010f0 f i plagiarismAlgorithm.obj
 0001:00000150       ?what@exception@stdext@@UEBAPEBDXZ 0000000180001150 f i plagiarismAlgorithm.obj
 0001:00000170       ?_Raise@exception@stdext@@QEBAXXZ 0000000180001170 f i plagiarismAlgorithm.obj
 0001:000001b0       ?_Lock@?$basic_streambuf@DU?$char_traits@D@std@@@std@@UEAAXXZ 00000001800011b0 f i plagiarismAlgorithm.obj
 0001:000001b0       _guard_check_icall_nop     00000001800011b0 f i LIBCMT:guard_support.obj
 0001:000001b0       ?imbue@?$basic_streambuf@DU?$char_traits@D@std@@@std@@MEAAXAEBVlocale@2@@Z 00000001800011b0 f i plagiarismAlgorithm.obj
 0001:000001b0       ?_Doraise@exception@stdext@@MEBAXXZ 00000001800011b0 f i plagiarismAlgorithm.obj
 0001:000001b0       ?_Unlock@?$basic_streambuf@DU?$char_traits@D@std@@@std@@UEAAXXZ 00000001800011b0 f i plagiarismAlgorithm.obj
 0001:000001c0       ??_Gruntime_error@std@@UEAAPEAXI@Z 00000001800011c0 f i plagiarismAlgorithm.obj
 0001:000001c0       ??_Eruntime_error@std@@UEAAPEAXI@Z 00000001800011c0 f i * CIL library *:* CIL module *
 0001:000001c0       ??_Eexception@stdext@@UEAAPEAXI@Z 00000001800011c0 f i * CIL library *:* CIL module *
 0001:000001c0       ??_Gexception@stdext@@UEAAPEAXI@Z 00000001800011c0 f i plagiarismAlgorithm.obj
 0001:000001f0       ??0runtime_error@std@@QEAA@PEBD@Z 00000001800011f0 f i plagiarismAlgorithm.obj
 0001:00000210       ??1_Locinfo@std@@QEAA@XZ   0000000180001210 f i plagiarismAlgorithm.obj
 0001:000002b0       ??_E_Facet_base@std@@UEAAPEAXI@Z 00000001800012b0 f i * CIL library *:* CIL module *
 0001:000002b0       ??_G_Facet_base@std@@UEAAPEAXI@Z 00000001800012b0 f i plagiarismAlgorithm.obj
 0001:000002e0       ?_Incref@facet@locale@std@@UEAAXXZ 00000001800012e0 f i plagiarismAlgorithm.obj
 0001:000002f0       ?_Decref@facet@locale@std@@UEAAPEAV_Facet_base@3@XZ 00000001800012f0 f i plagiarismAlgorithm.obj
 0001:00000300       ?do_tolower@?$ctype@D@std@@MEBADD@Z 0000000180001300 f i plagiarismAlgorithm.obj
 0001:00000310       ?do_tolower@?$ctype@D@std@@MEBAPEBDPEADPEBD@Z 0000000180001310 f i plagiarismAlgorithm.obj
 0001:00000370       ?do_toupper@?$ctype@D@std@@MEBADD@Z 0000000180001370 f i plagiarismAlgorithm.obj
 0001:00000380       ?do_toupper@?$ctype@D@std@@MEBAPEBDPEADPEBD@Z 0000000180001380 f i plagiarismAlgorithm.obj
 0001:000003e0       ?do_widen@?$ctype@D@std@@MEBADD@Z 00000001800013e0 f i plagiarismAlgorithm.obj
 0001:000003e0       ?do_narrow@?$ctype@D@std@@MEBADDD@Z 00000001800013e0 f i plagiarismAlgorithm.obj
 0001:000003f0       ?do_widen@?$ctype@D@std@@MEBAPEBDPEBD0PEAD@Z 00000001800013f0 f i plagiarismAlgorithm.obj
 0001:00000410       ?do_narrow@?$ctype@D@std@@MEBAPEBDPEBD0DPEAD@Z 0000000180001410 f i plagiarismAlgorithm.obj
 0001:00000430       ??_E?$ctype@D@std@@MEAAPEAXI@Z 0000000180001430 f i * CIL library *:* CIL module *
 0001:00000430       ??_G?$ctype@D@std@@MEAAPEAXI@Z 0000000180001430 f i plagiarismAlgorithm.obj
 0001:000004a0       ?default_error_condition@error_category@std@@UEBA?AVerror_condition@2@H@Z 00000001800014a0 f i plagiarismAlgorithm.obj
 0001:000004b0       ?equivalent@error_category@std@@UEBA_NHAEBVerror_condition@2@@Z 00000001800014b0 f i plagiarismAlgorithm.obj
 0001:000004f0       ?equivalent@error_category@std@@UEBA_NAEBVerror_code@2@H@Z 00000001800014f0 f i plagiarismAlgorithm.obj
 0001:00000510       ?make_error_code@std@@YA?AVerror_code@1@W4io_errc@1@@Z 0000000180001510 f i plagiarismAlgorithm.obj
 0001:00000560       ??0_System_error@std@@IEAA@Verror_code@1@AEBV?$basic_string@DU?$char_traits@D@std@@V?$allocator@D@2@@1@@Z 0000000180001560 f i plagiarismAlgorithm.obj
 0001:00000740       ??_Gfailure@ios_base@std@@UEAAPEAXI@Z 0000000180001740 f i plagiarismAlgorithm.obj
 0001:00000740       ??_Efailure@ios_base@std@@UEAAPEAXI@Z 0000000180001740 f i * CIL library *:* CIL module *
 0001:00000740       ??_E_System_error@std@@UEAAPEAXI@Z 0000000180001740 f i * CIL library *:* CIL module *
 0001:00000740       ??_G_System_error@std@@UEAAPEAXI@Z 0000000180001740 f i plagiarismAlgorithm.obj
 0001:00000770       ?name@_Iostream_error_category@std@@UEBAPEBDXZ 0000000180001770 f i plagiarismAlgorithm.obj
 0001:00000780       ?message@_Iostream_error_category@std@@UEBA?AV?$basic_string@DU?$char_traits@D@std@@V?$allocator@D@2@@2@H@Z 0000000180001780 f i plagiarismAlgorithm.obj
 0001:00000800       ??_E_Iostream_error_category@std@@UEAAPEAXI@Z 0000000180001800 f i * CIL library *:* CIL module *
 0001:00000800       ??_G_Iostream_error_category@std@@UEAAPEAXI@Z 0000000180001800 f i plagiarismAlgorithm.obj
 0001:00000830       ??0failure@ios_base@std@@QEAA@PEBDAEBVerror_code@2@@Z 0000000180001830 f i plagiarismAlgorithm.obj
 0001:00000900       ?_Doraise@failure@ios_base@std@@MEBAXXZ 0000000180001900 f i plagiarismAlgorithm.obj
 0001:00000920       ??_Gios_base@std@@UEAAPEAXI@Z 0000000180001920 f i plagiarismAlgorithm.obj
 0001:00000920       ??_Eios_base@std@@UEAAPEAXI@Z 0000000180001920 f i * CIL library *:* CIL module *
 0001:00000960       ??0Utf8String@Nan@@QEAA@V?$Local@VValue@v8@@@v8@@@Z 0000000180001960 f i plagiarismAlgorithm.obj
 0001:00000a90       ?initialize@@YAXV?$vector@V?$basic_string@DU?$char_traits@D@std@@V?$allocator@D@2@@std@@V?$allocator@V?$basic_string@DU?$char_traits@D@std@@V?$allocator@D@2@@std@@@2@@std@@V?$basic_string@DU?$char_traits@D@std@@V?$allocator@D@2@@2@@Z 0000000180001a90 f   plagiarismAlgorithm.obj
 0001:00000c00       ?buildMachine@@YAXXZ       0000000180001c00 f   plagiarismAlgorithm.obj
 0001:00001150       ?newsearch@@YAXAEBV?$FunctionCallbackInfo@VValue@v8@@@v8@@@Z 0000000180002150 f   plagiarismAlgorithm.obj
 0001:00001e60       ??_D?$basic_ostringstream@DU?$char_traits@D@std@@V?$allocator@D@2@@std@@QEAAXXZ 0000000180002e60 f i plagiarismAlgorithm.obj
 0001:00001ef0       ?Init@@YAXV?$Local@VObject@v8@@@v8@@@Z 0000000180002ef0 f   plagiarismAlgorithm.obj
 0001:00002010       ??0?$basic_string@DU?$char_traits@D@std@@V?$allocator@D@2@@std@@QEAA@_KD@Z 0000000180003010 f i plagiarismAlgorithm.obj
 0001:00002180       ??0?$basic_string@DU?$char_traits@D@std@@V?$allocator@D@2@@std@@QEAA@AEBV01@@Z 0000000180003180 f i plagiarismAlgorithm.obj
 0001:00002260       ??0?$basic_ostringstream@DU?$char_traits@D@std@@V?$allocator@D@2@@std@@QEAA@H@Z 0000000180003260 f i plagiarismAlgorithm.obj
 0001:000024a0       ?seekpos@?$basic_stringbuf@DU?$char_traits@D@std@@V?$allocator@D@2@@std@@MEAA?AV?$fpos@U_Mbstatet@@@2@V32@H@Z 00000001800034a0 f i plagiarismAlgorithm.obj
 0001:00002590       ?seekoff@?$basic_stringbuf@DU?$char_traits@D@std@@V?$allocator@D@2@@std@@MEAA?AV?$fpos@U_Mbstatet@@@2@_JHH@Z 0000000180003590 f i plagiarismAlgorithm.obj
 0001:000026e0       ?underflow@?$basic_stringbuf@DU?$char_traits@D@std@@V?$allocator@D@2@@std@@MEAAHXZ 00000001800036e0 f i plagiarismAlgorithm.obj
 0001:00002750       ?pbackfail@?$basic_stringbuf@DU?$char_traits@D@std@@V?$allocator@D@2@@std@@MEAAHH@Z 0000000180003750 f i plagiarismAlgorithm.obj
 0001:000027b0       ?overflow@?$basic_stringbuf@DU?$char_traits@D@std@@V?$allocator@D@2@@std@@MEAAHH@Z 00000001800037b0 f i plagiarismAlgorithm.obj
 0001:000029c0       ??1?$basic_stringbuf@DU?$char_traits@D@std@@V?$allocator@D@2@@std@@UEAA@XZ 00000001800039c0 f i plagiarismAlgorithm.obj
 0001:00002ac0       ??6?$basic_ostream@DU?$char_traits@D@std@@@std@@QEAAAEAV01@H@Z 0000000180003ac0 f i plagiarismAlgorithm.obj
 0001:00002c80       ?showmanyc@?$basic_streambuf@DU?$char_traits@D@std@@@std@@MEAA_JXZ 0000000180003c80 f i plagiarismAlgorithm.obj
 0001:00002c80       ?sync@?$basic_streambuf@DU?$char_traits@D@std@@@std@@MEAAHXZ 0000000180003c80 f i plagiarismAlgorithm.obj
 0001:00002c90       ?setbuf@?$basic_streambuf@DU?$char_traits@D@std@@@std@@MEAAPEAV12@PEAD_J@Z 0000000180003c90 f i plagiarismAlgorithm.obj
 0001:00002ca0       ?seekpos@?$basic_streambuf@DU?$char_traits@D@std@@@std@@MEAA?AV?$fpos@U_Mbstatet@@@2@V32@H@Z 0000000180003ca0 f i plagiarismAlgorithm.obj
 0001:00002ca0       ?seekoff@?$basic_streambuf@DU?$char_traits@D@std@@@std@@MEAA?AV?$fpos@U_Mbstatet@@@2@_JHH@Z 0000000180003ca0 f i plagiarismAlgorithm.obj
 0001:00002cc0       ?xsputn@?$basic_streambuf@DU?$char_traits@D@std@@@std@@MEAA_JPEBD_J@Z 0000000180003cc0 f i plagiarismAlgorithm.obj
 0001:00002d80       ?xsgetn@?$basic_streambuf@DU?$char_traits@D@std@@@std@@MEAA_JPEAD_J@Z 0000000180003d80 f i plagiarismAlgorithm.obj
 0001:00002e30       ?uflow@?$basic_streambuf@DU?$char_traits@D@std@@@std@@MEAAHXZ 0000000180003e30 f i plagiarismAlgorithm.obj
 0001:00002e70       ?overflow@?$basic_streambuf@DU?$char_traits@D@std@@@std@@MEAAHH@Z 0000000180003e70 f i plagiarismAlgorithm.obj
 0001:00002e70       ?underflow@?$basic_streambuf@DU?$char_traits@D@std@@@std@@MEAAHXZ 0000000180003e70 f i plagiarismAlgorithm.obj
 0001:00002e70       ?pbackfail@?$basic_streambuf@DU?$char_traits@D@std@@@std@@MEAAHH@Z 0000000180003e70 f i plagiarismAlgorithm.obj
 0001:00002e80       ??_E?$basic_ostringstream@DU?$char_traits@D@std@@V?$allocator@D@2@@std@@UEAAPEAXI@Z 0000000180003e80 f i * CIL library *:* CIL module *
 0001:00002e80       ??_G?$basic_ostringstream@DU?$char_traits@D@std@@V?$allocator@D@2@@std@@UEAAPEAXI@Z 0000000180003e80 f i plagiarismAlgorithm.obj
 0001:00002ec0       ??_G?$basic_stringbuf@DU?$char_traits@D@std@@V?$allocator@D@2@@std@@UEAAPEAXI@Z 0000000180003ec0 f i plagiarismAlgorithm.obj
 0001:00002ec0       ??_E?$basic_stringbuf@DU?$char_traits@D@std@@V?$allocator@D@2@@std@@UEAAPEAXI@Z 0000000180003ec0 f i * CIL library *:* CIL module *
 0001:00002f00       ??_E?$basic_ostream@DU?$char_traits@D@std@@@std@@UEAAPEAXI@Z 0000000180003f00 f i * CIL library *:* CIL module *
 0001:00002f00       ??_G?$basic_ostream@DU?$char_traits@D@std@@@std@@UEAAPEAXI@Z 0000000180003f00 f i plagiarismAlgorithm.obj
 0001:00002f70       ??_G?$basic_streambuf@DU?$char_traits@D@std@@@std@@UEAAPEAXI@Z 0000000180003f70 f i plagiarismAlgorithm.obj
 0001:00002f70       ??_E?$basic_streambuf@DU?$char_traits@D@std@@@std@@UEAAPEAXI@Z 0000000180003f70 f i * CIL library *:* CIL module *
 0001:00002ff0       ??_G?$basic_ios@DU?$char_traits@D@std@@@std@@UEAAPEAXI@Z 0000000180003ff0 f i plagiarismAlgorithm.obj
 0001:00002ff0       ??_E?$basic_ios@DU?$char_traits@D@std@@@std@@UEAAPEAXI@Z 0000000180003ff0 f i * CIL library *:* CIL module *
 0001:00003030       ??0sentry@?$basic_ostream@DU?$char_traits@D@std@@@std@@QEAA@AEAV12@@Z 0000000180004030 f i plagiarismAlgorithm.obj
 0001:00003160       ?do_put@?$num_put@DV?$ostreambuf_iterator@DU?$char_traits@D@std@@@std@@@std@@MEBA?AV?$ostreambuf_iterator@DU?$char_traits@D@std@@@2@V32@AEAVios_base@2@DPEBX@Z 0000000180004160 f i plagiarismAlgorithm.obj
 0001:00003200       ?do_put@?$num_put@DV?$ostreambuf_iterator@DU?$char_traits@D@std@@@std@@@std@@MEBA?AV?$ostreambuf_iterator@DU?$char_traits@D@std@@@2@V32@AEAVios_base@2@DO@Z 0000000180004200 f i plagiarismAlgorithm.obj
 0001:000034e0       ?do_put@?$num_put@DV?$ostreambuf_iterator@DU?$char_traits@D@std@@@std@@@std@@MEBA?AV?$ostreambuf_iterator@DU?$char_traits@D@std@@@2@V32@AEAVios_base@2@DN@Z 00000001800044e0 f i plagiarismAlgorithm.obj
 0001:000037c0       ?do_put@?$num_put@DV?$ostreambuf_iterator@DU?$char_traits@D@std@@@std@@@std@@MEBA?AV?$ostreambuf_iterator@DU?$char_traits@D@std@@@2@V32@AEAVios_base@2@D_K@Z 00000001800047c0 f i plagiarismAlgorithm.obj
 0001:000038e0       ?do_put@?$num_put@DV?$ostreambuf_iterator@DU?$char_traits@D@std@@@std@@@std@@MEBA?AV?$ostreambuf_iterator@DU?$char_traits@D@std@@@2@V32@AEAVios_base@2@D_J@Z 00000001800048e0 f i plagiarismAlgorithm.obj
 0001:00003a00       ?do_put@?$num_put@DV?$ostreambuf_iterator@DU?$char_traits@D@std@@@std@@@std@@MEBA?AV?$ostreambuf_iterator@DU?$char_traits@D@std@@@2@V32@AEAVios_base@2@DK@Z 0000000180004a00 f i plagiarismAlgorithm.obj
 0001:00003b20       ?do_put@?$num_put@DV?$ostreambuf_iterator@DU?$char_traits@D@std@@@std@@@std@@MEBA?AV?$ostreambuf_iterator@DU?$char_traits@D@std@@@2@V32@AEAVios_base@2@DJ@Z 0000000180004b20 f i plagiarismAlgorithm.obj
 0001:00003c40       ?do_put@?$num_put@DV?$ostreambuf_iterator@DU?$char_traits@D@std@@@std@@@std@@MEBA?AV?$ostreambuf_iterator@DU?$char_traits@D@std@@@2@V32@AEAVios_base@2@D_N@Z 0000000180004c40 f i plagiarismAlgorithm.obj
 0001:00003f40       ?_Xran@?$bitset@$0BDIH@@std@@AEBAXXZ 0000000180004f40 f i plagiarismAlgorithm.obj
 0001:00003f60       ?_Buy@?$vector@V?$basic_string@DU?$char_traits@D@std@@V?$allocator@D@2@@std@@V?$allocator@V?$basic_string@DU?$char_traits@D@std@@V?$allocator@D@2@@std@@@2@@std@@AEAA_N_K@Z 0000000180004f60 f i plagiarismAlgorithm.obj
 0001:00004000       ?assign@?$basic_string@DU?$char_traits@D@std@@V?$allocator@D@2@@std@@QEAAAEAV12@QEBD_K@Z 0000000180005000 f i plagiarismAlgorithm.obj
 0001:00004150       ?append@?$basic_string@DU?$char_traits@D@std@@V?$allocator@D@2@@std@@QEAAAEAV12@QEBD_K@Z 0000000180005150 f i plagiarismAlgorithm.obj
 0001:000041d0       ?_Pnavail@?$basic_streambuf@DU?$char_traits@D@std@@@std@@IEBA_JXZ 00000001800051d0 f i plagiarismAlgorithm.obj
 0001:000041f0       ?_Gnavail@?$basic_streambuf@DU?$char_traits@D@std@@@std@@IEBA_JXZ 00000001800051f0 f i plagiarismAlgorithm.obj
 0001:00004210       ?setstate@?$basic_ios@DU?$char_traits@D@std@@@std@@QEAAXH_N@Z 0000000180005210 f i plagiarismAlgorithm.obj
 0001:00004290       ??_G?$num_put@DV?$ostreambuf_iterator@DU?$char_traits@D@std@@@std@@@std@@MEAAPEAXI@Z 0000000180005290 f i plagiarismAlgorithm.obj
 0001:00004290       ??_E?$num_put@DV?$ostreambuf_iterator@DU?$char_traits@D@std@@@std@@@std@@MEAAPEAXI@Z 0000000180005290 f i * CIL library *:* CIL module *
 0001:000042c0       ?do_truename@?$numpunct@D@std@@MEBA?AV?$basic_string@DU?$char_traits@D@std@@V?$allocator@D@2@@2@XZ 00000001800052c0 f i plagiarismAlgorithm.obj
 0001:00004310       ?do_falsename@?$numpunct@D@std@@MEBA?AV?$basic_string@DU?$char_traits@D@std@@V?$allocator@D@2@@2@XZ 0000000180005310 f i plagiarismAlgorithm.obj
 0001:00004360       ?do_grouping@?$numpunct@D@std@@MEBA?AV?$basic_string@DU?$char_traits@D@std@@V?$allocator@D@2@@2@XZ 0000000180005360 f i plagiarismAlgorithm.obj
 0001:000043b0       ?do_thousands_sep@?$numpunct@D@std@@MEBADXZ 00000001800053b0 f i plagiarismAlgorithm.obj
 0001:000043c0       ?do_decimal_point@?$numpunct@D@std@@MEBADXZ 00000001800053c0 f i plagiarismAlgorithm.obj
 0001:000043d0       ?_Iput@?$num_put@DV?$ostreambuf_iterator@DU?$char_traits@D@std@@@std@@@std@@AEBA?AV?$ostreambuf_iterator@DU?$char_traits@D@std@@@2@V32@AEAVios_base@2@DPEAD_K@Z 00000001800053d0 f i plagiarismAlgorithm.obj
 0001:00004a40       ?_Fput@?$num_put@DV?$ostreambuf_iterator@DU?$char_traits@D@std@@@std@@@std@@AEBA?AV?$ostreambuf_iterator@DU?$char_traits@D@std@@@2@V32@AEAVios_base@2@DPEBD_K@Z 0000000180005a40 f i plagiarismAlgorithm.obj
 0001:00005130       ?_Growmap@?$deque@HV?$allocator@H@std@@@std@@IEAAX_K@Z 0000000180006130 f i plagiarismAlgorithm.obj
 0001:00005310       ?_Xlength@?$vector@V?$basic_string@DU?$char_traits@D@std@@V?$allocator@D@2@@std@@V?$allocator@V?$basic_string@DU?$char_traits@D@std@@V?$allocator@D@2@@std@@@2@@std@@CAXXZ 0000000180006310 f i plagiarismAlgorithm.obj
 0001:00005330       ??_G?$numpunct@D@std@@MEAAPEAXI@Z 0000000180006330 f i plagiarismAlgorithm.obj
 0001:00005330       ??_E?$numpunct@D@std@@MEAAPEAXI@Z 0000000180006330 f i * CIL library *:* CIL module *
 0001:00005390       ?_Xlen@?$deque@HV?$allocator@H@std@@@std@@IEBAXXZ 0000000180006390 f i plagiarismAlgorithm.obj
 0001:000053b0       ?_Xran@?$_String_val@U?$_Simple_types@D@std@@@std@@SAXXZ 00000001800063b0 f i plagiarismAlgorithm.obj
 0001:000053d0       ??$use_facet@V?$ctype@D@std@@@std@@YAAEBV?$ctype@D@0@AEBVlocale@0@@Z 00000001800063d0 f i plagiarismAlgorithm.obj
 0001:000055d0       ??$?6U?$char_traits@D@std@@@std@@YAAEAV?$basic_ostream@DU?$char_traits@D@std@@@0@AEAV10@PEBD@Z 00000001800065d0 f i plagiarismAlgorithm.obj
 0001:00005840       ??$_Emplace_reallocate@AEBV?$basic_string@DU?$char_traits@D@std@@V?$allocator@D@2@@std@@@?$vector@V?$basic_string@DU?$char_traits@D@std@@V?$allocator@D@2@@std@@V?$allocator@V?$basic_string@DU?$char_traits@D@std@@V?$allocator@D@2@@std@@@2@@std@@QEAAPEAV?$basic_string@DU?$char_traits@D@std@@V?$allocator@D@2@@1@QEAV21@AEBV21@@Z 0000000180006840 f i plagiarismAlgorithm.obj
 0001:00005ac0       ??$use_facet@V?$num_put@DV?$ostreambuf_iterator@DU?$char_traits@D@std@@@std@@@std@@@std@@YAAEBV?$num_put@DV?$ostreambuf_iterator@DU?$char_traits@D@std@@@std@@@0@AEBVlocale@0@@Z 0000000180006ac0 f i plagiarismAlgorithm.obj
 0001:00005ca0       ??$use_facet@V?$numpunct@D@std@@@std@@YAAEBV?$numpunct@D@0@AEBVlocale@0@@Z 0000000180006ca0 f i plagiarismAlgorithm.obj
 0001:00005db0       ??$_Reallocate_grow_by@V<lambda_e1befb086ad3257e3f042a63030725f7>@@_KD@?$basic_string@DU?$char_traits@D@std@@V?$allocator@D@2@@std@@QEAAAEAV01@_KV<lambda_e1befb086ad3257e3f042a63030725f7>@@_KD@Z 0000000180006db0 f i plagiarismAlgorithm.obj
 0001:00005f30       ??$_Reallocate_grow_by@V<lambda_65e615be2a453ca0576c979606f46740>@@PEBD_K@?$basic_string@DU?$char_traits@D@std@@V?$allocator@D@2@@std@@QEAAAEAV01@_KV<lambda_65e615be2a453ca0576c979606f46740>@@PEBD_K@Z 0000000180006f30 f i plagiarismAlgorithm.obj
 0001:000060b0       ??$_Destroy_range@V?$allocator@V?$basic_string@DU?$char_traits@D@std@@V?$allocator@D@2@@std@@@std@@@std@@YAXPEAV?$basic_string@DU?$char_traits@D@std@@V?$allocator@D@2@@0@0AEAV?$allocator@V?$basic_string@DU?$char_traits@D@std@@V?$allocator@D@2@@std@@@0@@Z 00000001800070b0 f i plagiarismAlgorithm.obj
 0001:00006140       ??$_Reallocate_grow_by@V<lambda_b986da8d428e4af07c64af60eec09b61>@@_K_KD@?$basic_string@DU?$char_traits@D@std@@V?$allocator@D@2@@std@@QEAAAEAV01@_KV<lambda_b986da8d428e4af07c64af60eec09b61>@@_K2D@Z 0000000180007140 f i plagiarismAlgorithm.obj
 0001:000062f0       ?_Getcat@?$numpunct@D@std@@SA_KPEAPEBVfacet@locale@2@PEBV42@@Z 00000001800072f0 f i plagiarismAlgorithm.obj
 0001:000064e0       ?_Xlen@?$basic_string@DU?$char_traits@D@std@@V?$allocator@D@2@@std@@SAXXZ 00000001800074e0 f i plagiarismAlgorithm.obj
 0001:00006500       ??$_Immortalize_impl@V_Iostream_error_category@std@@@std@@YAHPEAX0PEAPEAX@Z 0000000180007500 f i plagiarismAlgorithm.obj
 0001:00006520       ??$_Insert_string@DU?$char_traits@D@std@@_K@std@@YAAEAV?$basic_ostream@DU?$char_traits@D@std@@@0@AEAV10@QEBD_K@Z 0000000180007520 f i plagiarismAlgorithm.obj
 0001:00006780       ??$_Assign_range@PEAV?$basic_string@DU?$char_traits@D@std@@V?$allocator@D@2@@std@@@?$vector@V?$basic_string@DU?$char_traits@D@std@@V?$allocator@D@2@@std@@V?$allocator@V?$basic_string@DU?$char_traits@D@std@@V?$allocator@D@2@@std@@@2@@std@@AEAAXPEAV?$basic_string@DU?$char_traits@D@std@@V?$allocator@D@2@@1@0Uforward_iterator_tag@1@@Z 0000000180007780 f i plagiarismAlgorithm.obj
 0001:00006998       ??_E?$basic_ostream@DU?$char_traits@D@std@@@std@@$4PPPPPPPM@A@EAAPEAXI@Z 0000000180007998 f i plagiarismAlgorithm.obj
 0001:000069a4       ??_E?$basic_ostringstream@DU?$char_traits@D@std@@V?$allocator@D@2@@std@@$4PPPPPPPM@A@EAAPEAXI@Z 00000001800079a4 f i plagiarismAlgorithm.obj
 0001:000069fc       __imp_load_?New@Integer@v8@@SA?AV?$Local@VInteger@v8@@@2@PEAVIsolate@2@H@Z 00000001800079fc f   node:node.exe
 0001:00006a08       __tailMerge_node_exe       0000000180007a08     node:node.exe
 0001:00006a81       __imp_load_?GetCurrentContext@Isolate@v8@@QEAA?AV?$Local@VContext@v8@@@2@XZ 0000000180007a81 f   node:node.exe
 0001:00006a8d       __imp_load_?GetCurrent@Isolate@v8@@SAPEAV12@XZ 0000000180007a8d f   node:node.exe
 0001:00006a99       __imp_load_??1HandleScope@v8@@QEAA@XZ 0000000180007a99 f   node:node.exe
 0001:00006aa5       __imp_load_??0HandleScope@v8@@QEAA@PEAVIsolate@1@@Z 0000000180007aa5 f   node:node.exe
 0001:00006ab1       __imp_load_?New@Array@v8@@SA?AV?$Local@VArray@v8@@@2@PEAVIsolate@2@H@Z 0000000180007ab1 f   node:node.exe
 0001:00006abd       __imp_load_?Length@Array@v8@@QEBAIXZ 0000000180007abd f   node:node.exe
 0001:00006ac9       __imp_load_?GetFunction@FunctionTemplate@v8@@QEAA?AV?$MaybeLocal@VFunction@v8@@@2@V?$Local@VContext@v8@@@2@@Z 0000000180007ac9 f   node:node.exe
 0001:00006ad5       __imp_load_?New@FunctionTemplate@v8@@SA?AV?$Local@VFunctionTemplate@v8@@@2@PEAVIsolate@2@P6AXAEBV?$FunctionCallbackInfo@VValue@v8@@@2@@ZV?$Local@VValue@v8@@@2@V?$Local@VSignature@v8@@@2@HW4ConstructorBehavior@2@W4SideEffectType@2@@Z 0000000180007ad5 f   node:node.exe
 0001:00006ae1       __imp_load_?ToLocalEmpty@V8@v8@@CAXXZ 0000000180007ae1 f   node:node.exe
 0001:00006aed       __imp_load_?ToInt32@Value@v8@@QEBA?AV?$MaybeLocal@VInt32@v8@@@2@V?$Local@VContext@v8@@@2@@Z 0000000180007aed f   node:node.exe
 0001:00006af9       __imp_load_?ToString@Value@v8@@QEBA?AV?$MaybeLocal@VString@v8@@@2@V?$Local@VContext@v8@@@2@@Z 0000000180007af9 f   node:node.exe
 0001:00006b05       __imp_load_?Escape@EscapableHandleScope@v8@@AEAAPEAPEAVObject@internal@2@PEAPEAV342@@Z 0000000180007b05 f   node:node.exe
 0001:00006b11       __imp_load_??0EscapableHandleScope@v8@@QEAA@PEAVIsolate@1@@Z 0000000180007b11 f   node:node.exe
 0001:00006b1d       __imp_load_?NewFromUtf8@String@v8@@SA?AV?$Local@VString@v8@@@2@PEAVIsolate@2@PEBDW4NewStringType@12@H@Z 0000000180007b1d f   node:node.exe
 0001:00006b29       __imp_load_?NewFromUtf8@String@v8@@SA?AV?$MaybeLocal@VString@v8@@@2@PEAVIsolate@2@PEBDW4NewStringType@2@H@Z 0000000180007b29 f   node:node.exe
 0001:00006b35       __imp_load_?WriteUtf8@String@v8@@QEBAHPEADHPEAHH@Z 0000000180007b35 f   node:node.exe
 0001:00006b41       __imp_load_?Length@String@v8@@QEBAHXZ 0000000180007b41 f   node:node.exe
 0001:00006b4d       __imp_load_?New@Number@v8@@SA?AV?$Local@VNumber@v8@@@2@PEAVIsolate@2@N@Z 0000000180007b4d f   node:node.exe
 0001:00006b59       __imp_load_?New@Object@v8@@SA?AV?$Local@VObject@v8@@@2@PEAVIsolate@2@@Z 0000000180007b59 f   node:node.exe
 0001:00006b65       __imp_load_?Get@Object@v8@@QEAA?AV?$Local@VValue@v8@@@2@I@Z 0000000180007b65 f   node:node.exe
 0001:00006b71       __imp_load_?Set@Object@v8@@QEAA_NV?$Local@VValue@v8@@@2@0@Z 0000000180007b71 f   node:node.exe
 0001:00006b7d       __imp_load_?Set@Object@v8@@QEAA?AV?$Maybe@_N@2@V?$Local@VContext@v8@@@2@V?$Local@VValue@v8@@@2@1@Z 0000000180007b7d f   node:node.exe
 0001:00006b89       __imp_load_?Set@Object@v8@@QEAA_NIV?$Local@VValue@v8@@@2@@Z 0000000180007b89 f   node:node.exe
 0001:00006b95       __imp_load_?SetName@Function@v8@@QEAAXV?$Local@VString@v8@@@2@@Z 0000000180007b95 f   node:node.exe
 0001:00006ba1       __imp_load_node_module_register 0000000180007ba1 f   node:node.exe
 0001:00006bad       __imp_load_?ToString@Value@v8@@QEBA?AV?$Local@VString@v8@@@2@XZ 0000000180007bad f   node:node.exe
 0001:00006bbc       ??0_Init_locks@std@@QEAA@XZ 0000000180007bbc f   libcpmt:xlock.obj
 0001:00006c08       ??0_Lockit@std@@QEAA@H@Z   0000000180007c08 f   libcpmt:xlock.obj
 0001:00006c44       ??1_Init_locks@std@@QEAA@XZ 0000000180007c44 f   libcpmt:xlock.obj
 0001:00006c88       ??1_Lockit@std@@QEAA@XZ    0000000180007c88 f   libcpmt:xlock.obj
 0001:00006cbc       ??0exception@std@@QEAA@AEBV01@@Z 0000000180007cbc f i libcpmt:xonce.obj
 0001:00006cf4       ??_Gout_of_range@std@@UEAAPEAXI@Z 0000000180007cf4 f i libcpmt:xthrow.obj
 0001:00006cf4       ??_Glogic_error@std@@UEAAPEAXI@Z 0000000180007cf4 f i libcpmt:xthrow.obj
 0001:00006cf4       ??_Gbad_array_new_length@std@@UEAAPEAXI@Z 0000000180007cf4 f i LIBCMT:throw_bad_alloc.obj
 0001:00006cf4       ??_Gbad_exception@std@@UEAAPEAXI@Z 0000000180007cf4 f i libvcruntime:frame.obj
 0001:00006cf4       ??_Elength_error@std@@UEAAPEAXI@Z 0000000180007cf4 f i libcpmt:xthrow.obj
 0001:00006cf4       ??_Gexception@std@@UEAAPEAXI@Z 0000000180007cf4 f i libcpmt:xonce.obj
 0001:00006cf4       ??_Ebad_exception@std@@UEAAPEAXI@Z 0000000180007cf4 f i libvcruntime:frame.obj
 0001:00006cf4       ??_Glength_error@std@@UEAAPEAXI@Z 0000000180007cf4 f i libcpmt:xthrow.obj
 0001:00006cf4       ??_Eexception@std@@UEAAPEAXI@Z 0000000180007cf4 f i libcpmt:xonce.obj
 0001:00006cf4       ??_Ebad_alloc@std@@UEAAPEAXI@Z 0000000180007cf4 f i libcpmt:xthrow.obj
 0001:00006cf4       ??_Ebad_array_new_length@std@@UEAAPEAXI@Z 0000000180007cf4 f i LIBCMT:throw_bad_alloc.obj
 0001:00006cf4       ??_Gbad_alloc@std@@UEAAPEAXI@Z 0000000180007cf4 f i libcpmt:xthrow.obj
 0001:00006cf4       ??_Eout_of_range@std@@UEAAPEAXI@Z 0000000180007cf4 f i libcpmt:xthrow.obj
 0001:00006cf4       ??_Elogic_error@std@@UEAAPEAXI@Z 0000000180007cf4 f i libcpmt:xthrow.obj
 0001:00006d38       ?_Execute_once@std@@YAHAEAUonce_flag@1@P6AHPEAX1PEAPEAX@Z1@Z 0000000180007d38 f   libcpmt:xonce.obj
 0001:00006d40       ?what@exception@std@@UEBAPEBDXZ 0000000180007d40 f i libcpmt:xonce.obj
 0001:00006d54       ??1_Fac_tidy_reg_t@std@@QEAA@XZ 0000000180007d54 f i libcpmt:locale0.obj
 0001:00006dbc       ??4?$_Yarn@D@std@@QEAAAEAV01@PEBD@Z 0000000180007dbc f i libcpmt:locale0.obj
 0001:00006e34       ??_E_Locimp@locale@std@@MEAAPEAXI@Z 0000000180007e34 f i libcpmt:locale0.obj
 0001:00006e34       ??_G_Locimp@locale@std@@MEAAPEAXI@Z 0000000180007e34 f i libcpmt:locale0.obj
 0001:00006ea0       ?_Facet_Register@std@@YAXPEAV_Facet_base@1@@Z 0000000180007ea0 f   libcpmt:locale0.obj
 0001:00006ed8       ?_Getgloballocale@locale@std@@CAPEAV_Locimp@12@XZ 0000000180007ed8 f   libcpmt:locale0.obj
 0001:00006ee0       ?_Init@locale@std@@CAPEAV_Locimp@12@_N@Z 0000000180007ee0 f   libcpmt:locale0.obj
 0001:00006f8c       ?_Locimp_dtor@_Locimp@locale@std@@CAXPEAV123@@Z 0000000180007f8c f   libcpmt:locale0.obj
 0001:00007014       ?_Locinfo_ctor@_Locinfo@std@@SAXPEAV12@PEBD@Z 0000000180008014 f   libcpmt:locale0.obj
 0001:00007080       ?_Locinfo_dtor@_Locinfo@std@@SAXPEAV12@@Z 0000000180008080 f   libcpmt:locale0.obj
 0001:0000709c       ?_New_Locimp@_Locimp@locale@std@@CAPEAV123@_N@Z 000000018000809c f   libcpmt:locale0.obj
 0001:0000710c       ?_Setgloballocale@locale@std@@CAXPEAX@Z 000000018000810c f   libcpmt:locale0.obj
 0001:00007140       _Deletegloballocale        0000000180008140 f   libcpmt:locale0.obj
 0001:000071b0       ??0bad_alloc@std@@QEAA@AEBV01@@Z 00000001800081b0 f i libcpmt:xthrow.obj
 0001:000071f0       ??0bad_alloc@std@@QEAA@XZ  00000001800081f0 f i libcpmt:xthrow.obj
 0001:00007210       ??0length_error@std@@QEAA@AEBV01@@Z 0000000180008210 f i libcpmt:xthrow.obj
 0001:00007250       ??0length_error@std@@QEAA@PEBD@Z 0000000180008250 f i libcpmt:xthrow.obj
 0001:0000729c       ??0logic_error@std@@QEAA@AEBV01@@Z 000000018000829c f i libcpmt:xthrow.obj
 0001:000072dc       ??0out_of_range@std@@QEAA@AEBV01@@Z 00000001800082dc f i libcpmt:xthrow.obj
 0001:0000731c       ??0out_of_range@std@@QEAA@PEBD@Z 000000018000831c f i libcpmt:xthrow.obj
 0001:00007368       ??1out_of_range@std@@UEAA@XZ 0000000180008368 f i libcpmt:xthrow.obj
 0001:00007368       ??1length_error@std@@UEAA@XZ 0000000180008368 f i libcpmt:xthrow.obj
 0001:00007368       ??1bad_array_new_length@std@@UEAA@XZ 0000000180008368 f i LIBCMT:throw_bad_alloc.obj
 0001:00007368       ??1bad_alloc@std@@UEAA@XZ  0000000180008368 f i libcpmt:xthrow.obj
 0001:00007368       ??1bad_exception@std@@UEAA@XZ 0000000180008368 f i libvcruntime:frame.obj
 0001:0000737c       ?__scrt_throw_std_bad_alloc@@YAXXZ 000000018000837c f   LIBCMT:throw_bad_alloc.obj
 0001:0000737c       ?_Xbad_alloc@std@@YAXXZ    000000018000837c f   libcpmt:xthrow.obj
 0001:0000739c       ?_Xlength_error@std@@YAXPEBD@Z 000000018000839c f   libcpmt:xthrow.obj
 0001:000073c0       ?_Xout_of_range@std@@YAXPEBD@Z 00000001800083c0 f   libcpmt:xthrow.obj
 0001:000073e4       ?_Ios_base_dtor@ios_base@std@@CAXPEAV12@@Z 00000001800083e4 f   libcpmt:ios.obj
 0001:00007464       ?_Tidy@ios_base@std@@AEAAXXZ 0000000180008464 f i libcpmt:ios.obj
 0001:000074e4       ?_Syserror_map@std@@YAPEBDH@Z 00000001800084e4 f   libcpmt:syserror.obj
 0001:0000750c       _Getctype                  000000018000850c f   libcpmt:_tolower.obj
 0001:000075d4       _Tolower                   00000001800085d4 f   libcpmt:_tolower.obj
 0001:00007704       _Getcvt                    0000000180008704 f   libcpmt:xwctomb.obj
 0001:00007794       _Toupper                   0000000180008794 f   libcpmt:_toupper.obj
 0001:000078d4       _Mtxdst                    00000001800088d4 f   libcpmt:xmtx.obj
 0001:000078dc       _Mtxinit                   00000001800088dc f   libcpmt:xmtx.obj
 0001:000078ec       _Mtxlock                   00000001800088ec f   libcpmt:xmtx.obj
 0001:000078f4       _Mtxunlock                 00000001800088f4 f   libcpmt:xmtx.obj
 0001:00007dcc       __crtInitOnceExecuteOnce   0000000180008dcc f   libcpmt:winapisupp.obj
 0001:00007e98       __crtInitializeCriticalSectionEx 0000000180008e98 f   libcpmt:winapisupp.obj
 0001:00007ec8       ?_Atexit@@YAXP6AXXZ@Z      0000000180008ec8 f   libcpmt:iosptrs.obj
 0001:00007f08       __crtLCMapStringA          0000000180008f08 f   libcpmt:StlLCMapStringA.obj
 0001:000081bc       GetTableIndexFromLocaleName 00000001800091bc f   libcpmt:winapinls.obj
 0001:0000824c       __crtDownlevelLocaleNameToLCID 000000018000924c f   libcpmt:winapinls.obj
 0001:00008280       __crtLCMapStringEx         0000000180009280 f   libcpmt:winapinls.obj
 0001:0000831c       __wcsnicmp_ascii           000000018000931c f   libcpmt:winapinls.obj
 0001:000083a0       __security_check_cookie    00000001800093a0 f   LIBCMT:amdsecgs.obj
 0001:000083c4       ??3@YAXPEAX_K@Z            00000001800093c4 f   LIBCMT:delete_scalar_size.obj
 0001:000083c4       ??_V@YAXPEAX@Z             00000001800093c4 f   LIBCMT:delete_array.obj
 0001:000083cc       ??2@YAPEAX_K@Z             00000001800093cc f   LIBCMT:new_scalar.obj
 0001:00008408       __scrt_acquire_startup_lock 0000000180009408 f   LIBCMT:utility.obj
 0001:00008444       __scrt_dllmain_after_initialize_c 0000000180009444 f   LIBCMT:utility.obj
 0001:00008478       __scrt_dllmain_before_initialize_c 0000000180009478 f   LIBCMT:utility.obj
 0001:00008490       __scrt_dllmain_crt_thread_attach 0000000180009490 f   LIBCMT:utility.obj
 0001:000084b8       __scrt_dllmain_crt_thread_detach 00000001800094b8 f   LIBCMT:utility.obj
 0001:000084d0       __scrt_dllmain_exception_filter 00000001800094d0 f   LIBCMT:utility.obj
 0001:00008530       __scrt_dllmain_uninitialize_c 0000000180009530 f   LIBCMT:utility.obj
 0001:00008560       __scrt_dllmain_uninitialize_critical 0000000180009560 f   LIBCMT:utility.obj
 0001:00008574       __scrt_initialize_crt      0000000180009574 f   LIBCMT:utility.obj
 0001:000085c0       __scrt_initialize_onexit_tables 00000001800095c0 f   LIBCMT:utility.obj
 0001:00008698       __scrt_is_nonwritable_in_current_image 0000000180009698 f   LIBCMT:utility.obj
 0001:00008734       __scrt_release_startup_lock 0000000180009734 f   LIBCMT:utility.obj
 0001:00008758       __scrt_uninitialize_crt    0000000180009758 f   LIBCMT:utility.obj
 0001:00008784       _onexit                    0000000180009784 f   LIBCMT:utility.obj
 0001:000087d4       atexit                     00000001800097d4 f   LIBCMT:utility.obj
 0001:00008b1c       _DllMainCRTStartup         0000000180009b1c f   LIBCMT:dll_dllmain.obj
 0001:00008b5c       __GSHandlerCheck           0000000180009b5c f   LIBCMT:gshandler.obj
 0001:00008b7c       __GSHandlerCheckCommon     0000000180009b7c f   LIBCMT:gshandler.obj
 0001:00008bd8       __GSHandlerCheck_EH        0000000180009bd8 f   LIBCMT:gshandlereh.obj
 0001:00008c58       ??_Gtype_info@@UEAAPEAXI@Z 0000000180009c58 f i LIBCMT:std_type_info_static.obj
 0001:00008c58       ??_Etype_info@@UEAAPEAXI@Z 0000000180009c58 f i LIBCMT:std_type_info_static.obj
 0001:00008ca0       __chkstk                   0000000180009ca0 f   LIBCMT:chkstk.obj
 0001:00008ca0       _alloca_probe              0000000180009ca0 f   LIBCMT:chkstk.obj
 0001:00008cf4       __raise_securityfailure    0000000180009cf4 f   LIBCMT:gs_report.obj
 0001:00008d28       __report_gsfailure         0000000180009d28 f   LIBCMT:gs_report.obj
 0001:00008dfc       __report_rangecheckfailure 0000000180009dfc f   LIBCMT:gs_report.obj
 0001:00008e10       __report_securityfailure   0000000180009e10 f   LIBCMT:gs_report.obj
 0001:00008f90       ??3@YAXPEAX@Z              0000000180009f90 f   LIBCMT:delete_scalar.obj
 0001:00008f98       ??0bad_array_new_length@std@@QEAA@AEBV01@@Z 0000000180009f98 f i LIBCMT:throw_bad_alloc.obj
 0001:00008fd8       ??0bad_array_new_length@std@@QEAA@XZ 0000000180009fd8 f i LIBCMT:throw_bad_alloc.obj
 0001:00008ff8       ?__scrt_throw_std_bad_array_new_length@@YAXXZ 0000000180009ff8 f   LIBCMT:throw_bad_alloc.obj
 0001:00009018       __isa_available_init       000000018000a018 f   LIBCMT:cpu_disp.obj
 0001:000091d4       _get_startup_argv_mode     000000018000a1d4 f   LIBCMT:argv_mode.obj
 0001:000091d4       DllMain                    000000018000a1d4 f   LIBCMT:dll_dllmain_stub.obj
 0001:000091dc       __scrt_is_ucrt_dll_in_use  000000018000a1dc f   LIBCMT:ucrt_detection.obj
 0001:000091e8       __crt_debugger_hook        000000018000a1e8 f   LIBCMT:utility_desktop.obj
 0001:000091f0       __scrt_fastfail            000000018000a1f0 f   LIBCMT:utility_desktop.obj
 0001:0000933c       __security_init_cookie     000000018000a33c f   LIBCMT:gs_support.obj
 0001:000093e8       ?__scrt_initialize_type_info@@YAXXZ 000000018000a3e8 f   LIBCMT:tncleanup.obj
 0001:000093f8       ?__scrt_uninitialize_type_info@@YAXXZ 000000018000a3f8 f   LIBCMT:tncleanup.obj
 0001:00009404       __local_stdio_scanf_options 000000018000a404 f i LIBCMT:default_local_stdio_options.obj
 0001:0000940c       __scrt_initialize_default_local_stdio_options 000000018000a40c f   LIBCMT:default_local_stdio_options.obj
 0001:00009428       __scrt_get_dyn_tls_init_callback 000000018000a428 f   LIBCMT:dyn_tls_init.obj
 0001:00009430       _RTC_Initialize            000000018000a430 f   LIBCMT:initsect.obj
 0001:0000946c       _RTC_Terminate             000000018000a46c f   LIBCMT:initsect.obj
 0001:000094b0       _purecall                  000000018000a4b0 f   libvcruntime:purevirt.obj
 0001:000094e0       __std_exception_copy       000000018000a4e0 f   libvcruntime:std_exception.obj
 0001:00009570       __std_exception_destroy    000000018000a570 f   libvcruntime:std_exception.obj
 0001:00009598       _CxxThrowException         000000018000a598 f   libvcruntime:throw.obj
 0001:00009658       ??$_CallSETranslator@V__FrameHandler3@@@@YAHPEAUEHExceptionRecord@@PEA_KPEAU_CONTEXT@@PEAU_xDISPATCHER_CONTEXT@@PEBU_s_FuncInfo@@K1@Z 000000018000a658 f i libvcruntime:risctrnsctrl.obj
 0001:000096ac       ?CatchTryBlock@__FrameHandler3@@SAPEBU_s_TryBlockMapEntry@@PEBU_s_FuncInfo@@H@Z 000000018000a6ac f   libvcruntime:risctrnsctrl.obj
 0001:00009704       ?ExecutionInCatch@__FrameHandler3@@SA_NPEAU_xDISPATCHER_CONTEXT@@PEBU_s_FuncInfo@@@Z 000000018000a704 f   libvcruntime:risctrnsctrl.obj
 0001:00009730       ?FrameUnwindToEmptyState@__FrameHandler3@@SAXPEA_KPEAU_xDISPATCHER_CONTEXT@@PEBU_s_FuncInfo@@@Z 000000018000a730 f   libvcruntime:risctrnsctrl.obj
 0001:00009794       ?GetEstablisherFrame@__FrameHandler3@@SAPEA_KPEA_KPEAU_xDISPATCHER_CONTEXT@@PEBU_s_FuncInfo@@0@Z 000000018000a794 f   libvcruntime:risctrnsctrl.obj
 0001:00009860       ?GetRangeOfTrysToCheck@__FrameHandler3@@SA?AU?$pair@Viterator@TryBlockMap@__FrameHandler3@@V123@@std@@AEAVTryBlockMap@1@HH@Z 000000018000a860 f   libvcruntime:risctrnsctrl.obj
 0001:000099bc       ?UnwindNestedFrames@__FrameHandler3@@SAXPEA_KPEAUEHExceptionRecord@@PEAU_CONTEXT@@0PEAXPEBU_s_FuncInfo@@HHPEBU_s_HandlerType@@PEAU_xDISPATCHER_CONTEXT@@E@Z 000000018000a9bc f   libvcruntime:risctrnsctrl.obj
 0001:00009ae0       _CreateFrameInfo           000000018000aae0 f   libvcruntime:risctrnsctrl.obj
 0001:00009b1c       _FindAndUnlinkFrame        000000018000ab1c f   libvcruntime:risctrnsctrl.obj
 0001:00009b70       _GetImageBase              000000018000ab70 f   libvcruntime:risctrnsctrl.obj
 0001:00009b84       _GetThrowImageBase         000000018000ab84 f   libvcruntime:risctrnsctrl.obj
 0001:00009b98       _SetImageBase              000000018000ab98 f   libvcruntime:risctrnsctrl.obj
 0001:00009bb0       _SetThrowImageBase         000000018000abb0 f   libvcruntime:risctrnsctrl.obj
 0001:00009bc8       __CxxFrameHandler3         000000018000abc8 f   libvcruntime:risctrnsctrl.obj
 0001:00009c60       memcpy_repmovs             000000018000ac60 f   libvcruntime:memcpy.obj
 0001:00009c80       memmove                    000000018000ac80 f   libvcruntime:memcpy.obj
 0001:00009c80       memcpy                     000000018000ac80 f   libvcruntime:memcpy.obj
 0001:0000a0d0       memset_repmovs             000000018000b0d0 f   libvcruntime:memset.obj
 0001:0000a0f0       memset                     000000018000b0f0 f   libvcruntime:memset.obj
 0001:0000a280       __DestructExceptionObject  000000018000b280 f   libvcruntime:ehhelpers.obj
 0001:0000a2f4       ?_CallMemberFunction0@@YAXQEAX0@Z 000000018000b2f4 f i libvcruntime:ehhelpers.obj
 0001:0000a2f8       _IsExceptionObjectToBeDestroyed 000000018000b2f8 f   libvcruntime:ehhelpers.obj
 0001:0000a328       __AdjustPointer            000000018000b328 f   libvcruntime:ehhelpers.obj
 0001:0000a34c       __FrameUnwindFilter        000000018000b34c f   libvcruntime:ehhelpers.obj
 0001:0000a398       __std_terminate            000000018000b398 f   libvcruntime:ehhelpers.obj
 0001:0000a3c0       memchr                     000000018000b3c0 f   libvcruntime:memchr.obj
 0001:0000a440       memcmp                     000000018000b440 f   libvcruntime:memcmp.obj
 0001:0000a508       __vcrt_initialize          000000018000b508 f   libvcruntime:initialization.obj
 0001:0000a53c       __vcrt_thread_attach       000000018000b53c f   libvcruntime:initialization.obj
 0001:0000a550       __vcrt_thread_detach       000000018000b550 f   libvcruntime:initialization.obj
 0001:0000a564       __vcrt_uninitialize        000000018000b564 f   libvcruntime:initialization.obj
 0001:0000a584       __vcrt_uninitialize_critical 000000018000b584 f   libvcruntime:initialization.obj
 0001:0000a594       __C_specific_handler       000000018000b594 f   libvcruntime:riscchandler.obj
 0001:0000a7a0       __std_type_info_compare    000000018000b7a0 f   libvcruntime:std_type_info.obj
 0001:0000a7c8       __std_type_info_destroy_list 000000018000b7c8 f   libvcruntime:std_type_info.obj
 0001:0000a7f4       __vcrt_initialize_pure_virtual_call_handler 000000018000b7f4 f   libvcruntime:purevirt_data.obj
 0001:0000a804       __vcrt_freefls             000000018000b804 f   libvcruntime:per_thread_data.obj
 0001:0000a824       __vcrt_freeptd             000000018000b824 f   libvcruntime:per_thread_data.obj
 0001:0000a874       __vcrt_getptd              000000018000b874 f   libvcruntime:per_thread_data.obj
 0001:0000a890       __vcrt_getptd_noexit       000000018000b890 f   libvcruntime:per_thread_data.obj
 0001:0000a95c       __vcrt_initialize_ptd      000000018000b95c f   libvcruntime:per_thread_data.obj
 0001:0000a9b0       __vcrt_uninitialize_ptd    000000018000b9b0 f   libvcruntime:per_thread_data.obj
 0001:0000a9d4       ?GetCurrentState@__FrameHandler3@@SAHPEA_KPEAU_xDISPATCHER_CONTEXT@@PEBU_s_FuncInfo@@@Z 000000018000b9d4 f   libvcruntime:ehstate.obj
 0001:0000a9fc       ?GetUnwindTryBlock@__FrameHandler3@@SAHPEA_KPEAU_xDISPATCHER_CONTEXT@@PEBU_s_FuncInfo@@@Z 000000018000b9fc f   libvcruntime:ehstate.obj
 0001:0000aa28       ?SetState@__FrameHandler3@@SAXPEA_KPEBU_s_FuncInfo@@H@Z 000000018000ba28 f   libvcruntime:ehstate.obj
 0001:0000aa34       ?SetUnwindTryBlock@__FrameHandler3@@SAXPEA_KPEAU_xDISPATCHER_CONTEXT@@PEBU_s_FuncInfo@@H@Z 000000018000ba34 f   libvcruntime:ehstate.obj
 0001:0000aa70       ?StateFromControlPc@__FrameHandler3@@SAHPEBU_s_FuncInfo@@PEAU_xDISPATCHER_CONTEXT@@@Z 000000018000ba70 f   libvcruntime:ehstate.obj
 0001:0000aa78       ?StateFromIp@__FrameHandler3@@SAHPEBU_s_FuncInfo@@PEAU_xDISPATCHER_CONTEXT@@_K@Z 000000018000ba78 f   libvcruntime:ehstate.obj
 0001:0000b504       ??$TypeMatchHelper@V__FrameHandler3@@@@YAHPEBU_s_HandlerType@@PEBU_s_CatchableType@@PEBU_s_ThrowInfo@@@Z 000000018000c504 f i libvcruntime:frame.obj
 0001:0000b648       ??$__InternalCxxFrameHandler@V__FrameHandler3@@@@YA?AW4_EXCEPTION_DISPOSITION@@PEAUEHExceptionRecord@@PEA_KPEAU_CONTEXT@@PEAU_xDISPATCHER_CONTEXT@@PEBU_s_FuncInfo@@H1E@Z 000000018000c648 f i libvcruntime:frame.obj
 0001:0000b890       ??0bad_exception@std@@QEAA@AEBV01@@Z 000000018000c890 f i libvcruntime:frame.obj
 0001:0000b8d0       ??0bad_exception@std@@QEAA@XZ 000000018000c8d0 f i libvcruntime:frame.obj
 0001:0000b8f0       ?CxxCallCatchBlock@__FrameHandler3@@SAPEAXPEAU_EXCEPTION_RECORD@@@Z 000000018000c8f0 f   libvcruntime:frame.obj
 0001:0000bb64       ?FrameUnwindToState@__FrameHandler3@@SAXPEA_KPEAU_xDISPATCHER_CONTEXT@@PEBU_s_FuncInfo@@H@Z 000000018000cb64 f   libvcruntime:frame.obj
 0001:0000bcf8       ?GetHandlerSearchState@__FrameHandler3@@SAHPEA_KPEAU_xDISPATCHER_CONTEXT@@PEBU_s_FuncInfo@@@Z 000000018000ccf8 f i libvcruntime:frame.obj
 0001:0000befc       ?_CallMemberFunction1@@YAXQEAX00@Z 000000018000cefc f i libvcruntime:frame.obj
 0001:0000bf08       ?_CallMemberFunction2@@YAXQEAX00H@Z 000000018000cf08 f i libvcruntime:frame.obj
 0001:0000bf18       __vcrt_initialize_locks    000000018000cf18 f   libvcruntime:locks.obj
 0001:0000bf60       __vcrt_uninitialize_locks  000000018000cf60 f   libvcruntime:locks.obj
 0001:0000c170       __vcrt_FlsAlloc            000000018000d170 f   libvcruntime:winapi_downlevel.obj
 0001:0000c1b8       __vcrt_FlsFree             000000018000d1b8 f   libvcruntime:winapi_downlevel.obj
 0001:0000c200       __vcrt_FlsGetValue         000000018000d200 f   libvcruntime:winapi_downlevel.obj
 0001:0000c248       __vcrt_FlsSetValue         000000018000d248 f   libvcruntime:winapi_downlevel.obj
 0001:0000c29c       __vcrt_InitializeCriticalSectionEx 000000018000d29c f   libvcruntime:winapi_downlevel.obj
 0001:0000c300       __vcrt_initialize_winapi_thunks 000000018000d300 f   libvcruntime:winapi_downlevel.obj
 0001:0000c330       __vcrt_uninitialize_winapi_thunks 000000018000d330 f   libvcruntime:winapi_downlevel.obj
 0001:0000c380       _NLG_Notify                000000018000d380 f   libvcruntime:notify.obj
 0001:0000c3a0       __NLG_Dispatch2            000000018000d3a0 f   libvcruntime:notify.obj
 0001:0000c3b0       __NLG_Return2              000000018000d3b0 f   libvcruntime:notify.obj
 0001:0000c3b4       __except_validate_context_record 000000018000d3b4 f   libvcruntime:jbcxrval.obj
 0001:0000c400       _CallSettingFrame          000000018000d400 f   libvcruntime:handlers.obj
 0001:0000c450       _CallSettingFrameEncoded   000000018000d450 f   libvcruntime:handlers.obj
 0001:0000c498       abort                      000000018000d498 f   libucrt:abort.obj
 0001:0000c4f0       calloc                     000000018000d4f0 f   libucrt:calloc.obj
 0001:0000c4f8       __acrt_call_reportfault    000000018000d4f8 f   libucrt:invalid_parameter.obj
 0001:0000c654       __acrt_initialize_invalid_parameter_handler 000000018000d654 f   libucrt:invalid_parameter.obj
 0001:0000c65c       _invalid_parameter         000000018000d65c f   libucrt:invalid_parameter.obj
 0001:0000c70c       _invalid_parameter_noinfo  000000018000d70c f   libucrt:invalid_parameter.obj
 0001:0000c72c       _invalid_parameter_noinfo_noreturn 000000018000d72c f   libucrt:invalid_parameter.obj
 0001:0000c75c       _invoke_watson             000000018000d75c f   libucrt:invalid_parameter.obj
 0001:0000c850       strcspn                    000000018000d850 f   libucrt:strcspn.obj
 0001:0000cff4       ??$ensure_buffer_is_big_enough@D@formatting_buffer@__crt_stdio_output@@QEAA_N_K@Z 000000018000dff4 f i libucrt:output.obj
 0001:0000d09c       ??$ensure_buffer_is_big_enough@_W@formatting_buffer@__crt_stdio_output@@QEAA_N_K@Z 000000018000e09c f i libucrt:output.obj
 0001:0000d148       ??$is_wide_character_specifier@_W@__crt_stdio_output@@YA_N_K_WW4length_modifier@0@@Z 000000018000e148 f i libucrt:output.obj
 0001:0000d188       ??$type_case_integer_parse_into_buffer@I@?$output_processor@DV?$string_output_adapter@D@__crt_stdio_output@@V?$format_validation_base@DV?$string_output_adapter@D@__crt_stdio_output@@@2@@__crt_stdio_output@@AEAAXII_N@Z 000000018000e188 f i libucrt:output.obj
 0001:0000d218       ??$type_case_integer_parse_into_buffer@I@?$output_processor@_WV?$string_output_adapter@_W@__crt_stdio_output@@V?$standard_base@_WV?$string_output_adapter@_W@__crt_stdio_output@@@2@@__crt_stdio_output@@AEAAXII_N@Z 000000018000e218 f i libucrt:output.obj
 0001:0000d218       ??$type_case_integer_parse_into_buffer@I@?$output_processor@_WV?$stream_output_adapter@_W@__crt_stdio_output@@V?$standard_base@_WV?$stream_output_adapter@_W@__crt_stdio_output@@@2@@__crt_stdio_output@@AEAAXII_N@Z 000000018000e218 f i libucrt:output.obj
 0001:0000d2bc       ??$type_case_integer_parse_into_buffer@_K@?$output_processor@DV?$string_output_adapter@D@__crt_stdio_output@@V?$format_validation_base@DV?$string_output_adapter@D@__crt_stdio_output@@@2@@__crt_stdio_output@@AEAAX_KI_N@Z 000000018000e2bc f i libucrt:output.obj
 0001:0000d350       ??$type_case_integer_parse_into_buffer@_K@?$output_processor@_WV?$string_output_adapter@_W@__crt_stdio_output@@V?$standard_base@_WV?$string_output_adapter@_W@__crt_stdio_output@@@2@@__crt_stdio_output@@AEAAX_KI_N@Z 000000018000e350 f i libucrt:output.obj
 0001:0000d350       ??$type_case_integer_parse_into_buffer@_K@?$output_processor@_WV?$stream_output_adapter@_W@__crt_stdio_output@@V?$standard_base@_WV?$stream_output_adapter@_W@__crt_stdio_output@@@2@@__crt_stdio_output@@AEAAX_KI_N@Z 000000018000e350 f i libucrt:output.obj
 0001:0000d3f4       ??$write_multiple_characters@V?$stream_output_adapter@_W@__crt_stdio_output@@D@__crt_stdio_output@@YAXAEBV?$stream_output_adapter@_W@0@DHQEAH@Z 000000018000e3f4 f i libucrt:output.obj
 0001:0000d488       ??$write_multiple_characters@V?$string_output_adapter@D@__crt_stdio_output@@D@__crt_stdio_output@@YAXAEBV?$string_output_adapter@D@0@DHQEAH@Z 000000018000e488 f i libucrt:output.obj
 0001:0000d500       ??$write_multiple_characters@V?$string_output_adapter@_W@__crt_stdio_output@@D@__crt_stdio_output@@YAXAEBV?$string_output_adapter@_W@0@DHQEAH@Z 000000018000e500 f i libucrt:output.obj
 0001:0000d57c       ??0_LocaleUpdate@@QEAA@QEAU__crt_locale_pointers@@@Z 000000018000e57c f i libucrt:output.obj
 0001:0000d618       ??1_LocaleUpdate@@QEAA@XZ  000000018000e618 f i libucrt:output.obj
 0001:0000d760       ?crop_zeroes@__crt_stdio_output@@YAXPEADQEAU__crt_locale_pointers@@@Z 000000018000e760 f i libucrt:output.obj
 0001:0000d7cc       ?force_decimal_point@__crt_stdio_output@@YAXPEADQEAU__crt_locale_pointers@@@Z 000000018000e7cc f i libucrt:output.obj
 0001:0000d83c       ?parse_int_from_format_string@?$output_processor@DV?$string_output_adapter@D@__crt_stdio_output@@V?$format_validation_base@DV?$string_output_adapter@D@__crt_stdio_output@@@2@@__crt_stdio_output@@AEAA_NQEAH@Z 000000018000e83c f i libucrt:output.obj
 0001:0000d8e0       ?parse_int_from_format_string@?$output_processor@_WV?$stream_output_adapter@_W@__crt_stdio_output@@V?$standard_base@_WV?$stream_output_adapter@_W@__crt_stdio_output@@@2@@__crt_stdio_output@@AEAA_NQEAH@Z 000000018000e8e0 f i libucrt:output.obj
 0001:0000d8e0       ?parse_int_from_format_string@?$output_processor@_WV?$string_output_adapter@_W@__crt_stdio_output@@V?$standard_base@_WV?$string_output_adapter@_W@__crt_stdio_output@@@2@@__crt_stdio_output@@AEAA_NQEAH@Z 000000018000e8e0 f i libucrt:output.obj
 0001:0000d984       ?process@?$output_processor@DV?$string_output_adapter@D@__crt_stdio_output@@V?$format_validation_base@DV?$string_output_adapter@D@__crt_stdio_output@@@2@@__crt_stdio_output@@QEAAHXZ 000000018000e984 f i libucrt:output.obj
 0001:0000db9c       ?process@?$output_processor@_WV?$stream_output_adapter@_W@__crt_stdio_output@@V?$standard_base@_WV?$stream_output_adapter@_W@__crt_stdio_output@@@2@@__crt_stdio_output@@QEAAHXZ 000000018000eb9c f i libucrt:output.obj
 0001:0000de08       ?process@?$output_processor@_WV?$string_output_adapter@_W@__crt_stdio_output@@V?$standard_base@_WV?$string_output_adapter@_W@__crt_stdio_output@@@2@@__crt_stdio_output@@QEAAHXZ 000000018000ee08 f i libucrt:output.obj
 0001:0000e084       ?state_case_normal@?$output_processor@DV?$string_output_adapter@D@__crt_stdio_output@@V?$format_validation_base@DV?$string_output_adapter@D@__crt_stdio_output@@@2@@__crt_stdio_output@@AEAA_NXZ 000000018000f084 f i libucrt:output.obj
 0001:0000e0f8       ?state_case_normal_tchar@?$output_processor@DV?$string_output_adapter@D@__crt_stdio_output@@V?$format_validation_base@DV?$string_output_adapter@D@__crt_stdio_output@@@2@@__crt_stdio_output@@AEAA_ND@Z 000000018000f0f8 f i libucrt:output.obj
 0001:0000e1a0       ?state_case_size@?$output_processor@DV?$string_output_adapter@D@__crt_stdio_output@@V?$format_validation_base@DV?$string_output_adapter@D@__crt_stdio_output@@@2@@__crt_stdio_output@@AEAA_NXZ 000000018000f1a0 f i libucrt:output.obj
 0001:0000e314       ?state_case_size@?$output_processor@_WV?$stream_output_adapter@_W@__crt_stdio_output@@V?$standard_base@_WV?$stream_output_adapter@_W@__crt_stdio_output@@@2@@__crt_stdio_output@@AEAA_NXZ 000000018000f314 f i libucrt:output.obj
 0001:0000e4ac       ?state_case_size@?$output_processor@_WV?$string_output_adapter@_W@__crt_stdio_output@@V?$standard_base@_WV?$string_output_adapter@_W@__crt_stdio_output@@@2@@__crt_stdio_output@@AEAA_NXZ 000000018000f4ac f i libucrt:output.obj
 0001:0000e644       ?state_case_type@?$output_processor@DV?$string_output_adapter@D@__crt_stdio_output@@V?$format_validation_base@DV?$string_output_adapter@D@__crt_stdio_output@@@2@@__crt_stdio_output@@AEAA_NXZ 000000018000f644 f i libucrt:output.obj
 0001:0000e8ac       ?state_case_type@?$output_processor@_WV?$stream_output_adapter@_W@__crt_stdio_output@@V?$standard_base@_WV?$stream_output_adapter@_W@__crt_stdio_output@@@2@@__crt_stdio_output@@AEAA_NXZ 000000018000f8ac f i libucrt:output.obj
 0001:0000eb8c       ?state_case_type@?$output_processor@_WV?$string_output_adapter@_W@__crt_stdio_output@@V?$standard_base@_WV?$string_output_adapter@_W@__crt_stdio_output@@@2@@__crt_stdio_output@@AEAA_NXZ 000000018000fb8c f i libucrt:output.obj
 0001:0000ee58       ?type_case_Z@?$output_processor@DV?$string_output_adapter@D@__crt_stdio_output@@V?$format_validation_base@DV?$string_output_adapter@D@__crt_stdio_output@@@2@@__crt_stdio_output@@AEAA_NXZ 000000018000fe58 f i libucrt:output.obj
 0001:0000eed0       ?type_case_Z@?$output_processor@_WV?$string_output_adapter@_W@__crt_stdio_output@@V?$standard_base@_WV?$string_output_adapter@_W@__crt_stdio_output@@@2@@__crt_stdio_output@@AEAA_NXZ 000000018000fed0 f i libucrt:output.obj
 0001:0000eed0       ?type_case_Z@?$output_processor@_WV?$stream_output_adapter@_W@__crt_stdio_output@@V?$standard_base@_WV?$stream_output_adapter@_W@__crt_stdio_output@@@2@@__crt_stdio_output@@AEAA_NXZ 000000018000fed0 f i libucrt:output.obj
 0001:0000ef4c       ?type_case_a@?$output_processor@DV?$string_output_adapter@D@__crt_stdio_output@@V?$format_validation_base@DV?$string_output_adapter@D@__crt_stdio_output@@@2@@__crt_stdio_output@@AEAA_NXZ 000000018000ff4c f i libucrt:output.obj
 0001:0000f108       ?type_case_a@?$output_processor@_WV?$string_output_adapter@_W@__crt_stdio_output@@V?$standard_base@_WV?$string_output_adapter@_W@__crt_stdio_output@@@2@@__crt_stdio_output@@AEAA_NXZ 0000000180010108 f i libucrt:output.obj
 0001:0000f108       ?type_case_a@?$output_processor@_WV?$stream_output_adapter@_W@__crt_stdio_output@@V?$standard_base@_WV?$stream_output_adapter@_W@__crt_stdio_output@@@2@@__crt_stdio_output@@AEAA_NXZ 0000000180010108 f i libucrt:output.obj
 0001:0000f2e8       ?type_case_c_tchar@?$output_processor@DV?$string_output_adapter@D@__crt_stdio_output@@V?$format_validation_base@DV?$string_output_adapter@D@__crt_stdio_output@@@2@@__crt_stdio_output@@AEAA_ND@Z 00000001800102e8 f i libucrt:output.obj
 0001:0000f3a4       ?type_case_c_tchar@?$output_processor@_WV?$string_output_adapter@_W@__crt_stdio_output@@V?$standard_base@_WV?$string_output_adapter@_W@__crt_stdio_output@@@2@@__crt_stdio_output@@AEAA_N_W@Z 00000001800103a4 f i libucrt:output.obj
 0001:0000f3a4       ?type_case_c_tchar@?$output_processor@_WV?$stream_output_adapter@_W@__crt_stdio_output@@V?$standard_base@_WV?$stream_output_adapter@_W@__crt_stdio_output@@@2@@__crt_stdio_output@@AEAA_N_W@Z 00000001800103a4 f i libucrt:output.obj
 0001:0000f44c       ?type_case_integer@?$output_processor@DV?$string_output_adapter@D@__crt_stdio_output@@V?$format_validation_base@DV?$string_output_adapter@D@__crt_stdio_output@@@2@@__crt_stdio_output@@AEAA_NI_N@Z 000000018001044c f i libucrt:output.obj
 0001:0000f614       ?type_case_integer@?$output_processor@_WV?$string_output_adapter@_W@__crt_stdio_output@@V?$standard_base@_WV?$string_output_adapter@_W@__crt_stdio_output@@@2@@__crt_stdio_output@@AEAA_NI_N@Z 0000000180010614 f i libucrt:output.obj
 0001:0000f614       ?type_case_integer@?$output_processor@_WV?$stream_output_adapter@_W@__crt_stdio_output@@V?$standard_base@_WV?$stream_output_adapter@_W@__crt_stdio_output@@@2@@__crt_stdio_output@@AEAA_NI_N@Z 0000000180010614 f i libucrt:output.obj
 0001:0000f7e0       ?type_case_n@?$output_processor@_WV?$stream_output_adapter@_W@__crt_stdio_output@@V?$standard_base@_WV?$stream_output_adapter@_W@__crt_stdio_output@@@2@@__crt_stdio_output@@AEAA_NXZ 00000001800107e0 f i libucrt:output.obj
 0001:0000f7e0       ?type_case_n@?$output_processor@DV?$string_output_adapter@D@__crt_stdio_output@@V?$format_validation_base@DV?$string_output_adapter@D@__crt_stdio_output@@@2@@__crt_stdio_output@@AEAA_NXZ 00000001800107e0 f i libucrt:output.obj
 0001:0000f7e0       ?type_case_n@?$output_processor@_WV?$string_output_adapter@_W@__crt_stdio_output@@V?$standard_base@_WV?$string_output_adapter@_W@__crt_stdio_output@@@2@@__crt_stdio_output@@AEAA_NXZ 00000001800107e0 f i libucrt:output.obj
 0001:0000f8bc       ?type_case_s@?$output_processor@DV?$string_output_adapter@D@__crt_stdio_output@@V?$format_validation_base@DV?$string_output_adapter@D@__crt_stdio_output@@@2@@__crt_stdio_output@@AEAA_NXZ 00000001800108bc f i libucrt:output.obj
 0001:0000f954       ?type_case_s@?$output_processor@_WV?$stream_output_adapter@_W@__crt_stdio_output@@V?$standard_base@_WV?$stream_output_adapter@_W@__crt_stdio_output@@@2@@__crt_stdio_output@@AEAA_NXZ 0000000180010954 f i libucrt:output.obj
 0001:0000f954       ?type_case_s@?$output_processor@_WV?$string_output_adapter@_W@__crt_stdio_output@@V?$standard_base@_WV?$string_output_adapter@_W@__crt_stdio_output@@@2@@__crt_stdio_output@@AEAA_NXZ 0000000180010954 f i libucrt:output.obj
 0001:0000fa1c       ?write_stored_string_tchar@?$output_processor@DV?$string_output_adapter@D@__crt_stdio_output@@V?$format_validation_base@DV?$string_output_adapter@D@__crt_stdio_output@@@2@@__crt_stdio_output@@AEAA_ND@Z 0000000180010a1c f i libucrt:output.obj
 0001:0000faf4       ?write_stored_string_tchar@?$output_processor@_WV?$stream_output_adapter@_W@__crt_stdio_output@@V?$standard_base@_WV?$stream_output_adapter@_W@__crt_stdio_output@@@2@@__crt_stdio_output@@AEAA_N_W@Z 0000000180010af4 f i libucrt:output.obj
 0001:0000fbfc       ?write_stored_string_tchar@?$output_processor@_WV?$string_output_adapter@_W@__crt_stdio_output@@V?$standard_base@_WV?$string_output_adapter@_W@__crt_stdio_output@@@2@@__crt_stdio_output@@AEAA_N_W@Z 0000000180010bfc f i libucrt:output.obj
 0001:0000fce8       ?write_string@?$string_output_adapter@D@__crt_stdio_output@@QEBAXQEBDHQEAHAEAV__crt_deferred_errno_cache@@@Z 0000000180010ce8 f i libucrt:output.obj
 0001:0000fd8c       ?write_string@?$string_output_adapter@_W@__crt_stdio_output@@QEBAXQEB_WHQEAHAEAV__crt_deferred_errno_cache@@@Z 0000000180010d8c f i libucrt:output.obj
 0001:0000fe34       ?write_string_impl@?$output_adapter_common@_WV?$stream_output_adapter@_W@__crt_stdio_output@@@__crt_stdio_output@@IEBAXQEB_WHQEAHAEAV__crt_deferred_errno_cache@@@Z 0000000180010e34 f i libucrt:output.obj
 0001:0000ff38       __stdio_common_vfwprintf   0000000180010f38 f   libucrt:output.obj
 0001:0000ffc4       __stdio_common_vsprintf_s  0000000180010fc4 f   libucrt:output.obj
 0001:00010028       __stdio_common_vswprintf   0000000180011028 f   libucrt:output.obj
 0001:00010030       localeconv                 0000000180011030 f   libucrt:localeconv.obj
 0001:00010064       free                       0000000180011064 f   libucrt:free.obj
 0001:00010078       frexp                      0000000180011078 f   libucrt:frexp.obj
 0001:00010888       ??$ftprintf@PEAU_iobuf@@PEB_WAEBQEB_WAEBQEB_WAEBI@?$__crt_char_traits@_W@@SAH$$QEAPEAU_iobuf@@$$QEAPEB_WAEBQEB_W2AEBI@Z 0000000180011888 f i libucrt:assert.obj
 0001:000108b0       _wassert                   00000001800118b0 f   libucrt:assert.obj
 0001:00010924       fwprintf                   0000000180011924 f i libucrt:assert.obj
 0001:00010968       swprintf                   0000000180011968 f i libucrt:assert.obj
 0001:000109bc       malloc                     00000001800119bc f   libucrt:malloc.obj
 0001:000109c4       __ascii_stricmp            00000001800119c4 f   libucrt:stricmp.obj
 0001:00010a04       _stricmp                   0000000180011a04 f   libucrt:stricmp.obj
 0001:00010a4c       _stricmp_l                 0000000180011a4c f   libucrt:stricmp.obj
 0001:00010b00       __acrt_initialize_locks    0000000180011b00 f   libucrt:locks.obj
 0001:00010b48       __acrt_lock                0000000180011b48 f   libucrt:locks.obj
 0001:00010b64       __acrt_uninitialize_locks  0000000180011b64 f   libucrt:locks.obj
 0001:00010b9c       __acrt_unlock              0000000180011b9c f   libucrt:locks.obj
 0001:00010bb8       _lock_locales              0000000180011bb8 f   libucrt:locks.obj
 0001:00010bd4       _unlock_locales            0000000180011bd4 f   libucrt:locks.obj
 0001:00010be4       terminate                  0000000180011be4 f   libucrt:terminate.obj
 0001:00010ee4       setlocale                  0000000180011ee4 f   libucrt:setlocale.obj
 0001:00010f30       __pctype_func              0000000180011f30 f   libucrt:ctype.obj
 0001:00010f60       isdigit                    0000000180011f60 f i libucrt:_ctype.obj
 0001:00010ff4       islower                    0000000180011ff4 f i libucrt:_ctype.obj
 0001:00011088       isupper                    0000000180012088 f i libucrt:_ctype.obj
 0001:0001111c       _wcsdup                    000000018001211c f   libucrt:wcsdup.obj
 0001:000111a0       ___lc_codepage_func        00000001800121a0 f   libucrt:initctype.obj
 0001:000111d0       ___lc_locale_name_func     00000001800121d0 f   libucrt:initctype.obj
 0001:00011204       ___mb_cur_max_func         0000000180012204 f   libucrt:initctype.obj
 0001:00011234       __acrt_locale_initialize_ctype 0000000180012234 f   libucrt:initctype.obj
 0001:00011884       __acrt_errno_from_os_error 0000000180012884 f   libucrt:errno.obj
 0001:000118cc       __acrt_errno_map_os_error  00000001800128cc f   libucrt:errno.obj
 0001:0001191c       __doserrno                 000000018001291c f   libucrt:errno.obj
 0001:0001193c       _errno                     000000018001293c f   libucrt:errno.obj
 0001:00011960       ?divide@__crt_strtox@@YA_KAEAUbig_integer@1@AEBU21@@Z 0000000180012960 f i libucrt:strtod.obj
 0001:00011e20       pow                        0000000180012e20 f   libucrt:pow.obj
 0001:000134c0       powf                       00000001800144c0 f   libucrt:powf.obj
 0001:00014388       __strncnt                  0000000180015388 f   libucrt:strncnt.obj
 0001:000143a0       ??$__acrt_mbs_to_wcs_cp@U__crt_win32_buffer_internal_dynamic_resizing@@@@YAHQEBDAEAV?$__crt_win32_buffer@_WU__crt_win32_buffer_internal_dynamic_resizing@@@@I@Z 00000001800153a0 f i libucrt:strftime.obj
 0001:00014518       ??$__acrt_wcs_to_mbs_cp@U__crt_win32_buffer_no_resizing@@@@YAHQEB_WAEAV?$__crt_win32_buffer@DU__crt_win32_buffer_no_resizing@@@@I@Z 0000000180015518 f i libucrt:strftime.obj
 0001:0001468c       _tolower_l                 000000018001568c f   libucrt:tolower_toupper.obj
 0001:000147cc       tolower                    00000001800157cc f   libucrt:tolower_toupper.obj
 0001:000147f8       wcscpy_s                   00000001800157f8 f   libucrt:wcscpy_s.obj
 0001:00014860       strnlen                    0000000180015860 f   libucrt:strnlen.obj
 0001:000149b0       wcsnlen                    00000001800159b0 f   libucrt:strnlen.obj
 0001:00014b88       __acrt_initialize_new_handler 0000000180015b88 f   libucrt:new_handler.obj
 0001:00014b90       _callnewh                  0000000180015b90 f   libucrt:new_handler.obj
 0001:00014bc0       _query_new_handler         0000000180015bc0 f   libucrt:new_handler.obj
 0001:00014bf4       _seh_filter_dll            0000000180015bf4 f   libucrt:exception_filter.obj
 0001:00014c08       _seh_filter_exe            0000000180015c08 f   libucrt:exception_filter.obj
 0001:00014ff8       __acrt_initialize_thread_local_exit_callback 0000000180015ff8 f   libucrt:exit.obj
 0001:00015000       _cexit                     0000000180016000 f   libucrt:exit.obj
 0001:00015010       _exit                      0000000180016010 f   libucrt:exit.obj
 0001:0001501c       _is_c_termination_complete 000000018001601c f   libucrt:exit.obj
 0001:000151e8       __acrt_allocate_buffer_for_argv 00000001800161e8 f   libucrt:argv_parsing.obj
 0001:00015248       _configure_narrow_argv     0000000180016248 f   libucrt:argv_parsing.obj
 0001:000155c0       __dcrt_uninitialize_environments_nolock 00000001800165c0 f   libucrt:environment_initialization.obj
 0001:000155f8       _initialize_narrow_environment 00000001800165f8 f   libucrt:environment_initialization.obj
 0001:00015940       _crt_atexit                0000000180016940 f   libucrt:onexit.obj
 0001:00015950       _execute_onexit_table      0000000180016950 f   libucrt:onexit.obj
 0001:0001598c       _initialize_onexit_table   000000018001698c f   libucrt:onexit.obj
 0001:000159b4       _register_onexit_function  00000001800169b4 f   libucrt:onexit.obj
 0001:00015a34       __acrt_uninitialize_command_line 0000000180016a34 f   libucrt:argv_data.obj
 0001:00015b2c       __acrt_initialize          0000000180016b2c f   libucrt:initialization.obj
 0001:00015b40       __acrt_thread_attach       0000000180016b40 f   libucrt:initialization.obj
 0001:00015b54       __acrt_thread_detach       0000000180016b54 f   libucrt:initialization.obj
 0001:00015b64       __acrt_uninitialize        0000000180016b64 f   libucrt:initialization.obj
 0001:00015b9c       __acrt_uninitialize_critical 0000000180016b9c f   libucrt:initialization.obj
 0001:00015bac       _initterm                  0000000180016bac f   libucrt:initterm.obj
 0001:00015c10       _initterm_e                0000000180016c10 f   libucrt:initterm.obj
 0001:00015c50       strcpy_s                   0000000180016c50 f   libucrt:strcpy_s.obj
 0001:00015cb0       wcsncmp                    0000000180016cb0 f   libucrt:wcsncmp.obj
 0001:00015cdc       ??$parse_integer@KV?$c_string_character_source@D@__crt_strtox@@@__crt_strtox@@YAKQEAU__crt_locale_pointers@@V?$c_string_character_source@D@0@H_N@Z 0000000180016cdc f i libucrt:atox.obj
 0001:00016018       ??$parse_integer@KV?$c_string_character_source@_W@__crt_strtox@@@__crt_strtox@@YAKQEAU__crt_locale_pointers@@V?$c_string_character_source@_W@0@H_N@Z 0000000180017018 f i libucrt:atox.obj
 0001:000166cc       _wtol                      00000001800176cc f   libucrt:atox.obj
 0001:00016710       strncmp                    0000000180017710 f   libucrt:strncmp.obj
 0001:000167d8       __acrt_get_sigabrt_handler 00000001800177d8 f   libucrt:signal.obj
 0001:00016808       __acrt_initialize_signal_handlers 0000000180017808 f   libucrt:signal.obj
 0001:00016828       raise                      0000000180017828 f   libucrt:signal.obj
 0001:00016a94       _calloc_base               0000000180017a94 f   libucrt:calloc_base.obj
 0001:00016e84       __acrt_freeptd             0000000180017e84 f   libucrt:per_thread_data.obj
 0001:00016ec8       __acrt_getptd              0000000180017ec8 f   libucrt:per_thread_data.obj
 0001:00016f9c       __acrt_getptd_head         0000000180017f9c f   libucrt:per_thread_data.obj
 0001:00017044       __acrt_getptd_noexit       0000000180018044 f   libucrt:per_thread_data.obj
 0001:00017110       __acrt_initialize_ptd      0000000180018110 f   libucrt:per_thread_data.obj
 0001:0001714c       __acrt_uninitialize_ptd    000000018001814c f   libucrt:per_thread_data.obj
 0001:00017170       _free_base                 0000000180018170 f   libucrt:free_base.obj
 0001:000171b0       _malloc_base               00000001800181b0 f   libucrt:malloc_base.obj
 0001:00017210       strtol                     0000000180018210 f   libucrt:strtox.obj
 0001:0001723c       wcstol                     000000018001823c f   libucrt:strtox.obj
 0001:00017268       _mbtowc_l                  0000000180018268 f   libucrt:mbtowc.obj
 0001:000173e4       mbtowc                     00000001800183e4 f   libucrt:mbtowc.obj
 0001:000173ec       _wctomb_s_l                00000001800183ec f   libucrt:wctomb.obj
 0001:0001758c       wctomb_s                   000000018001858c f   libucrt:wctomb.obj
 0001:000175a0       __acrt_update_locale_info  00000001800185a0 f   libucrt:locale_update.obj
 0001:000175d4       __acrt_update_multibyte_info 00000001800185d4 f   libucrt:locale_update.obj
 0001:00017fdc       __acrt_fp_format           0000000180018fdc f   libucrt:cvt.obj
 0001:00018264       _fputwc_nolock             0000000180019264 f   libucrt:fputwc.obj
 0001:000183e0       _fileno                    00000001800193e0 f   libucrt:fileno.obj
 0001:00018408       __acrt_initialize_stdio    0000000180019408 f   libucrt:_file.obj
 0001:00018528       __acrt_iob_func            0000000180019528 f   libucrt:_file.obj
 0001:0001853c       __acrt_uninitialize_stdio  000000018001953c f   libucrt:_file.obj
 0001:00018598       _lock_file                 0000000180019598 f   libucrt:_file.obj
 0001:000185a4       _unlock_file               00000001800195a4 f   libucrt:_file.obj
 0001:000185b0       _fputc_nolock              00000001800195b0 f   libucrt:fputc.obj
 0001:000185c8       _get_printf_count_output   00000001800195c8 f   libucrt:printf_count_output.obj
 0001:000185e0       __acrt_stdio_begin_temporary_buffering_nolock 00000001800195e0 f   libucrt:_sftbuf.obj
 0001:000186b0       __acrt_stdio_end_temporary_buffering_nolock 00000001800196b0 f   libucrt:_sftbuf.obj
 0001:00018954       __acrt_copy_locale_name    0000000180019954 f   libucrt:wsetlocale.obj
 0001:000189d8       __acrt_set_locale_changed  00000001800199d8 f   libucrt:wsetlocale.obj
 0001:000189e4       __acrt_uninitialize_locale 00000001800199e4 f   libucrt:wsetlocale.obj
 0001:00018a14       __lc_lctowcs               0000000180019a14 f   libucrt:wsetlocale.obj
 0001:00018ab8       __lc_wcstolc               0000000180019ab8 f   libucrt:wsetlocale.obj
 0001:00018cf4       _expandlocale              0000000180019cf4 f   libucrt:wsetlocale.obj
 0001:000190d8       _wcscats                   000000018001a0d8 f   libucrt:wsetlocale.obj
 0001:00019140       _wsetlocale                000000018001a140 f   libucrt:wsetlocale.obj
 0001:00019bb4       __acrt_initialize_lowio    000000018001abb4 f   libucrt:ioinit.obj
 0001:00019bf0       __acrt_uninitialize_lowio  000000018001abf0 f   libucrt:ioinit.obj
 0001:00019c30       _dsign                     000000018001ac30 f   libucrt:nan.obj
 0001:00019c48       _errcode                   000000018001ac48 f   libucrt:fpexcept.obj
 0001:00019c8c       _except1                   000000018001ac8c f   libucrt:fpexcept.obj
 0001:00019d80       _handle_exc                000000018001ad80 f   libucrt:fpexcept.obj
 0001:00019fe8       _raise_exc                 000000018001afe8 f   libucrt:fpexcept.obj
 0001:0001a010       _raise_exc_ex              000000018001b010 f   libucrt:fpexcept.obj
 0001:0001a320       _raise_excf                000000018001b320 f   libucrt:fpexcept.obj
 0001:0001a34c       _set_errno_from_matherr    000000018001b34c f   libucrt:fpexcept.obj
 0001:0001a37c       _umatherr                  000000018001b37c f   libucrt:fpexcept.obj
 0001:0001a450       _decomp                    000000018001b450 f   libucrt:util.obj
 0001:0001a588       _sptype                    000000018001b588 f   libucrt:util.obj
 0001:0001a5fc       _clrfp                     000000018001b5fc f   libucrt:fpctrl.obj
 0001:0001a61c       _ctrlfp                    000000018001b61c f   libucrt:fpctrl.obj
 0001:0001a698       _set_statfp                000000018001b698 f   libucrt:fpctrl.obj
 0001:0001a6b8       _statfp                    000000018001b6b8 f   libucrt:fpctrl.obj
 0001:0001a6cc       _query_app_type            000000018001b6cc f   libucrt:report_runtime_error.obj
 0001:0001a814       _itow_s                    000000018001b814 f   libucrt:xtoa.obj
 0001:0001a834       _set_error_mode            000000018001b834 f   libucrt:set_error_mode.obj
 0001:0001a874       wcscat_s                   000000018001b874 f   libucrt:wcscat_s.obj
 0001:0001a8f4       wcsncat_s                  000000018001b8f4 f   libucrt:wcsncat_s.obj
 0001:0001a9f4       __acrt_GetModuleFileNameA  000000018001b9f4 f   libucrt:getmodulefilenamea.obj
 0001:0001ab14       __acrt_show_wide_message_box 000000018001bb14 f   libucrt:crtmbox.obj
 0001:0001add4       __acrt_stdio_flush_nolock  000000018001bdd4 f   libucrt:fflush.obj
 0001:0001ae50       _fflush_nolock             000000018001be50 f   libucrt:fflush.obj
 0001:0001ae9c       _flushall                  000000018001be9c f   libucrt:fflush.obj
 0001:0001aea4       fflush                     000000018001bea4 f   libucrt:fflush.obj
 0001:0001b02c       setvbuf                    000000018001c02c f   libucrt:setvbuf.obj
 0001:0001b344       __acrt_AppPolicyGetProcessTerminationMethodInternal 000000018001c344 f   libucrt:winapi_thunks.obj
 0001:0001b394       __acrt_AppPolicyGetShowDeveloperDiagnosticInternal 000000018001c394 f   libucrt:winapi_thunks.obj
 0001:0001b3e4       __acrt_AppPolicyGetWindowingModelInternal 000000018001c3e4 f   libucrt:winapi_thunks.obj
 0001:0001b434       __acrt_AreFileApisANSI     000000018001c434 f   libucrt:winapi_thunks.obj
 0001:0001b470       __acrt_EnumSystemLocalesEx 000000018001c470 f   libucrt:winapi_thunks.obj
 0001:0001b508       __acrt_FlsAlloc            000000018001c508 f   libucrt:winapi_thunks.obj
 0001:0001b550       __acrt_FlsFree             000000018001c550 f   libucrt:winapi_thunks.obj
 0001:0001b598       __acrt_FlsGetValue         000000018001c598 f   libucrt:winapi_thunks.obj
 0001:0001b5e0       __acrt_FlsSetValue         000000018001c5e0 f   libucrt:winapi_thunks.obj
 0001:0001b634       __acrt_GetLocaleInfoEx     000000018001c634 f   libucrt:winapi_thunks.obj
 0001:0001b6b8       __acrt_GetUserDefaultLocaleName 000000018001c6b8 f   libucrt:winapi_thunks.obj
 0001:0001b71c       __acrt_InitializeCriticalSectionEx 000000018001c71c f   libucrt:winapi_thunks.obj
 0001:0001b780       __acrt_IsValidLocaleName   000000018001c780 f   libucrt:winapi_thunks.obj
 0001:0001b7d8       __acrt_LCIDToLocaleName    000000018001c7d8 f   libucrt:winapi_thunks.obj
 0001:0001b848       __acrt_LCMapStringEx       000000018001c848 f   libucrt:winapi_thunks.obj
 0001:0001b924       __acrt_LocaleNameToLCID    000000018001c924 f   libucrt:winapi_thunks.obj
 0001:0001b974       __acrt_MessageBoxW         000000018001c974 f   libucrt:winapi_thunks.obj
 0001:0001b9e8       __acrt_can_show_message_box 000000018001c9e8 f   libucrt:winapi_thunks.obj
 0001:0001ba58       __acrt_can_use_vista_locale_apis 000000018001ca58 f   libucrt:winapi_thunks.obj
 0001:0001ba88       __acrt_eagerly_load_locale_apis 000000018001ca88 f   libucrt:winapi_thunks.obj
 0001:0001bbe4       __acrt_get_parent_window   000000018001cbe4 f   libucrt:winapi_thunks.obj
 0001:0001bc5c       __acrt_initialize_winapi_thunks 000000018001cc5c f   libucrt:winapi_thunks.obj
 0001:0001bc90       __acrt_is_interactive      000000018001cc90 f   libucrt:winapi_thunks.obj
 0001:0001bd58       __acrt_uninitialize_winapi_thunks 000000018001cd58 f   libucrt:winapi_thunks.obj
 0001:0001bfa0       _mbstowcs_s_l              000000018001cfa0 f   libucrt:mbstowcs.obj
 0001:0001c0d4       mbstowcs_s                 000000018001d0d4 f   libucrt:mbstowcs.obj
 0001:0001c45c       _wcstombs_s_l              000000018001d45c f   libucrt:wcstombs.obj
 0001:0001c548       _isctype_l                 000000018001d548 f   libucrt:isctype.obj
 0001:0001c7d4       __acrt_GetLocaleInfoA      000000018001d7d4 f   libucrt:getlocaleinfoa.obj
 0001:0001c99c       __acrt_GetStringTypeA      000000018001d99c f   libucrt:getstringtypea.obj
 0001:0001ce44       __acrt_LCMapStringA        000000018001de44 f   libucrt:lcmapstringa.obj
 0001:0001cedc       _realloc_base              000000018001dedc f   libucrt:realloc_base.obj
 0001:0001cf58       iswctype                   000000018001df58 f   libucrt:iswctype.obj
 0001:0001cfd0       __acrt_initialize_fma3     000000018001dfd0 f   libucrt:fma3_available.obj
 0001:0001d040       _pow_special               000000018001e040 f   libucrt:pow_special.obj
 0001:0001d164       _powf_special              000000018001e164 f   libucrt:pow_special.obj
 0001:0001d2f0       __acrt_MultiByteToWideChar 000000018001e2f0 f   libucrt:multibytetowidechar.obj
 0001:0001d34c       __acrt_WideCharToMultiByte 000000018001e34c f   libucrt:widechartomultibyte.obj
 0001:0001d3e4       _wcsicmp                   000000018001e3e4 f   libucrt:wcsicmp.obj
 0001:0001d47c       _wcsicmp_l                 000000018001e47c f   libucrt:wcsicmp.obj
 0001:0001d57c       __acrt_initialize_timeset  000000018001e57c f   libucrt:timeset.obj
 0001:0001d5c0       _isleadbyte_l              000000018001e5c0 f i libucrt:_wctype.obj
 0001:0001d60c       __acrt_get_developer_information_policy 000000018001e60c f   libucrt:win_policies.obj
 0001:0001d660       __acrt_get_process_end_policy 000000018001e660 f   libucrt:win_policies.obj
 0001:0001d69c       __acrt_get_windowing_model_policy 000000018001e69c f   libucrt:win_policies.obj
 0001:0001d71c       ??$__acrt_wcs_to_mbs_cp@U__crt_win32_buffer_internal_dynamic_resizing@@@@YAHQEB_WAEAV?$__crt_win32_buffer@DU__crt_win32_buffer_internal_dynamic_resizing@@@@I@Z 000000018001e71c f i libucrt:argv_wildcards.obj
 0001:0001df4c       __acrt_expand_narrow_argv_wildcards 000000018001ef4c f   libucrt:argv_wildcards.obj
 0001:0001e680       __acrt_initialize_multibyte 000000018001f680 f   libucrt:mbctype.obj
 0001:0001e6e0       __acrt_update_thread_multibyte_data 000000018001f6e0 f   libucrt:mbctype.obj
 0001:0001e6fc       _setmbcp_nolock            000000018001f6fc f   libucrt:mbctype.obj
 0001:0001ea30       _ismbblead                 000000018001fa30 f   libucrt:ismbbyte.obj
 0001:0001ea44       __acrt_initialize_command_line 000000018001fa44 f   libucrt:argv_data.obj
 0001:0001ea6c       __dcrt_get_narrow_environment_from_os 000000018001fa6c f   libucrt:get_environment_from_os.obj
 0001:0001eb70       _recalloc_base             000000018001fb70 f   libucrt:recalloc.obj
 0001:0001ec08       __acrt_initialize_heap     000000018001fc08 f   libucrt:heap_handle.obj
 0001:0001ec24       __acrt_uninitialize_heap   000000018001fc24 f   libucrt:heap_handle.obj
 0001:0001ec30       __acrt_execute_initializers 000000018001fc30 f   libucrt:shared_initialization.obj
 0001:0001ecb0       __acrt_execute_uninitializers 000000018001fcb0 f   libucrt:shared_initialization.obj
 0001:0001ecec       __acrt_has_user_matherr    000000018001fcec f   libucrt:matherr.obj
[...]
 0004:00001d7c       $pdata$GetLcidFromLangCountry 0000000180139d7c     libucrt:getqloc_downlevel.obj
 0004:00001d88       $pdata$GetLcidFromLanguage 0000000180139d88     libucrt:getqloc_downlevel.obj
 0004:00001d94       $pdata$LangCountryEnumProc 0000000180139d94     libucrt:getqloc_downlevel.obj
 0004:00001da0       $pdata$LanguageEnumProc    0000000180139da0     libucrt:getqloc_downlevel.obj
 0004:00001dac       $pdata$ProcessCodePage     0000000180139dac     libucrt:getqloc_downlevel.obj
 0004:00001db8       $pdata$TestDefaultLanguage 0000000180139db8     libucrt:getqloc_downlevel.obj
 0004:00001dc4       $pdata$TranslateName       0000000180139dc4     libucrt:getqloc_downlevel.obj
 0004:00001dd0       $pdata$__acrt_get_qualified_locale_downlevel 0000000180139dd0     libucrt:getqloc_downlevel.obj
 0004:00001ddc       $pdata$__acrt_lowio_create_handle_array 0000000180139ddc     libucrt:osfinfo.obj
 0004:00001de8       $pdata$__acrt_lowio_destroy_handle_array 0000000180139de8     libucrt:osfinfo.obj
 0004:00001df4       $pdata$__acrt_lowio_ensure_fh_exists 0000000180139df4     libucrt:osfinfo.obj
 0004:00001e00       $pdata$_free_osfhnd        0000000180139e00     libucrt:osfinfo.obj
 0004:00001e0c       $pdata$_get_osfhandle      0000000180139e0c     libucrt:osfinfo.obj
 0004:00001e24       $pdata$??$?RV<lambda_a37b2b86f63e897a80ea819b0eb08c01>@@AEAV<lambda_38ce7e780aa69e748d6df282ebc68efe>@@V<lambda_99fb1378e971ab6e7edea83e3a7a83a2>@@@?$__crt_seh_guarded_call@H@@QEAAH$$QEAV<lambda_a37b2b86f63e897a80ea819b0eb08c01>@@AEAV<lambda_38ce7e780aa69e748d6df282ebc68efe>@@$$QEAV<lambda_99fb1378e971ab6e7edea83e3a7a83a2>@@@Z 0000000180139e24     libucrt:commit.obj
 0004:00001e30       $pdata$_commit             0000000180139e30     libucrt:commit.obj
 0004:00001e3c       $pdata$?write_double_translated_ansi_nolock@@YA?AUwrite_result@?A0x17268360@@HQEBDI@Z 0000000180139e3c     libucrt:write.obj
 0004:00001e48       $pdata$?write_text_ansi_nolock@@YA?AUwrite_result@?A0x17268360@@HQEBDI@Z 0000000180139e48     libucrt:write.obj
 0004:00001e54       $pdata$?write_text_utf16le_nolock@@YA?AUwrite_result@?A0x17268360@@HQEBDI@Z 0000000180139e54     libucrt:write.obj
 0004:00001e60       $pdata$?write_text_utf8_nolock@@YA?AUwrite_result@?A0x17268360@@HQEBDI@Z 0000000180139e60     libucrt:write.obj
 0004:00001e6c       $pdata$_write              0000000180139e6c     libucrt:write.obj
 0004:00001e78       $pdata$_write_nolock       0000000180139e78     libucrt:write.obj
 0004:00001e84       $pdata$?GetTableIndexFromLocaleName@@YAHPEB_W@Z 0000000180139e84     libucrt:lcidtoname_downlevel.obj
 0004:00001e90       $pdata$__acrt_DownlevelLCIDToLocaleName 0000000180139e90     libucrt:lcidtoname_downlevel.obj
 0004:00001e9c       $pdata$__acrt_DownlevelLocaleNameToLCID 0000000180139e9c     libucrt:lcidtoname_downlevel.obj
 0004:00001ea8       $pdata$?__wcsrtombs_utf8@__crt_mbstring@@YA_KPEADPEAPEB_W_KPEAU_Mbstatet@@@Z 0000000180139ea8     libucrt:wcrtomb.obj
 0004:00001eb4       $pdata$strncpy_s           0000000180139eb4     libucrt:strncpy_s.obj
 0004:00001ec0       $pdata$__acrt_fenv_set_control 0000000180139ec0     libucrt:_fenvutils.obj
 0004:00001ecc       $pdata$_call_matherr       0000000180139ecc     libucrt:libm_error.obj
 0004:00001ed8       $pdata$_exception_enabled  0000000180139ed8     libucrt:libm_error.obj
 0004:00001ee4       $pdata$_handle_error       0000000180139ee4     libucrt:libm_error.obj
 0004:00001ef0       $pdata$_handle_errorf      0000000180139ef0     libucrt:libm_error.obj
 0004:00001efc       $pdata$_towlower_l         0000000180139efc     libucrt:towlower.obj
 0004:00001f08       $pdata$qsort               0000000180139f08     libucrt:qsort.obj
 0004:00001f14       $pdata$4$qsort             0000000180139f14     libucrt:qsort.obj
 0004:00001f20       $pdata$5$qsort             0000000180139f20     libucrt:qsort.obj
 0004:00001f2c       $pdata$fallbackMethod      0000000180139f2c     libucrt:strpbrk.obj
 0004:00001f38       $pdata$strpbrk             0000000180139f38     libucrt:strpbrk.obj
 0004:00001f44       $pdata$_mbsdec_l           0000000180139f44     libucrt:mbsdec.obj
 0004:00001f50       $pdata$?initialize_multibyte@@YAHXZ 0000000180139f50     libucrt:multibyte_initializer.obj
 0004:00001f5c       $pdata$_msize_base         0000000180139f5c     libucrt:msize.obj
 0004:00001f68       $pdata$?__mbrtoc32_utf8@__crt_mbstring@@YA_KPEA_UPEBD_KPEAU_Mbstatet@@@Z 0000000180139f68     libucrt:mbrtoc32.obj
 0004:00001f74       $pdata$fegetenv            0000000180139f74     libucrt:fegetenv.obj
 0004:00001f80       $pdata$fesetenv            0000000180139f80     libucrt:fesetenv.obj
 0004:00001f8c       $pdata$feholdexcept        0000000180139f8c     libucrt:feholdexcept.obj
 0004:00001fa4       $pdata$??$common_lseek@_J@@YA_JH_JH@Z 0000000180139fa4     libucrt:lseek.obj
 0004:00001fb0       $pdata$??$common_lseek_nolock@_J@@YA_JH_JH@Z 0000000180139fb0     libucrt:lseek.obj
 0004:00001fbc       $pdata$__acrt_stdio_allocate_buffer_nolock 0000000180139fbc     libucrt:_getbuf.obj
 0004:00001fc8       $pdata$_fclose_nolock      0000000180139fc8     libucrt:fclose.obj
 0004:00001fd4       $pdata$fclose              0000000180139fd4     libucrt:fclose.obj
 0004:00001fe0       $pdata$_wcsnicmp           0000000180139fe0     libucrt:wcsnicmp.obj
 0004:00001fec       $pdata$_wcsnicmp_l         0000000180139fec     libucrt:wcsnicmp.obj
 0004:00001ff8       $pdata$_putwch_nolock      0000000180139ff8     libucrt:putwch.obj
 0004:00002004       $pdata$?__c16rtomb_utf8@__crt_mbstring@@YA_KPEAD_SPEAU_Mbstatet@@@Z 000000018013a004     libucrt:c16rtomb.obj
 0004:00002010       $pdata$__acrt_LCMapStringW 000000018013a010     libucrt:lcmapstringw.obj
 0004:0000201c       $pdata$_clearfp            000000018013a01c     libucrt:ieee.obj
 0004:00002028       $pdata$_log10_special      000000018013a028     libucrt:log_special.obj
 0004:00002034       $pdata$_log_special_common 000000018013a034     libucrt:log_special.obj
 0004:00002040       $pdata$??$?RV<lambda_751a882b2c74d4b022dec766aa51a29a>@@AEAV<lambda_628dfdc04ba53c8bfc02c9951375f3f5>@@V<lambda_f6c7be5f7998530c34de24c7437d6b54>@@@?$__crt_seh_guarded_call@H@@QEAAH$$QEAV<lambda_751a882b2c74d4b022dec766aa51a29a>@@AEAV<lambda_628dfdc04ba53c8bfc02c9951375f3f5>@@$$QEAV<lambda_f6c7be5f7998530c34de24c7437d6b54>@@@Z 000000018013a040     libucrt:close.obj
 0004:0000204c       $pdata$_close              000000018013a04c     libucrt:close.obj
 0004:00002058       $pdata$_close_nolock       000000018013a058     libucrt:close.obj
 0004:00002064       $pdata$__dcrt_lowio_ensure_console_output_initialized 000000018013a064     libucrt:initcon.obj
 0004:00002070       $pdata$__dcrt_terminate_console_output 000000018013a070     libucrt:initcon.obj
 0004:0000207c       $pdata$__dcrt_write_console 000000018013a07c     libucrt:initcon.obj
 0004:00002088       $pdata$?DloadAcquireSectionWriteAccess@@YAXXZ 000000018013a088     DelayImp:delayhlp.obj
 0004:00002094       $pdata$?DloadGetSRWLockFunctionPointers@@YAEXZ 000000018013a094     DelayImp:delayhlp.obj
 0004:000020a0       $pdata$?DloadMakePermanentImageCommit@@YAXPEAX_K@Z 000000018013a0a0     DelayImp:delayhlp.obj
 0004:000020ac       $pdata$?DloadObtainSection@@YAPEAXPEAK0@Z 000000018013a0ac     DelayImp:delayhlp.obj
 0004:000020b8       $pdata$?DloadProtectSection@@YAXKPEAK@Z 000000018013a0b8     DelayImp:delayhlp.obj
 0004:000020c4       $pdata$?DloadReleaseSectionWriteAccess@@YAXXZ 000000018013a0c4     DelayImp:delayhlp.obj
 0004:000020d0       $pdata$__delayLoadHelper2  000000018013a0d0     DelayImp:delayhlp.obj
 0004:000020dc       $pdata$_IsNonwritableInCurrentImage 000000018013a0dc     LIBCMT:pesect.obj
 0004:000020e8       $pdata$strrchr             000000018013a0e8     libvcruntime:strrchr.obj
 0004:000020f4       $pdata$wcschr              000000018013a0f4     libvcruntime:wcschr.obj
 0004:0000210c       $pdata$__scrt_is_nonwritable_in_current_image$filt$0 000000018013a10c     LIBCMT:utility.obj
 0004:00002118       $pdata$?fin$0@?0??dllmain_crt_process_attach@@YAHQEAUHINSTANCE__@@QEAX@Z@4HA 000000018013a118     LIBCMT:dll_dllmain.obj
 0004:00002124       $pdata$?fin$0@?0??dllmain_crt_process_detach@@YAH_N@Z@4HA 000000018013a124     LIBCMT:dll_dllmain.obj
 0004:00002130       $pdata$?filt$0@?0??dllmain_dispatch@@YAHQEAUHINSTANCE__@@KQEAX@Z@4HA 000000018013a130     LIBCMT:dll_dllmain.obj
 0004:0000213c       $pdata$?filt$0@?0???$_CallSETranslator@V__FrameHandler3@@@@YAHPEAUEHExceptionRecord@@PEA_KPEAU_CONTEXT@@PEAU_xDISPATCHER_CONTEXT@@PEBU_s_FuncInfo@@K1@Z@4HA 000000018013a13c     libvcruntime:risctrnsctrl.obj
 0004:00002148       $pdata$__DestructExceptionObject$filt$0 000000018013a148     libvcruntime:ehhelpers.obj
 0004:00002154       $pdata$?filt$0@?0??CxxCallCatchBlock@__FrameHandler3@@SAPEAXPEAU_EXCEPTION_RECORD@@@Z@4HA 000000018013a154     libvcruntime:frame.obj
 0004:00002160       $pdata$?fin$1@?0??CxxCallCatchBlock@__FrameHandler3@@SAPEAXPEAU_EXCEPTION_RECORD@@@Z@4HA 000000018013a160     libvcruntime:frame.obj
 0004:0000216c       $pdata$?filt$0@?0??FrameUnwindToState@__FrameHandler3@@SAXPEA_KPEAU_xDISPATCHER_CONTEXT@@PEBU_s_FuncInfo@@H@Z@4HA 000000018013a16c     libvcruntime:frame.obj
 0004:00002178       $pdata$?fin$1@?0??FrameUnwindToState@__FrameHandler3@@SAXPEA_KPEAU_xDISPATCHER_CONTEXT@@PEBU_s_FuncInfo@@H@Z@4HA 000000018013a178     libvcruntime:frame.obj
 0004:00002184       $pdata$?fin$0@?0???$?RV<lambda_0d412022a4b28cc8a401ea49574e8ae6>@@AEAV<lambda_a775ed57af18ba8e4d5dc780aa9068fe>@@V<lambda_975a71a6baa488a08f4e15f6b0339b9e>@@@?$__crt_seh_guarded_call@H@@QEAAH$$QEAV<lambda_0d412022a4b28cc8a401ea49574e8ae6>@@AEAV<lambda_a775ed57af18ba8e4d5dc780aa9068fe>@@$$QEAV<lambda_975a71a6baa488a08f4e15f6b0339b9e>@@@Z@4HA 000000018013a184     libucrt:output.obj
 0004:00002184       $pdata$?fin$0@?0???$?RV<lambda_842d9ff0dc9ef11c61343bbaebe7f885>@@AEAV<lambda_c5860995281e5c4ce005b3de8f5874ee>@@V<lambda_d90129c13df834fdcbf8d2b88dafcf2d>@@@?$__crt_seh_guarded_call@X@@QEAAX$$QEAV<lambda_842d9ff0dc9ef11c61343bbaebe7f885>@@AEAV<lambda_c5860995281e5c4ce005b3de8f5874ee>@@$$QEAV<lambda_d90129c13df834fdcbf8d2b88dafcf2d>@@@Z@4HA 000000018013a184     libucrt:fflush.obj
 0004:00002184       $pdata$?fin$0@?0???$?RV<lambda_84ec643ea9557e2f7dc01bb0e9624395>@@AEAV<lambda_ca71763b3c0644891230e4f79ea54fa6>@@V<lambda_439a761618c59b0600e24586724d733b>@@@?$__crt_seh_guarded_call@H@@QEAAH$$QEAV<lambda_84ec643ea9557e2f7dc01bb0e9624395>@@AEAV<lambda_ca71763b3c0644891230e4f79ea54fa6>@@$$QEAV<lambda_439a761618c59b0600e24586724d733b>@@@Z@4HA 000000018013a184     libucrt:setvbuf.obj
 0004:00002184       $pdata$?fin$0@?0???$?RV<lambda_c376a267cfb53b6959b3b692ec76b120>@@AEAV<lambda_9a32fed5bf61b6b509b2d3f6003082a1>@@V<lambda_572fbb9fa0ab338edf41edfd4b5fcc8d>@@@?$__crt_seh_guarded_call@H@@QEAAH$$QEAV<lambda_c376a267cfb53b6959b3b692ec76b120>@@AEAV<lambda_9a32fed5bf61b6b509b2d3f6003082a1>@@$$QEAV<lambda_572fbb9fa0ab338edf41edfd4b5fcc8d>@@@Z@4HA 000000018013a184     libucrt:fflush.obj
 0004:00002190       $pdata$?fin$0@?0???$?RV<lambda_7777bce6b2f8c936911f934f8298dc43>@@AEAV<lambda_f03950bc5685219e0bcd2087efbe011e>@@V<lambda_3883c3dff614d5e0c5f61bb1ac94921c>@@@?$__crt_seh_guarded_call@H@@QEAAH$$QEAV<lambda_7777bce6b2f8c936911f934f8298dc43>@@AEAV<lambda_f03950bc5685219e0bcd2087efbe011e>@@$$QEAV<lambda_3883c3dff614d5e0c5f61bb1ac94921c>@@@Z@4HA 000000018013a190     libucrt:onexit.obj
 0004:00002190       $pdata$?fin$0@?0???$?RV<lambda_638799b9deba96c50f710eeac98168cd>@@AEAV<lambda_22ebabd17bc4fa466a2aca6d8deb888d>@@V<lambda_a6f7d7db0129f75315ebf26d50c089f1>@@@?$__crt_seh_guarded_call@H@@QEAAH$$QEAV<lambda_638799b9deba96c50f710eeac98168cd>@@AEAV<lambda_22ebabd17bc4fa466a2aca6d8deb888d>@@$$QEAV<lambda_a6f7d7db0129f75315ebf26d50c089f1>@@@Z@4HA 000000018013a190     libucrt:onexit.obj
 0004:00002190       $pdata$?fin$0@?0???$?RV<lambda_bd00b5aa228bd7e7e5b2b5db5fd2933b>@@AEAV<lambda_777d11615145f89ee95b9466d285deeb>@@V<lambda_6e5e48fbd24f9f8f81b203eb3d877683>@@@?$__crt_seh_guarded_call@H@@QEAAH$$QEAV<lambda_bd00b5aa228bd7e7e5b2b5db5fd2933b>@@AEAV<lambda_777d11615145f89ee95b9466d285deeb>@@$$QEAV<lambda_6e5e48fbd24f9f8f81b203eb3d877683>@@@Z@4HA 000000018013a190     libucrt:winapi_thunks.obj
 0004:00002190       $pdata$?fin$0@?0???$?RV<lambda_efdfa57d1f175319df784efa44bb7b81>@@AEAV<lambda_5f0a4c1567f8adc6734073e5d1e1b35c>@@V<lambda_2e8a7d3640ea6ccb4c2413664c2db6fd>@@@?$__crt_seh_guarded_call@X@@QEAAX$$QEAV<lambda_efdfa57d1f175319df784efa44bb7b81>@@AEAV<lambda_5f0a4c1567f8adc6734073e5d1e1b35c>@@$$QEAV<lambda_2e8a7d3640ea6ccb4c2413664c2db6fd>@@@Z@4HA 000000018013a190     libucrt:mbctype.obj
 0004:00002190       $pdata$?fin$0@?0???$?RV<lambda_450d765d439847d4c735a33c368b5fc0>@@AEAV<lambda_44731a7d0e6d81c3e6aa82d741081786>@@V<lambda_601a2a7da3b7a96e9554ac7215c4b07c>@@@?$__crt_seh_guarded_call@P6AXH@Z@@QEAAP6AXH@Z$$QEAV<lambda_450d765d439847d4c735a33c368b5fc0>@@AEAV<lambda_44731a7d0e6d81c3e6aa82d741081786>@@$$QEAV<lambda_601a2a7da3b7a96e9554ac7215c4b07c>@@@Z@4HA 000000018013a190     libucrt:signal.obj
 0004:00002190       $pdata$?fin$0@?0???$?RV<lambda_9bd929c17696992ce54f1d748594fc62>@@AEAV<lambda_082c17da81b0962e08c0587ee0fac50c>@@V<lambda_9c08ac857f4975304d44e9f601d9b878>@@@?$__crt_seh_guarded_call@PEAD@@QEAAPEAD$$QEAV<lambda_9bd929c17696992ce54f1d748594fc62>@@AEAV<lambda_082c17da81b0962e08c0587ee0fac50c>@@$$QEAV<lambda_9c08ac857f4975304d44e9f601d9b878>@@@Z@4HA 000000018013a190     libucrt:setlocale.obj
 0004:00002190       $pdata$?fin$0@?0???$?RV<lambda_1d892b297fdedeee07ed8124eeb2f2fa>@@AEAV<lambda_ffc046909424fd52df0ac47e64813305>@@V<lambda_01a7098693036236037e7cdb9bca3d73>@@@?$__crt_seh_guarded_call@X@@QEAAX$$QEAV<lambda_1d892b297fdedeee07ed8124eeb2f2fa>@@AEAV<lambda_ffc046909424fd52df0ac47e64813305>@@$$QEAV<lambda_01a7098693036236037e7cdb9bca3d73>@@@Z@4HA 000000018013a190     libucrt:wsetlocale.obj
 0004:00002190       $pdata$?fin$0@?0???$?RV<lambda_0ae27a3a962d80f24befdcbee591983d>@@AEAV<lambda_8d0ee55de4b1038c4002e0adecdf1839>@@V<lambda_dc504788e8f1664fe9b84e20bfb512f2>@@@?$__crt_seh_guarded_call@X@@QEAAX$$QEAV<lambda_0ae27a3a962d80f24befdcbee591983d>@@AEAV<lambda_8d0ee55de4b1038c4002e0adecdf1839>@@$$QEAV<lambda_dc504788e8f1664fe9b84e20bfb512f2>@@@Z@4HA 000000018013a190     libucrt:per_thread_data.obj
 0004:00002190       $pdata$?fin$0@?0???$?RV<lambda_aa87e3671a710a21b5dc78c0bdf72e11>@@AEAV<lambda_92619d2358a28f41a33ba319515a20b9>@@V<lambda_6992ecaafeb10aed2b74cb1fae11a551>@@@?$__crt_seh_guarded_call@X@@QEAAX$$QEAV<lambda_aa87e3671a710a21b5dc78c0bdf72e11>@@AEAV<lambda_92619d2358a28f41a33ba319515a20b9>@@$$QEAV<lambda_6992ecaafeb10aed2b74cb1fae11a551>@@@Z@4HA 000000018013a190     libucrt:per_thread_data.obj
 0004:00002190       $pdata$?fin$0@?0???$?RV<lambda_f2e299630e499de9f9a165e60fcd3db5>@@AEAV<lambda_2ae9d31cdba2644fcbeaf08da7c24588>@@V<lambda_40d01ff24d0e7b3814fdbdcee8eab3c7>@@@?$__crt_seh_guarded_call@X@@QEAAX$$QEAV<lambda_f2e299630e499de9f9a165e60fcd3db5>@@AEAV<lambda_2ae9d31cdba2644fcbeaf08da7c24588>@@$$QEAV<lambda_40d01ff24d0e7b3814fdbdcee8eab3c7>@@@Z@4HA 000000018013a190     libucrt:per_thread_data.obj
 0004:00002190       $pdata$?fin$0@?0???$?RV<lambda_2d41944a1d46af3157314b8a01080d33>@@AEAV<lambda_8f455de75cd7d7f24b4096f044d8b9e6>@@V<lambda_aa500f224e6afead328df44964fe2772>@@@?$__crt_seh_guarded_call@X@@QEAAX$$QEAV<lambda_2d41944a1d46af3157314b8a01080d33>@@AEAV<lambda_8f455de75cd7d7f24b4096f044d8b9e6>@@$$QEAV<lambda_aa500f224e6afead328df44964fe2772>@@@Z@4HA 000000018013a190     libucrt:per_thread_data.obj
 0004:00002190       $pdata$?fin$0@?0???$?RV<lambda_d80eeec6fff315bfe5c115232f3240e3>@@AEAV<lambda_6e4b09c48022b2350581041d5f6b0c4c>@@V<lambda_2358e3775559c9db80273638284d5e45>@@@?$__crt_seh_guarded_call@X@@QEAAX$$QEAV<lambda_d80eeec6fff315bfe5c115232f3240e3>@@AEAV<lambda_6e4b09c48022b2350581041d5f6b0c4c>@@$$QEAV<lambda_2358e3775559c9db80273638284d5e45>@@@Z@4HA 000000018013a190     libucrt:exit.obj
 0004:0000219c       $pdata$_query_new_handler$fin$0 000000018013a19c     libucrt:new_handler.obj
 0004:000021a8       $pdata$?filt$0@?0???R<lambda_6e4b09c48022b2350581041d5f6b0c4c>@@QEBA@XZ@4HA 000000018013a1a8     libucrt:exit.obj
 0004:000021b4       $pdata$raise$fin$0         000000018013a1b4     libucrt:signal.obj
 0004:000021c0       $pdata$?fin$0@?0???$?RV<lambda_410d79af7f07d98d83a3f525b3859a53>@@AEAV<lambda_3e16ef9562a7dcce91392c22ab16ea36>@@V<lambda_38119f0e861e05405d8a144b9b982f0a>@@@?$__crt_seh_guarded_call@X@@QEAAX$$QEAV<lambda_410d79af7f07d98d83a3f525b3859a53>@@AEAV<lambda_3e16ef9562a7dcce91392c22ab16ea36>@@$$QEAV<lambda_38119f0e861e05405d8a144b9b982f0a>@@@Z@4HA 000000018013a1c0     libucrt:wsetlocale.obj
 0004:000021cc       $pdata$?fin$0@?0???$?RV<lambda_7f2adfce497ff2baa965cd4f576ecfd1>@@AEAV<lambda_2a444430fde8c29194d880d93eed5e8f>@@AEAV<lambda_8dff2cf36a5417162780cd64fa2883ef>@@@?$__crt_seh_guarded_call@X@@QEAAX$$QEAV<lambda_7f2adfce497ff2baa965cd4f576ecfd1>@@AEAV<lambda_2a444430fde8c29194d880d93eed5e8f>@@AEAV<lambda_8dff2cf36a5417162780cd64fa2883ef>@@@Z@4HA 000000018013a1cc     libucrt:wsetlocale.obj
 0004:000021d8       $pdata$__acrt_lowio_ensure_fh_exists$fin$0 000000018013a1d8     libucrt:osfinfo.obj
 0004:000021d8       $pdata$__acrt_initialize_lowio$fin$0 000000018013a1d8     libucrt:ioinit.obj
 0004:000021e4       $pdata$_ctrlfp$filt$0      000000018013a1e4     libucrt:fpctrl.obj
 0004:000021f0       $pdata$?fin$0@?0???$?RV<lambda_886d6c58226a84441f68b9f2b8217b83>@@AEAV<lambda_ab61a845afdef5b7c387490eaf3616ee>@@V<lambda_f7f22ab5edc0698d5f6905b0d3f44752>@@@?$__crt_seh_guarded_call@X@@QEAAX$$QEAV<lambda_886d6c58226a84441f68b9f2b8217b83>@@AEAV<lambda_ab61a845afdef5b7c387490eaf3616ee>@@$$QEAV<lambda_f7f22ab5edc0698d5f6905b0d3f44752>@@@Z@4HA 000000018013a1f0     libucrt:fflush.obj
 0004:000021fc       $pdata$?fin$0@?0??update_thread_multibyte_data_internal@@YAPEAU__crt_multibyte_data@@QEAU__acrt_ptd@@QEAPEAU1@@Z@4HA 000000018013a1fc     libucrt:mbctype.obj
 0004:00002208       $pdata$__acrt_update_thread_locale_data$fin$0 000000018013a208     libucrt:locale_refcounting.obj
 0004:00002214       $pdata$_fcloseall$fin$0    000000018013a214     libucrt:closeall.obj
 0004:00002220       $pdata$?fin$0@?0???$?RV<lambda_751a882b2c74d4b022dec766aa51a29a>@@AEAV<lambda_628dfdc04ba53c8bfc02c9951375f3f5>@@V<lambda_f6c7be5f7998530c34de24c7437d6b54>@@@?$__crt_seh_guarded_call@H@@QEAAH$$QEAV<lambda_751a882b2c74d4b022dec766aa51a29a>@@AEAV<lambda_628dfdc04ba53c8bfc02c9951375f3f5>@@$$QEAV<lambda_f6c7be5f7998530c34de24c7437d6b54>@@@Z@4HA 000000018013a220     libucrt:close.obj
 0004:00002220       $pdata$?fin$0@?0???$?RV<lambda_a37b2b86f63e897a80ea819b0eb08c01>@@AEAV<lambda_38ce7e780aa69e748d6df282ebc68efe>@@V<lambda_99fb1378e971ab6e7edea83e3a7a83a2>@@@?$__crt_seh_guarded_call@H@@QEAAH$$QEAV<lambda_a37b2b86f63e897a80ea819b0eb08c01>@@AEAV<lambda_38ce7e780aa69e748d6df282ebc68efe>@@$$QEAV<lambda_99fb1378e971ab6e7edea83e3a7a83a2>@@@Z@4HA 000000018013a220     libucrt:commit.obj
 0004:0000222c       $pdata$?fin$0@?0???$common_lseek@_J@@YA_JH_JH@Z@4HA 000000018013a22c     libucrt:lseek.obj
 0004:0000222c       $pdata$_write$fin$0        000000018013a22c     libucrt:write.obj
 0004:00002238       $pdata$fclose$fin$0        000000018013a238     libucrt:fclose.obj
 0004:00002244       $pdata$_IsNonwritableInCurrentImage$filt$0 000000018013a244     LIBCMT:pesect.obj
 0004:00002250       $pdata$??__Farr2@@YAXXZ    000000018013a250     plagiarismAlgorithm.obj
 0004:0000225c       $pdata$??__Ftext2@@YAXXZ   000000018013a25c     plagiarismAlgorithm.obj
 0004:00002268       $pdata$??__Fclassic_locale@std@@YAXXZ 000000018013a268     libcpmt:locale0.obj
 0004:00002274       $pdata$??__Finit_atexit@@YAXXZ 000000018013a274     libcpmt:iosptrs.obj
 0005:00000060       $R000000                   000000018013b060     * linker generated manifest res *

 Exports

  ordinal    name

        1    _register_plagiarism_
